../X-CUBE-AI/App/network.c:472:6:_stai_network_check	24	static
../X-CUBE-AI/App/network.c:504:18:stai_network_init	24	static
../X-CUBE-AI/App/network.c:546:18:stai_network_deinit	24	static
../X-CUBE-AI/App/network.c:1401:6:forward_lite_nl_0_nl	48	static
../X-CUBE-AI/App/network.c:1411:6:forward_lite_pool_13	48	static
../X-CUBE-AI/App/network.c:1421:6:forward_lite_transpose_6	48	static
../X-CUBE-AI/App/network.c:1431:6:forward_lite_concat_14	56	static
../X-CUBE-AI/App/network.c:1443:6:forward_lite_nl_15	48	static
../X-CUBE-AI/App/network.c:1453:6:forward_lite_transpose_21	48	static
../X-CUBE-AI/App/network.c:1463:6:forward_lite_eltwise_28	56	static
../X-CUBE-AI/App/network.c:1475:6:forward_lite_nl_28_nl	48	static
../X-CUBE-AI/App/network.c:1485:6:forward_lite_pool_41	48	static
../X-CUBE-AI/App/network.c:1495:6:forward_lite_transpose_34	48	static
../X-CUBE-AI/App/network.c:1505:6:forward_lite_concat_42	56	static
../X-CUBE-AI/App/network.c:1517:6:forward_lite_nl_43	48	static
../X-CUBE-AI/App/network.c:1527:6:forward_lite_transpose_49	48	static
../X-CUBE-AI/App/network.c:1537:6:forward_lite_eltwise_56	56	static
../X-CUBE-AI/App/network.c:1549:6:forward_lite_pool_58	48	static
../X-CUBE-AI/App/network.c:1559:6:forward_lite_gemm_59	48	static
../X-CUBE-AI/App/network.c:1801:18:stai_network_run	1072	static
../X-CUBE-AI/App/network.c:2193:11:stai_network_get_context_size	4	static
../X-CUBE-AI/App/network.c:2200:18:stai_network_get_info	24	static
../X-CUBE-AI/App/network.c:2216:18:stai_network_get_activations	32	static
../X-CUBE-AI/App/network.c:2231:18:stai_network_get_weights	32	static
../X-CUBE-AI/App/network.c:2245:18:stai_network_get_inputs	32	static
../X-CUBE-AI/App/network.c:2259:18:stai_network_get_outputs	32	static
../X-CUBE-AI/App/network.c:2273:18:stai_network_get_error	24	static
../X-CUBE-AI/App/network.c:2284:18:stai_network_get_states	32	static
../X-CUBE-AI/App/network.c:2301:18:stai_network_set_activations	40	static
../X-CUBE-AI/App/network.c:2331:18:stai_network_set_weights	152	static
../X-CUBE-AI/App/network.c:2355:18:stai_network_set_inputs	40	static
../X-CUBE-AI/App/network.c:2382:18:stai_network_set_outputs	40	static
../X-CUBE-AI/App/network.c:2409:18:stai_network_set_states	32	static
../X-CUBE-AI/App/network.c:2423:18:stai_network_set_callback	32	static
