../X-CUBE-AI/App/aiTestUtility.h:152:20:_mon_alloc_reset	8	static
../X-CUBE-AI/App/aiValidation_ST_AI.c:132:15:_get_tensor_size	8	static
../X-CUBE-AI/App/aiValidation_ST_AI.c:204:13:fill_tensor_desc_msg	24	static
../X-CUBE-AI/App/aiValidation_ST_AI.c:240:13:encode_ai_buffer_to_tensor_desc	32	static
../X-CUBE-AI/App/aiTestUtility.h:374:26:cyclesCounterEnd	16	static
../X-CUBE-AI/App/aiTestUtility.h:357:22:cyclesCounterStart	8	static
../X-CUBE-AI/App/aiValidation_ST_AI.c:783:6:aiPbCmdSysInfo	48	static
../X-CUBE-AI/App/aiValidation_ST_AI.c:597:36:aiExecCtx	24	static
../X-CUBE-AI/App/aiValidation_ST_AI.c:815:6:aiPbCmdNNInfo	168	static
../X-CUBE-AI/App/aiValidation_ST_AI.c:148:15:_get_tensor_element_size	0	static
../X-CUBE-AI/App/aiValidation_ST_AI.c:157:15:_get_tensor_size_bytes	8	static
../X-CUBE-AI/App/aiValidation_ST_AI.c:409:13:_send_ai_io_tensor.constprop.isra	80	static
../X-CUBE-AI/App/aiValidation_ST_AI.c:462:6:_print_debug	20	static
../X-CUBE-AI/App/aiValidation_ST_AI.c:494:6:_stai_event_cb	96	static
../X-CUBE-AI/App/aiValidation_ST_AI.c:580:10:adjustInferenceTime	24	static
../X-CUBE-AI/App/aiValidation_ST_AI.c:864:6:aiPbCmdNNRun	104	static,ignoring_inline_asm
../X-CUBE-AI/App/aiValidation_ST_AI.c:1027:5:aiValidationInit	32	static
../X-CUBE-AI/App/aiValidation_ST_AI.c:1040:5:aiValidationProcess	40	static
../X-CUBE-AI/App/aiValidation_ST_AI.c:1078:6:aiValidationDeInit	8	static
