../X-CUBE-AI/App/network.c:664:6:_stai_network_check	24	static
../X-CUBE-AI/App/network.c:696:18:stai_network_init	24	static
../X-CUBE-AI/App/network.c:738:18:stai_network_deinit	24	static
../X-CUBE-AI/App/network.c:1662:6:forward_lite_pool_2	48	static
../X-CUBE-AI/App/network.c:1672:6:forward_lite_nl_9	48	static
../X-CUBE-AI/App/network.c:1682:6:forward_lite_eltwise_10	56	static
../X-CUBE-AI/App/network.c:1694:6:forward_lite_pool_14	48	static
../X-CUBE-AI/App/network.c:1704:6:forward_lite_nl_21	48	static
../X-CUBE-AI/App/network.c:1714:6:forward_lite_eltwise_22	56	static
../X-CUBE-AI/App/network.c:1726:6:forward_lite_pool_26	48	static
../X-CUBE-AI/App/network.c:1736:6:forward_lite_nl_33	48	static
../X-CUBE-AI/App/network.c:1746:6:forward_lite_eltwise_34	56	static
../X-CUBE-AI/App/network.c:1758:6:forward_lite_pool_38	48	static
../X-CUBE-AI/App/network.c:1768:6:forward_lite_nl_45	48	static
../X-CUBE-AI/App/network.c:1778:6:forward_lite_eltwise_46	56	static
../X-CUBE-AI/App/network.c:1790:6:forward_lite_pool_50	48	static
../X-CUBE-AI/App/network.c:1800:6:forward_lite_nl_57	48	static
../X-CUBE-AI/App/network.c:1810:6:forward_lite_eltwise_58	56	static
../X-CUBE-AI/App/network.c:1822:6:forward_lite_pool_61	48	static
../X-CUBE-AI/App/network.c:1832:6:forward_lite_gemm_62	48	static
../X-CUBE-AI/App/network.c:2235:18:stai_network_run	1656	static
../X-CUBE-AI/App/network.c:2801:11:stai_network_get_context_size	4	static
../X-CUBE-AI/App/network.c:2808:18:stai_network_get_info	24	static
../X-CUBE-AI/App/network.c:2824:18:stai_network_get_activations	32	static
../X-CUBE-AI/App/network.c:2839:18:stai_network_get_weights	32	static
../X-CUBE-AI/App/network.c:2853:18:stai_network_get_inputs	32	static
../X-CUBE-AI/App/network.c:2867:18:stai_network_get_outputs	32	static
../X-CUBE-AI/App/network.c:2881:18:stai_network_get_error	24	static
../X-CUBE-AI/App/network.c:2892:18:stai_network_get_states	32	static
../X-CUBE-AI/App/network.c:2909:18:stai_network_set_activations	40	static
../X-CUBE-AI/App/network.c:2939:18:stai_network_set_weights	248	static
../X-CUBE-AI/App/network.c:2963:18:stai_network_set_inputs	40	static
../X-CUBE-AI/App/network.c:2990:18:stai_network_set_outputs	40	static
../X-CUBE-AI/App/network.c:3017:18:stai_network_set_states	32	static
../X-CUBE-AI/App/network.c:3031:18:stai_network_set_callback	32	static
