../X-CUBE-AI/App/aiTestUtility.c:444:13:_put_c_buffer_cb	0	static
../X-CUBE-AI/App/aiTestUtility.c:415:13:_put_c_driver	16	static
../X-CUBE-AI/App/aiTestUtility.c:145:6:ioRawGetUint8	8	static
../X-CUBE-AI/App/aiTestUtility.c:257:6:ioRawWriteBuffer	8	static
../X-CUBE-AI/App/aiTestUtility.c:262:6:ioRawReadBuffer	8	static
../X-CUBE-AI/App/aiTestUtility.c:267:6:ioRawDisableLLWrite	0	static
../X-CUBE-AI/App/aiTestUtility.c:280:5:_write	8	static
../X-CUBE-AI/App/aiTestUtility.c:378:7:uint64ToDecimal	8	static
../X-CUBE-AI/App/aiTestUtility.c:391:6:uint32_to_str	16	static
../X-CUBE-AI/App/aiTestUtility.c:430:6:lc_print	16	static
../X-CUBE-AI/App/aiTestUtility.c:454:8:lc_vsnprint	24	static
../X-CUBE-AI/App/aiTestUtility.c:478:7:__wrap_malloc	16	static
../X-CUBE-AI/App/aiTestUtility.c:518:6:__wrap_free	8	static
../X-CUBE-AI/App/aiTestUtility.c:573:6:stackMonInit	16	static
../X-CUBE-AI/App/aiTestUtility.c:619:5:dwtCyclesToTime	48	static
../X-CUBE-AI/App/aiTestUtility.c:636:7:dwtCyclesToFloatMs	24	static
../X-CUBE-AI/App/aiTestUtility.c:821:10:getFlashCacheConf	8	static
../X-CUBE-AI/App/aiTestUtility.c:764:6:getSysConf.part.0	8	static
../X-CUBE-AI/App/aiTestUtility.c:764:6:getSysConf	0	static
../X-CUBE-AI/App/aiTestUtility.c:959:6:systemSettingLog	48	static
