../X-CUBE-AI/App/app_x-cube-ai.c:84:6:STM32CubeAI_Studio_AI_Init	8	static
../X-CUBE-AI/App/app_x-cube-ai.c:94:6:STM32CubeAI_Studio_AI_Process	8	static
../X-CUBE-AI/App/app_x-cube-ai.c:99:6:STM32CubeAI_Studio_AI_Deinit	4	static
../X-CUBE-AI/App/app_x-cube-ai.c:156:16:_stai_mnetwork_is_valid	24	static
../X-CUBE-AI/App/app_x-cube-ai.c:165:33:_stai_mnetwork_handle	24	static
../X-CUBE-AI/App/app_x-cube-ai.c:176:13:_stai_mnetwork_release_handle	24	static
../X-CUBE-AI/App/app_x-cube-ai.c:187:13:stai_mnetwork_find	24	static
../X-CUBE-AI/App/app_x-cube-ai.c:204:18:stai_mnetwork_init	40	static
../X-CUBE-AI/App/app_x-cube-ai.c:243:18:stai_mnetwork_set_activations	24	static
../X-CUBE-AI/App/app_x-cube-ai.c:256:18:stai_mnetwork_set_states	24	static
../X-CUBE-AI/App/app_x-cube-ai.c:270:18:stai_mnetwork_set_weights	32	static
../X-CUBE-AI/App/app_x-cube-ai.c:285:18:stai_mnetwork_set_inputs	24	static
../X-CUBE-AI/App/app_x-cube-ai.c:298:18:stai_mnetwork_set_outputs	24	static
../X-CUBE-AI/App/app_x-cube-ai.c:311:18:stai_mnetwork_set_callback	32	static
../X-CUBE-AI/App/app_x-cube-ai.c:324:29:stai_mnetwork_get_details	24	static
../X-CUBE-AI/App/app_x-cube-ai.c:336:18:stai_mnetwork_get_activations	32	static
../X-CUBE-AI/App/app_x-cube-ai.c:350:18:stai_mnetwork_get_states	32	static
../X-CUBE-AI/App/app_x-cube-ai.c:364:18:stai_mnetwork_get_weights	32	static
../X-CUBE-AI/App/app_x-cube-ai.c:378:11:stai_mnetwork_get_weights_ext	24	static
../X-CUBE-AI/App/app_x-cube-ai.c:390:18:stai_mnetwork_get_inputs	32	static
../X-CUBE-AI/App/app_x-cube-ai.c:404:18:stai_mnetwork_get_outputs	32	static
../X-CUBE-AI/App/app_x-cube-ai.c:419:18:stai_mnetwork_deinit	24	static
../X-CUBE-AI/App/app_x-cube-ai.c:435:18:stai_mnetwork_get_info	24	static
../X-CUBE-AI/App/app_x-cube-ai.c:448:18:stai_mnetwork_get_error	24	static
../X-CUBE-AI/App/app_x-cube-ai.c:461:18:stai_mnetwork_run	24	static
