Archive member included to satisfy reference by file (symbol)

/home/docker/STM32Cube/Repository/Packs/STMicroelectronics/X-CUBE-AI/3.0.0/Middlewares/ST/AI/Lib/GCC/ARMCortexM4/NetworkRuntime1100_CM4_GCC.a(layers_conv2d_stm32_integer.o)
                              network.o (forward_dense_integer_SSSA_ch)
/home/docker/STM32Cube/Repository/Packs/STMicroelectronics/X-CUBE-AI/3.0.0/Middlewares/ST/AI/Lib/GCC/ARMCortexM4/NetworkRuntime1100_CM4_GCC.a(layers_pool_stm32_integer.o)
                              network.o (forward_ap_integer_INT8)
/home/docker/STM32Cube/Repository/Packs/STMicroelectronics/X-CUBE-AI/3.0.0/Middlewares/ST/AI/Lib/GCC/ARMCortexM4/NetworkRuntime1100_CM4_GCC.a(layers_stm32_integer.o)
                              network.o (forward_eltwise_integer_INT8)
/home/docker/STM32Cube/Repository/Packs/STMicroelectronics/X-CUBE-AI/3.0.0/Middlewares/ST/AI/Lib/GCC/ARMCortexM4/NetworkRuntime1100_CM4_GCC.a(forward_lite_dense_is8os8ws8_ch.o)
                              /home/docker/STM32Cube/Repository/Packs/STMicroelectronics/X-CUBE-AI/3.0.0/Middlewares/ST/AI/Lib/GCC/ARMCortexM4/NetworkRuntime1100_CM4_GCC.a(layers_conv2d_stm32_integer.o) (forward_lite_dense_is8os8ws8_ch)
/home/docker/STM32Cube/Repository/Packs/STMicroelectronics/X-CUBE-AI/3.0.0/Middlewares/ST/AI/Lib/GCC/ARMCortexM4/NetworkRuntime1100_CM4_GCC.a(forward_lite_dense_is8os8ws8.o)
                              /home/docker/STM32Cube/Repository/Packs/STMicroelectronics/X-CUBE-AI/3.0.0/Middlewares/ST/AI/Lib/GCC/ARMCortexM4/NetworkRuntime1100_CM4_GCC.a(layers_conv2d_stm32_integer.o) (forward_lite_dense_is8os8ws8)
/home/docker/STM32Cube/Repository/Packs/STMicroelectronics/X-CUBE-AI/3.0.0/Middlewares/ST/AI/Lib/GCC/ARMCortexM4/NetworkRuntime1100_CM4_GCC.a(forward_lite_maxpool_is8os8_scalepos.o)
                              /home/docker/STM32Cube/Repository/Packs/STMicroelectronics/X-CUBE-AI/3.0.0/Middlewares/ST/AI/Lib/GCC/ARMCortexM4/NetworkRuntime1100_CM4_GCC.a(layers_pool_stm32_integer.o) (forward_lite_maxpool_is8os8_scalepos)
/home/docker/STM32Cube/Repository/Packs/STMicroelectronics/X-CUBE-AI/3.0.0/Middlewares/ST/AI/Lib/GCC/ARMCortexM4/NetworkRuntime1100_CM4_GCC.a(forward_lite_avepool_is8os8.o)
                              /home/docker/STM32Cube/Repository/Packs/STMicroelectronics/X-CUBE-AI/3.0.0/Middlewares/ST/AI/Lib/GCC/ARMCortexM4/NetworkRuntime1100_CM4_GCC.a(layers_pool_stm32_integer.o) (forward_lite_avepool_is8os8)
/home/docker/STM32Cube/Repository/Packs/STMicroelectronics/X-CUBE-AI/3.0.0/Middlewares/ST/AI/Lib/GCC/ARMCortexM4/NetworkRuntime1100_CM4_GCC.a(forward_lite_pw_sssa8_ch.o)
                              network.o (forward_lite_pw_sssa8_ch)
/home/docker/STM32Cube/Repository/Packs/STMicroelectronics/X-CUBE-AI/3.0.0/Middlewares/ST/AI/Lib/GCC/ARMCortexM4/NetworkRuntime1100_CM4_GCC.a(forward_lite_conv2d_sssa8_ch.o)
                              network.o (forward_lite_conv2d_deep_3x3_sssa8_ch)
/home/docker/STM32Cube/Repository/Packs/STMicroelectronics/X-CUBE-AI/3.0.0/Middlewares/ST/AI/Lib/GCC/ARMCortexM4/NetworkRuntime1100_CM4_GCC.a(forward_lite_maxpool_is16os16.o)
                              /home/docker/STM32Cube/Repository/Packs/STMicroelectronics/X-CUBE-AI/3.0.0/Middlewares/ST/AI/Lib/GCC/ARMCortexM4/NetworkRuntime1100_CM4_GCC.a(layers_pool_stm32_integer.o) (forward_lite_maxpool_is16os16_scalepos)
/home/docker/STM32Cube/Repository/Packs/STMicroelectronics/X-CUBE-AI/3.0.0/Middlewares/ST/AI/Lib/GCC/ARMCortexM4/NetworkRuntime1100_CM4_GCC.a(forward_lite_maxpool_is8os8.o)
                              /home/docker/STM32Cube/Repository/Packs/STMicroelectronics/X-CUBE-AI/3.0.0/Middlewares/ST/AI/Lib/GCC/ARMCortexM4/NetworkRuntime1100_CM4_GCC.a(layers_pool_stm32_integer.o) (forward_lite_maxpool_is8os8_scaleneg)
/home/docker/STM32Cube/Repository/Packs/STMicroelectronics/X-CUBE-AI/3.0.0/Middlewares/ST/AI/Lib/GCC/ARMCortexM4/NetworkRuntime1100_CM4_GCC.a(forward_lite_maxpool_iu16ou16.o)
                              /home/docker/STM32Cube/Repository/Packs/STMicroelectronics/X-CUBE-AI/3.0.0/Middlewares/ST/AI/Lib/GCC/ARMCortexM4/NetworkRuntime1100_CM4_GCC.a(layers_pool_stm32_integer.o) (forward_lite_maxpool_iu16ou16_scalepos)
/home/docker/STM32Cube/Repository/Packs/STMicroelectronics/X-CUBE-AI/3.0.0/Middlewares/ST/AI/Lib/GCC/ARMCortexM4/NetworkRuntime1100_CM4_GCC.a(forward_lite_maxpool_iu8ou8.o)
                              /home/docker/STM32Cube/Repository/Packs/STMicroelectronics/X-CUBE-AI/3.0.0/Middlewares/ST/AI/Lib/GCC/ARMCortexM4/NetworkRuntime1100_CM4_GCC.a(layers_pool_stm32_integer.o) (forward_lite_maxpool_iu8ou8_scalepos)
/home/docker/STM32Cube/Repository/Packs/STMicroelectronics/X-CUBE-AI/3.0.0/Middlewares/ST/AI/Lib/GCC/ARMCortexM4/NetworkRuntime1100_CM4_GCC.a(lite_nl_generic_integer.o)
                              network.o (forward_lite_nl_softmax_is8os8)
/home/docker/STM32Cube/Repository/Packs/STMicroelectronics/X-CUBE-AI/3.0.0/Middlewares/ST/AI/Lib/GCC/ARMCortexM4/NetworkRuntime1100_CM4_GCC.a(forward_lite_pad_generic.o)
[...]
Memory Configuration

Name             Origin             Length             Attributes
RAM              0x20000000         0x02000000         xrw
FLASH            0x08000000         0x02000000         xr
*default*        0x00000000         0xffffffff

Linker script and memory map

LOAD /opt/st/stm32cubeide_1.19.0.25.U3-2M-A2/plugins/com.st.stm32cube.ide.mcu.externaltools.gnu-tools-for-stm32.13.3.rel1.linux64_1.0.0.202508111337/tools/bin/../lib/gcc/arm-none-eabi/13.3.1/thumb/v7e-m+fp/hard/crti.o
LOAD /opt/st/stm32cubeide_1.19.0.25.U3-2M-A2/plugins/com.st.stm32cube.ide.mcu.externaltools.gnu-tools-for-stm32.13.3.rel1.linux64_1.0.0.202508111337/tools/bin/../lib/gcc/arm-none-eabi/13.3.1/thumb/v7e-m+fp/hard/crtbegin.o
LOAD /opt/st/stm32cubeide_1.19.0.25.U3-2M-A2/plugins/com.st.stm32cube.ide.mcu.externaltools.gnu-tools-for-stm32.13.3.rel1.linux64_1.0.0.202508111337/tools/bin/../lib/gcc/arm-none-eabi/13.3.1/../../../../arm-none-eabi/lib/thumb/v7e-m+fp/hard/crt0.o
START GROUP
LOAD /opt/st/stm32cubeide_1.19.0.25.U3-2M-A2/plugins/com.st.stm32cube.ide.mcu.externaltools.gnu-tools-for-stm32.13.3.rel1.linux64_1.0.0.202508111337/tools/bin/../lib/gcc/arm-none-eabi/13.3.1/../../../../arm-none-eabi/lib/thumb/v7e-m+fp/hard/libm.a
END GROUP
LOAD sysmem.o
LOAD startup_stm32xx.o
LOAD network.o
LOAD syscalls.o
LOAD network_data.o
LOAD stedgeai_app_main.o
LOAD /home/docker/STM32Cube/Repository/Packs/STMicroelectronics/X-CUBE-AI/3.0.0/Middlewares/ST/AI/Lib/GCC/ARMCortexM4/NetworkRuntime1100_CM4_GCC.a
START GROUP
LOAD /opt/st/stm32cubeide_1.19.0.25.U3-2M-A2/plugins/com.st.stm32cube.ide.mcu.externaltools.gnu-tools-for-stm32.13.3.rel1.linux64_1.0.0.202508111337/tools/bin/../lib/gcc/arm-none-eabi/13.3.1/thumb/v7e-m+fp/hard/libgcc.a
LOAD /opt/st/stm32cubeide_1.19.0.25.U3-2M-A2/plugins/com.st.stm32cube.ide.mcu.externaltools.gnu-tools-for-stm32.13.3.rel1.linux64_1.0.0.202508111337/tools/bin/../lib/gcc/arm-none-eabi/13.3.1/../../../../arm-none-eabi/lib/thumb/v7e-m+fp/hard/libc_nano.a
END GROUP
START GROUP
LOAD /opt/st/stm32cubeide_1.19.0.25.U3-2M-A2/plugins/com.st.stm32cube.ide.mcu.externaltools.gnu-tools-for-stm32.13.3.rel1.linux64_1.0.0.202508111337/tools/bin/../lib/gcc/arm-none-eabi/13.3.1/thumb/v7e-m+fp/hard/libgcc.a
LOAD /opt/st/stm32cubeide_1.19.0.25.U3-2M-A2/plugins/com.st.stm32cube.ide.mcu.externaltools.gnu-tools-for-stm32.13.3.rel1.linux64_1.0.0.202508111337/tools/bin/../lib/gcc/arm-none-eabi/13.3.1/../../../../arm-none-eabi/lib/thumb/v7e-m+fp/hard/libc_nano.a
END GROUP
LOAD /opt/st/stm32cubeide_1.19.0.25.U3-2M-A2/plugins/com.st.stm32cube.ide.mcu.externaltools.gnu-tools-for-stm32.13.3.rel1.linux64_1.0.0.202508111337/tools/bin/../lib/gcc/arm-none-eabi/13.3.1/thumb/v7e-m+fp/hard/crtend.o
LOAD /opt/st/stm32cubeide_1.19.0.25.U3-2M-A2/plugins/com.st.stm32cube.ide.mcu.externaltools.gnu-tools-for-stm32.13.3.rel1.linux64_1.0.0.202508111337/tools/bin/../lib/gcc/arm-none-eabi/13.3.1/thumb/v7e-m+fp/hard/crtn.o
                0x21000000                        _estack = 0x21000000
                0x00002000                        _Min_Heap_Size = 0x2000
                0x00001000                        _Min_Stack_Size = 0x1000

.isr_vector     0x08000000       0x40
                0x08000000                        . = ALIGN (0x4)
 *(.isr_vector)
 .isr_vector    0x08000000       0x40 startup_stm32xx.o
                0x08000000                g_pfnVectors
                0x08000040                        . = ALIGN (0x4)

.text           0x08010000    0x12d2c
                0x08010000                        . = ALIGN (0x4)
 *(.text)
 .text          0x08010000       0x40 /opt/st/stm32cubeide_1.19.0.25.U3-2M-A2/plugins/com.st.stm32cube.ide.mcu.externaltools.gnu-tools-for-stm32.13.3.rel1.linux64_1.0.0.202508111337/tools/bin/../lib/gcc/arm-none-eabi/13.3.1/thumb/v7e-m+fp/hard/crtbegin.o
 *(.text*)
 .text.Reset_Handler
                0x08010040       0x50 startup_stm32xx.o
                0x08010040                Reset_Handler
 .text.Default_Handler
                0x08010090        0x2 startup_stm32xx.o
                0x08010090                DebugMon_Handler
                0x08010090                HardFault_Handler
                0x08010090                SysTick_Handler
                0x08010090                PendSV_Handler
                0x08010090                NMI_Handler
                0x08010090                UsageFault_Handler
                0x08010090                Default_Handler
                0x08010090                MemManage_Handler
                0x08010090                SVC_Handler
                0x08010090                BusFault_Handler
 .text._stai_network_check
                0x08010092       0x4e network.o
 .text.stai_network_init
                0x080100e0       0x2c network.o
                0x080100e0                stai_network_init
 .text.forward_lite_eltwise_3
                0x0801010c       0x8c network.o
                0x0801010c                forward_lite_eltwise_3
 .text.forward_lite_eltwise_6
                0x08010198       0x90 network.o
                0x08010198                forward_lite_eltwise_6
 .text.forward_lite_eltwise_10
                0x08010228       0x98 network.o
                0x08010228                forward_lite_eltwise_10
 .text.forward_lite_eltwise_13
                0x080102c0       0x90 network.o
                0x080102c0                forward_lite_eltwise_13
 .text.forward_lite_eltwise_17
                0x08010350       0x94 network.o
                0x08010350                forward_lite_eltwise_17
 .text.forward_lite_eltwise_20
                0x080103e4       0x90 network.o
                0x080103e4                forward_lite_eltwise_20
 .text.forward_lite_pool_21
                0x08010474       0x74 network.o
                0x08010474                forward_lite_pool_21
 .text.forward_lite_gemm_22
                0x080104e8       0x9c network.o
                0x080104e8                forward_lite_gemm_22
 .text.stai_network_run
                0x08010584      0xe24 network.o
                0x08010584                stai_network_run
 .text.stai_network_get_activations
                0x080113a8       0x50 network.o
                0x080113a8                stai_network_get_activations
 .text.stai_network_get_inputs
                0x080113f8       0x50 network.o
                0x080113f8                stai_network_get_inputs
 .text.stai_network_get_outputs
                0x08011448       0x50 network.o
                0x08011448                stai_network_get_outputs
 .text.stai_network_set_activations
                0x08011498       0x94 network.o
                0x08011498                stai_network_set_activations
 .text.aiInit   0x0801152c       0x54 stedgeai_app_main.o
                0x0801152c                aiInit
 .text.aiRun    0x08011580        0xc stedgeai_app_main.o
                0x08011580                aiRun
 .text.main_loop
                0x0801158c        0xc stedgeai_app_main.o
                0x0801158c                main_loop
 .text.SystemInit
                0x08011598        0x2 stedgeai_app_main.o
                0x08011598                SystemInit
 .text.startup.main
                0x0801159a        0x6 stedgeai_app_main.o
                0x0801159a                main
 .text.forward_dense_integer_SSSA_ch
                0x080115a0      0x190 /home/docker/STM32Cube/Repository/Packs/STMicroelectronics/X-CUBE-AI/3.0.0/Middlewares/ST/AI/Lib/GCC/ARMCortexM4/NetworkRuntime1100_CM4_GCC.a(layers_conv2d_stm32_integer.o)
                0x080115a0                forward_dense_integer_SSSA_ch
 .text.forward_ap_integer_INT8
                0x08011730      0x1bc /home/docker/STM32Cube/Repository/Packs/STMicroelectronics/X-CUBE-AI/3.0.0/Middlewares/ST/AI/Lib/GCC/ARMCortexM4/NetworkRuntime1100_CM4_GCC.a(layers_pool_stm32_integer.o)
                0x08011730                forward_ap_integer_INT8
 .text.forward_eltwise_integer_INT8
                0x080118ec      0x39c /home/docker/STM32Cube/Repository/Packs/STMicroelectronics/X-CUBE-AI/3.0.0/Middlewares/ST/AI/Lib/GCC/ARMCortexM4/NetworkRuntime1100_CM4_GCC.a(layers_stm32_integer.o)
                0x080118ec                forward_eltwise_integer_INT8
 .text.forward_lite_dense_is8os8ws8_ch
                0x08011c88       0x7c /home/docker/STM32Cube/Repository/Packs/STMicroelectronics/X-CUBE-AI/3.0.0/Middlewares/ST/AI/Lib/GCC/ARMCortexM4/NetworkRuntime1100_CM4_GCC.a(forward_lite_dense_is8os8ws8_ch.o)
                0x08011c88                forward_lite_dense_is8os8ws8_ch
 .text.forward_lite_avepool_is8os8
                0x08011d04       0x4c /home/docker/STM32Cube/Repository/Packs/STMicroelectronics/X-CUBE-AI/3.0.0/Middlewares/ST/AI/Lib/GCC/ARMCortexM4/NetworkRuntime1100_CM4_GCC.a(forward_lite_avepool_is8os8.o)
                0x08011d04                forward_lite_avepool_is8os8
 .text.forward_lite_pw_sssa8_ch
                0x08011d50      0x458 /home/docker/STM32Cube/Repository/Packs/STMicroelectronics/X-CUBE-AI/3.0.0/Middlewares/ST/AI/Lib/GCC/ARMCortexM4/NetworkRuntime1100_CM4_GCC.a(forward_lite_pw_sssa8_ch.o)
                0x08011d50                forward_lite_pw_sssa8_ch
 .text.forward_lite_conv2d_deep_3x3_sssa8_ch
                0x080121a8      0x144 /home/docker/STM32Cube/Repository/Packs/STMicroelectronics/X-CUBE-AI/3.0.0/Middlewares/ST/AI/Lib/GCC/ARMCortexM4/NetworkRuntime1100_CM4_GCC.a(forward_lite_conv2d_sssa8_ch.o)
                0x080121a8                forward_lite_conv2d_deep_3x3_sssa8_ch
 .text.forward_lite_conv2d_deep_sssa8_ch
                0x080122ec      0x1d4 /home/docker/STM32Cube/Repository/Packs/STMicroelectronics/X-CUBE-AI/3.0.0/Middlewares/ST/AI/Lib/GCC/ARMCortexM4/NetworkRuntime1100_CM4_GCC.a(forward_lite_conv2d_sssa8_ch.o)
                0x080122ec                forward_lite_conv2d_deep_sssa8_ch
 .text.forward_lite_conv2d_sssa8_ch
                0x080124c0      0xa54 /home/docker/STM32Cube/Repository/Packs/STMicroelectronics/X-CUBE-AI/3.0.0/Middlewares/ST/AI/Lib/GCC/ARMCortexM4/NetworkRuntime1100_CM4_GCC.a(forward_lite_conv2d_sssa8_ch.o)
                0x080124c0                forward_lite_conv2d_sssa8_ch
 .text.forward_lite_nl_softmax_is8os8
                0x08012f14       0x14 /home/docker/STM32Cube/Repository/Packs/STMicroelectronics/X-CUBE-AI/3.0.0/Middlewares/ST/AI/Lib/GCC/ARMCortexM4/NetworkRuntime1100_CM4_GCC.a(lite_nl_generic_integer.o)
                0x08012f14                forward_lite_nl_softmax_is8os8
 .text.forward_lite_pad_constant
                0x08012f28      0x138 /home/docker/STM32Cube/Repository/Packs/STMicroelectronics/X-CUBE-AI/3.0.0/Middlewares/ST/AI/Lib/GCC/ARMCortexM4/NetworkRuntime1100_CM4_GCC.a(forward_lite_pad_generic.o)
                0x08012f28                forward_lite_pad_constant
 .text.align_factor_ch
                0x08013060       0x60 /home/docker/STM32Cube/Repository/Packs/STMicroelectronics/X-CUBE-AI/3.0.0/Middlewares/ST/AI/Lib/GCC/ARMCortexM4/NetworkRuntime1100_CM4_GCC.a(st_align_factor.o)
                0x08013060                align_factor_ch
 .text.st_int8_to16_no_shift
                0x080130c0       0xc4 /home/docker/STM32Cube/Repository/Packs/STMicroelectronics/X-CUBE-AI/3.0.0/Middlewares/ST/AI/Lib/GCC/ARMCortexM4/NetworkRuntime1100_CM4_GCC.a(st_int8_to16_no_shift.o)
                0x080130c0                st_int8_to16_no_shift
 .text.st_int8_to16_no_shift_interleaved
                0x08013184       0x84 /home/docker/STM32Cube/Repository/Packs/STMicroelectronics/X-CUBE-AI/3.0.0/Middlewares/ST/AI/Lib/GCC/ARMCortexM4/NetworkRuntime1100_CM4_GCC.a(st_int8_to16_no_shift.o)
                0x08013184                st_int8_to16_no_shift_interleaved
 .text.st_int8_to16_dual
                0x08013208      0x1d8 /home/docker/STM32Cube/Repository/Packs/STMicroelectronics/X-CUBE-AI/3.0.0/Middlewares/ST/AI/Lib/GCC/ARMCortexM4/NetworkRuntime1100_CM4_GCC.a(st_int8_to16_no_shift.o)
                0x08013208                st_int8_to16_dual
 .text.st_int8_to16_dual_interleaved
                0x080133e0      0x174 /home/docker/STM32Cube/Repository/Packs/STMicroelectronics/X-CUBE-AI/3.0.0/Middlewares/ST/AI/Lib/GCC/ARMCortexM4/NetworkRuntime1100_CM4_GCC.a(st_int8_to16_no_shift.o)
                0x080133e0                st_int8_to16_dual_interleaved
 .text.ai_padding_opt_init
                0x08013554       0xb0 /home/docker/STM32Cube/Repository/Packs/STMicroelectronics/X-CUBE-AI/3.0.0/Middlewares/ST/AI/Lib/GCC/ARMCortexM4/NetworkRuntime1100_CM4_GCC.a(st_padding_opt.o)
                0x08013554                ai_padding_opt_init
 .text.ai_padding_opt_phase1
                0x08013604       0x34 /home/docker/STM32Cube/Repository/Packs/STMicroelectronics/X-CUBE-AI/3.0.0/Middlewares/ST/AI/Lib/GCC/ARMCortexM4/NetworkRuntime1100_CM4_GCC.a(st_padding_opt.o)
                0x08013604                ai_padding_opt_phase1
 .text.st_int8_avepool
                0x08013638      0x208 /home/docker/STM32Cube/Repository/Packs/STMicroelectronics/X-CUBE-AI/3.0.0/Middlewares/ST/AI/Lib/GCC/ARMCortexM4/NetworkRuntime1100_CM4_GCC.a(st_int8_pool.o)
                0x08013638                st_int8_avepool
 .text.st_int16_fill
                0x08013840       0x40 /home/docker/STM32Cube/Repository/Packs/STMicroelectronics/X-CUBE-AI/3.0.0/Middlewares/ST/AI/Lib/GCC/ARMCortexM4/NetworkRuntime1100_CM4_GCC.a(st_int16_fill.o)
                0x08013840                st_int16_fill
 .text.st_sssa8_ch_convolve_rank1upd
                0x08013880      0x128 /home/docker/STM32Cube/Repository/Packs/STMicroelectronics/X-CUBE-AI/3.0.0/Middlewares/ST/AI/Lib/GCC/ARMCortexM4/NetworkRuntime1100_CM4_GCC.a(st_sssa8_ch_convolve.o)
                0x08013880                st_sssa8_ch_convolve_rank1upd
 .text.st_sssa8_ch_fully_connected
                0x080139a8      0x514 /home/docker/STM32Cube/Repository/Packs/STMicroelectronics/X-CUBE-AI/3.0.0/Middlewares/ST/AI/Lib/GCC/ARMCortexM4/NetworkRuntime1100_CM4_GCC.a(st_sssa8_ch_dense.o)
                0x080139a8                st_sssa8_ch_fully_connected
 .text.st_int8_copy
                0x08013ebc      0x13c /home/docker/STM32Cube/Repository/Packs/STMicroelectronics/X-CUBE-AI/3.0.0/Middlewares/ST/AI/Lib/GCC/ARMCortexM4/NetworkRuntime1100_CM4_GCC.a(st_int8_fill.o)
                0x08013ebc                st_int8_copy
 .text.st_int8_fill
                0x08013ff8       0x80 /home/docker/STM32Cube/Repository/Packs/STMicroelectronics/X-CUBE-AI/3.0.0/Middlewares/ST/AI/Lib/GCC/ARMCortexM4/NetworkRuntime1100_CM4_GCC.a(st_int8_fill.o)
                0x08013ff8                st_int8_fill
 .text.st_int8_reordered_no_shift_zero
                0x08014078       0x68 /home/docker/STM32Cube/Repository/Packs/STMicroelectronics/X-CUBE-AI/3.0.0/Middlewares/ST/AI/Lib/GCC/ARMCortexM4/NetworkRuntime1100_CM4_GCC.a(st_int8_reordered_no_shift.o)
                0x08014078                st_int8_reordered_no_shift_zero
 .text.st_sssa8_ch_nn_mat_mult_conv2d_nt_t
                0x080140e0      0xc44 /home/docker/STM32Cube/Repository/Packs/STMicroelectronics/X-CUBE-AI/3.0.0/Middlewares/ST/AI/Lib/GCC/ARMCortexM4/NetworkRuntime1100_CM4_GCC.a(st_sssa8_ch_nn_mat_mult_conv2d_nt_t.o)
                0x080140e0                st_sssa8_ch_nn_mat_mult_conv2d_nt_t
 .text.st_sssa8_ch_nn_mat_mult_kernel_single_opt
                0x08014d24      0x370 /home/docker/STM32Cube/Repository/Packs/STMicroelectronics/X-CUBE-AI/3.0.0/Middlewares/ST/AI/Lib/GCC/ARMCortexM4/NetworkRuntime1100_CM4_GCC.a(st_sssa8_ch_nn_mat_mult_kernel_single_opt.o)
                0x08014d24                st_sssa8_ch_nn_mat_mult_kernel_single_opt
 .text.st_sssa8_ch_1_output_mgt
                0x08015094       0x64 /home/docker/STM32Cube/Repository/Packs/STMicroelectronics/X-CUBE-AI/3.0.0/Middlewares/ST/AI/Lib/GCC/ARMCortexM4/NetworkRuntime1100_CM4_GCC.a(st_sssa8_ch_nn_mat_mult_nt_t.o)
                0x08015094                st_sssa8_ch_1_output_mgt
 .text.st_sssa8_ch_2_output_mgt
                0x080150f8       0xb4 /home/docker/STM32Cube/Repository/Packs/STMicroelectronics/X-CUBE-AI/3.0.0/Middlewares/ST/AI/Lib/GCC/ARMCortexM4/NetworkRuntime1100_CM4_GCC.a(st_sssa8_ch_nn_mat_mult_nt_t.o)
                0x080150f8                st_sssa8_ch_2_output_mgt
 .text.weights_offset_contribution_calc
                0x080151ac       0xcc /home/docker/STM32Cube/Repository/Packs/STMicroelectronics/X-CUBE-AI/3.0.0/Middlewares/ST/AI/Lib/GCC/ARMCortexM4/NetworkRuntime1100_CM4_GCC.a(st_sssa8_ch_nn_mat_mult_nt_t.o)
                0x080151ac                weights_offset_contribution_calc
 .text.weights_2channels_prefetch
                0x08015278      0x23c /home/docker/STM32Cube/Repository/Packs/STMicroelectronics/X-CUBE-AI/3.0.0/Middlewares/ST/AI/Lib/GCC/ARMCortexM4/NetworkRuntime1100_CM4_GCC.a(st_sssa8_ch_nn_mat_mult_nt_t.o)
                0x08015278                weights_2channels_prefetch
 .text.st_sssa8_ch_fullW_prefetch
                0x080154b4       0x78 /home/docker/STM32Cube/Repository/Packs/STMicroelectronics/X-CUBE-AI/3.0.0/Middlewares/ST/AI/Lib/GCC/ARMCortexM4/NetworkRuntime1100_CM4_GCC.a(st_sssa8_ch_nn_mat_mult_nt_t.o)
                0x080154b4                st_sssa8_ch_fullW_prefetch
 *fill*         0x0801552c     0xaad4 
 .text.st_sssa8_ch_nn_mat_mult_deep_conv2d_3x3
                0x08020000      0xb30 /home/docker/STM32Cube/Repository/Packs/STMicroelectronics/X-CUBE-AI/3.0.0/Middlewares/ST/AI/Lib/GCC/ARMCortexM4/NetworkRuntime1100_CM4_GCC.a(st_sssa8_ch_nn_mat_mult_deep_conv2d_3x3.o)
                0x08020000                st_sssa8_ch_nn_mat_mult_deep_conv2d_3x3
 .text.st_sssa8_ch_nn_mat_mult_kernel_opt
                0x08020b30      0x33c /home/docker/STM32Cube/Repository/Packs/STMicroelectronics/X-CUBE-AI/3.0.0/Middlewares/ST/AI/Lib/GCC/ARMCortexM4/NetworkRuntime1100_CM4_GCC.a(st_sssa8_ch_nn_mat_mult_kernel_opt.o)
                0x08020b30                st_sssa8_ch_nn_mat_mult_kernel_opt
 *fill*         0x08020e6c        0x4 
 .text.st_sssa8_ch_nn_mat_mult_pw_nt_t
                0x08020e70      0x760 /home/docker/STM32Cube/Repository/Packs/STMicroelectronics/X-CUBE-AI/3.0.0/Middlewares/ST/AI/Lib/GCC/ARMCortexM4/NetworkRuntime1100_CM4_GCC.a(st_sssa8_ch_nn_mat_mult_pw_nt_t.o)
                0x08020e70                st_sssa8_ch_nn_mat_mult_pw_nt_t
 .text.st_sssa8_ch_nn_mat_mult_pw_nt_t_KWS
                0x080215d0      0x470 /home/docker/STM32Cube/Repository/Packs/STMicroelectronics/X-CUBE-AI/3.0.0/Middlewares/ST/AI/Lib/GCC/ARMCortexM4/NetworkRuntime1100_CM4_GCC.a(st_sssa8_ch_nn_mat_mult_pw_nt_t.o)
                0x080215d0                st_sssa8_ch_nn_mat_mult_pw_nt_t_KWS
 .text.ai_sum_f32
                0x08021a40       0x14 /home/docker/STM32Cube/Repository/Packs/STMicroelectronics/X-CUBE-AI/3.0.0/Middlewares/ST/AI/Lib/GCC/ARMCortexM4/NetworkRuntime1100_CM4_GCC.a(ai_math_helpers.o)
                0x08021a40                ai_sum_f32
 .text.ai_sum_buffer_INT8
                0x08021a54      0x2c4 /home/docker/STM32Cube/Repository/Packs/STMicroelectronics/X-CUBE-AI/3.0.0/Middlewares/ST/AI/Lib/GCC/ARMCortexM4/NetworkRuntime1100_CM4_GCC.a(ai_math_helpers.o)
                0x08021a54                ai_sum_buffer_INT8
 .text.core_get_broadcasted_shape
                0x08021d18       0x54 /home/docker/STM32Cube/Repository/Packs/STMicroelectronics/X-CUBE-AI/3.0.0/Middlewares/ST/AI/Lib/GCC/ARMCortexM4/NetworkRuntime1100_CM4_GCC.a(core_utils.o)
                0x08021d18                core_get_broadcasted_shape
 .text.core_compute_offsets
                0x08021d6c      0x18c /home/docker/STM32Cube/Repository/Packs/STMicroelectronics/X-CUBE-AI/3.0.0/Middlewares/ST/AI/Lib/GCC/ARMCortexM4/NetworkRuntime1100_CM4_GCC.a(core_utils.o)
                0x08021d6c                core_compute_offsets
 .text.ai_math_elementwise_sum_int8
                0x08021ef8      0x1d8 /home/docker/STM32Cube/Repository/Packs/STMicroelectronics/X-CUBE-AI/3.0.0/Middlewares/ST/AI/Lib/GCC/ARMCortexM4/NetworkRuntime1100_CM4_GCC.a(ai_math_elementwise_sum_int8.o)
                0x08021ef8                ai_math_elementwise_sum_int8
 .text._lite_kernel_nl_softmax_is8os8
                0x080220d0      0xbe0 /home/docker/STM32Cube/Repository/Packs/STMicroelectronics/X-CUBE-AI/3.0.0/Middlewares/ST/AI/Lib/GCC/ARMCortexM4/NetworkRuntime1100_CM4_GCC.a(lite_nl_softmax_is8os8.o)
                0x080220d0                _lite_kernel_nl_softmax_is8os8
 .text.__libc_init_array
                0x08022cb0       0x48 /opt/st/stm32cubeide_1.19.0.25.U3-2M-A2/plugins/com.st.stm32cube.ide.mcu.externaltools.gnu-tools-for-stm32.13.3.rel1.linux64_1.0.0.202508111337/tools/bin/../lib/gcc/arm-none-eabi/13.3.1/../../../../arm-none-eabi/lib/thumb/v7e-m+fp/hard/libc_nano.a(libc_a-init.o)
                0x08022cb0                __libc_init_array
 .text.memcpy   0x08022cf8       0x1c /opt/st/stm32cubeide_1.19.0.25.U3-2M-A2/plugins/com.st.stm32cube.ide.mcu.externaltools.gnu-tools-for-stm32.13.3.rel1.linux64_1.0.0.202508111337/tools/bin/../lib/gcc/arm-none-eabi/13.3.1/../../../../arm-none-eabi/lib/thumb/v7e-m+fp/hard/libc_nano.a(libc_a-memcpy-stub.o)
                0x08022cf8                memcpy
 *(.glue_7)
 .glue_7        0x08022d14        0x0 linker stubs
 *(.glue_7t)
 .glue_7t       0x08022d14        0x0 linker stubs
 *(.eh_frame)
 .eh_frame      0x08022d14        0x0 /opt/st/stm32cubeide_1.19.0.25.U3-2M-A2/plugins/com.st.stm32cube.ide.mcu.externaltools.gnu-tools-for-stm32.13.3.rel1.linux64_1.0.0.202508111337/tools/bin/../lib/gcc/arm-none-eabi/13.3.1/thumb/v7e-m+fp/hard/crtbegin.o
 *(.init)
 .init          0x08022d14        0x4 /opt/st/stm32cubeide_1.19.0.25.U3-2M-A2/plugins/com.st.stm32cube.ide.mcu.externaltools.gnu-tools-for-stm32.13.3.rel1.linux64_1.0.0.202508111337/tools/bin/../lib/gcc/arm-none-eabi/13.3.1/thumb/v7e-m+fp/hard/crti.o
                0x08022d14                _init
 .init          0x08022d18        0x8 /opt/st/stm32cubeide_1.19.0.25.U3-2M-A2/plugins/com.st.stm32cube.ide.mcu.externaltools.gnu-tools-for-stm32.13.3.rel1.linux64_1.0.0.202508111337/tools/bin/../lib/gcc/arm-none-eabi/13.3.1/thumb/v7e-m+fp/hard/crtn.o
 *(.fini)
 .fini          0x08022d20        0x4 /opt/st/stm32cubeide_1.19.0.25.U3-2M-A2/plugins/com.st.stm32cube.ide.mcu.externaltools.gnu-tools-for-stm32.13.3.rel1.linux64_1.0.0.202508111337/tools/bin/../lib/gcc/arm-none-eabi/13.3.1/thumb/v7e-m+fp/hard/crti.o
                0x08022d20                _fini
 .fini          0x08022d24        0x8 /opt/st/stm32cubeide_1.19.0.25.U3-2M-A2/plugins/com.st.stm32cube.ide.mcu.externaltools.gnu-tools-for-stm32.13.3.rel1.linux64_1.0.0.202508111337/tools/bin/../lib/gcc/arm-none-eabi/13.3.1/thumb/v7e-m+fp/hard/crtn.o
                0x08022d2c                        . = ALIGN (0x4)
                0x08022d2c                        _etext = .

.vfp11_veneer   0x08022d2c        0x0
 .vfp11_veneer  0x08022d2c        0x0 linker stubs

.v4_bx          0x08022d2c        0x0
 .v4_bx         0x08022d2c        0x0 linker stubs

.iplt           0x08022d2c        0x0
 .iplt          0x08022d2c        0x0 /opt/st/stm32cubeide_1.19.0.25.U3-2M-A2/plugins/com.st.stm32cube.ide.mcu.externaltools.gnu-tools-for-stm32.13.3.rel1.linux64_1.0.0.202508111337/tools/bin/../lib/gcc/arm-none-eabi/13.3.1/thumb/v7e-m+fp/hard/crtbegin.o

.rodata         0x08022d30    0x2bb20
                0x08022d30                        . = ALIGN (0x4)
 *(.rodata)
 *(.rodata*)
 .rodata._network_context.0
                0x08022d30       0xb0 network.o
 .rodata.conv2d_19_t_weight_0_fmt_scale_const_f32
                0x08022de0      0x100 network.o
 .rodata.conv2d_19_pad_before_v_pad_constant_value_const_s8
                0x08022ee0        0x1 network.o
 *fill*         0x08022ee1        0x3 
 .rodata.conv2d_18_t_weight_0_fmt_scale_const_f32
                0x08022ee4      0x100 network.o
 .rodata.conv2d_18_pad_before_v_pad_constant_value_const_s8
                0x08022fe4        0x1 network.o
 *fill*         0x08022fe5        0x3 
 .rodata.conv2d_16_t_weight_0_fmt_scale_const_f32
                0x08022fe8      0x100 network.o
 .rodata.conv2d_15_t_weight_0_fmt_scale_const_f32
                0x080230e8      0x100 network.o
 .rodata.conv2d_15_pad_before_v_pad_constant_value_const_s8
                0x080231e8        0x1 network.o
 *fill*         0x080231e9        0x3 
 .rodata.conv2d_14_t_weight_0_fmt_scale_const_f32
                0x080231ec      0x100 network.o
 .rodata.conv2d_14_pad_before_v_pad_constant_value_const_s8
                0x080232ec        0x1 network.o
 *fill*         0x080232ed        0x3 
 .rodata.conv2d_12_t_weight_0_fmt_scale_const_f32
                0x080232f0       0x80 network.o
 .rodata.conv2d_12_pad_before_v_pad_constant_value_const_s8
                0x08023370        0x1 network.o
 *fill*         0x08023371        0x3 
 .rodata.conv2d_11_t_weight_0_fmt_scale_const_f32
                0x08023374       0x80 network.o
 .rodata.conv2d_11_pad_before_v_pad_constant_value_const_s8
                0x080233f4        0x1 network.o
 *fill*         0x080233f5        0x3 
 .rodata.conv2d_8_t_weight_0_fmt_scale_const_f32
                0x080233f8       0x80 network.o
 .rodata.conv2d_8_pad_before_v_pad_constant_value_const_s8
                0x08023478        0x1 network.o
 *fill*         0x08023479        0x3 
 .rodata.conv2d_7_t_weight_0_fmt_scale_const_f32
                0x0802347c       0x80 network.o
 .rodata.conv2d_9_t_weight_0_fmt_scale_const_f32
                0x080234fc       0x80 network.o
 .rodata.conv2d_5_t_weight_0_fmt_scale_const_f32
                0x0802357c       0x40 network.o
 .rodata.conv2d_5_pad_before_v_pad_constant_value_const_s8
                0x080235bc        0x1 network.o
 *fill*         0x080235bd        0x3 
 .rodata.conv2d_4_t_weight_0_fmt_scale_const_f32
                0x080235c0       0x40 network.o
 .rodata.conv2d_4_pad_before_v_pad_constant_value_const_s8
                0x08023600        0x1 network.o
 *fill*         0x08023601        0x3 
 .rodata.conv2d_2_t_weight_0_fmt_scale_const_f32
                0x08023604       0x40 network.o
 .rodata.conv2d_2_pad_before_v_pad_constant_value_const_s8
                0x08023644        0x1 network.o
 *fill*         0x08023645        0x3 
 .rodata.conv2d_1_t_weight_0_fmt_scale_const_f32
                0x08023648       0x40 network.o
 .rodata.conv2d_1_pad_before_v_pad_constant_value_const_s8
                0x08023688        0x1 network.o
 *fill*         0x08023689        0x3 
 .rodata.conv2d_0_t_weight_0_fmt_scale_const_f32
                0x0802368c       0x40 network.o
 .rodata.gemm_22_chain
                0x080236cc        0x8 network.o
 .rodata.pool_21_chain
                0x080236d4        0x8 network.o
 .rodata.eltwise_20_chain
                0x080236dc        0x8 network.o
 .rodata.eltwise_17_chain
                0x080236e4        0x8 network.o
 .rodata.eltwise_13_chain
                0x080236ec        0x8 network.o
 .rodata.eltwise_10_chain
                0x080236f4        0x8 network.o
 .rodata.eltwise_6_chain
                0x080236fc        0x8 network.o
 .rodata.eltwise_3_chain
                0x08023704        0x8 network.o
 .rodata.__compound_literal.233
                0x0802370c        0x8 network.o
 .rodata.__compound_literal.232
                0x08023714        0xa network.o
 *fill*         0x0802371e        0x2 
 .rodata.__compound_literal.231
                0x08023720       0x28 network.o
 .rodata.__compound_literal.230
                0x08023748        0x8 network.o
 .rodata.__compound_literal.229
                0x08023750        0x1 network.o
 *fill*         0x08023751        0x3 
 .rodata.__compound_literal.228
                0x08023754        0x4 network.o
 .rodata.__compound_literal.227
                0x08023758        0x8 network.o
 .rodata.__compound_literal.226
                0x08023760        0x1 network.o
 *fill*         0x08023761        0x3 
 .rodata.__compound_literal.225
                0x08023764        0x4 network.o
 .rodata.__compound_literal.224
                0x08023768        0x8 network.o
 .rodata.__compound_literal.223
                0x08023770        0x1 network.o
 *fill*         0x08023771        0x3 
 .rodata.__compound_literal.222
                0x08023774        0x4 network.o
 .rodata.__compound_literal.221
                0x08023778        0x8 network.o
 .rodata.__compound_literal.220
                0x08023780        0x1 network.o
 *fill*         0x08023781        0x3 
 .rodata.__compound_literal.219
                0x08023784        0x4 network.o
 .rodata.__compound_literal.218
                0x08023788        0x8 network.o
 .rodata.__compound_literal.217
                0x08023790        0x1 network.o
 *fill*         0x08023791        0x3 
 .rodata.__compound_literal.216
                0x08023794        0x4 network.o
 .rodata.__compound_literal.215
                0x08023798        0x8 network.o
 .rodata.__compound_literal.214
                0x080237a0        0x1 network.o
 *fill*         0x080237a1        0x3 
 .rodata.__compound_literal.213
                0x080237a4        0x4 network.o
 .rodata.__compound_literal.212
                0x080237a8        0x8 network.o
 .rodata.__compound_literal.211
                0x080237b0        0x1 network.o
 *fill*         0x080237b1        0x3 
 .rodata.__compound_literal.210
                0x080237b4        0x4 network.o
 .rodata.__compound_literal.209
                0x080237b8        0x8 network.o
 .rodata.__compound_literal.208
                0x080237c0        0x1 network.o
 *fill*         0x080237c1        0x3 
 .rodata.__compound_literal.207
                0x080237c4        0x4 network.o
 .rodata.__compound_literal.206
                0x080237c8        0x8 network.o
 .rodata.__compound_literal.205
                0x080237d0        0x1 network.o
 *fill*         0x080237d1        0x3 
 .rodata.__compound_literal.204
                0x080237d4        0x4 network.o
 .rodata.__compound_literal.203
                0x080237d8        0x8 network.o
 .rodata.__compound_literal.202
                0x080237e0        0x1 network.o
 *fill*         0x080237e1        0x3 
 .rodata.__compound_literal.201
                0x080237e4        0x4 network.o
 .rodata.__compound_literal.200
                0x080237e8        0x8 network.o
 .rodata.__compound_literal.199
                0x080237f0        0x1 network.o
 *fill*         0x080237f1        0x3 
 .rodata.__compound_literal.198
                0x080237f4        0x4 network.o
 .rodata.__compound_literal.197
                0x080237f8        0x8 network.o
 .rodata.__compound_literal.196
                0x08023800        0x1 network.o
 *fill*         0x08023801        0x3 
 .rodata.__compound_literal.195
                0x08023804        0x4 network.o
 .rodata.__compound_literal.194
                0x08023808        0x8 network.o
 .rodata.__compound_literal.193
                0x08023810        0x1 network.o
 *fill*         0x08023811        0x3 
 .rodata.__compound_literal.192
                0x08023814        0x4 network.o
 .rodata.__compound_literal.191
                0x08023818        0x8 network.o
 .rodata.__compound_literal.190
                0x08023820        0x1 network.o
 *fill*         0x08023821        0x3 
 .rodata.__compound_literal.189
                0x08023824        0x4 network.o
 .rodata.__compound_literal.188
                0x08023828        0x8 network.o
 .rodata.__compound_literal.187
                0x08023830        0x1 network.o
 *fill*         0x08023831        0x3 
 .rodata.__compound_literal.186
                0x08023834        0x4 network.o
 .rodata.__compound_literal.185
                0x08023838        0x8 network.o
 .rodata.__compound_literal.184
                0x08023840        0x1 network.o
 *fill*         0x08023841        0x3 
 .rodata.__compound_literal.183
                0x08023844        0x4 network.o
 .rodata.__compound_literal.182
                0x08023848        0x8 network.o
 .rodata.__compound_literal.181
                0x08023850        0x1 network.o
 *fill*         0x08023851        0x3 
 .rodata.__compound_literal.180
                0x08023854        0x4 network.o
 .rodata.g_network_gemm_22_bias_array
                0x08023858       0x28 network_data.o
                0x08023858                g_network_gemm_22_bias_array
 .rodata.g_network_gemm_22_weights_array
                0x08023880      0x280 network_data.o
                0x08023880                g_network_gemm_22_weights_array
 .rodata.g_network_conv2d_19_bias_array
                0x08023b00      0x100 network_data.o
                0x08023b00                g_network_conv2d_19_bias_array
 .rodata.g_network_conv2d_19_weights_array
                0x08023c00     0x9000 network_data.o
                0x08023c00                g_network_conv2d_19_weights_array
 .rodata.g_network_conv2d_18_bias_array
                0x0802cc00      0x100 network_data.o
                0x0802cc00                g_network_conv2d_18_bias_array
 .rodata.g_network_conv2d_18_weights_array
                0x0802cd00     0x9000 network_data.o
                0x0802cd00                g_network_conv2d_18_weights_array
 .rodata.g_network_conv2d_16_bias_array
                0x08035d00      0x100 network_data.o
                0x08035d00                g_network_conv2d_16_bias_array
 .rodata.g_network_conv2d_16_weights_array
                0x08035e00      0x800 network_data.o
                0x08035e00                g_network_conv2d_16_weights_array
 .rodata.g_network_conv2d_15_bias_array
                0x08036600      0x100 network_data.o
                0x08036600                g_network_conv2d_15_bias_array
 .rodata.g_network_conv2d_15_weights_array
                0x08036700     0x9000 network_data.o
                0x08036700                g_network_conv2d_15_weights_array
 .rodata.g_network_conv2d_14_bias_array
                0x0803f700      0x100 network_data.o
                0x0803f700                g_network_conv2d_14_bias_array
 .rodata.g_network_conv2d_14_weights_array
                0x0803f800     0x4800 network_data.o
                0x0803f800                g_network_conv2d_14_weights_array
 .rodata.g_network_conv2d_12_bias_array
                0x08044000       0x80 network_data.o
                0x08044000                g_network_conv2d_12_bias_array
 .rodata.g_network_conv2d_12_weights_array
                0x08044080     0x2400 network_data.o
                0x08044080                g_network_conv2d_12_weights_array
 .rodata.g_network_conv2d_11_bias_array
                0x08046480       0x80 network_data.o
                0x08046480                g_network_conv2d_11_bias_array
 .rodata.g_network_conv2d_11_weights_array
                0x08046500     0x2400 network_data.o
                0x08046500                g_network_conv2d_11_weights_array
 .rodata.g_network_conv2d_8_bias_array
                0x08048900       0x80 network_data.o
                0x08048900                g_network_conv2d_8_bias_array
 .rodata.g_network_conv2d_8_weights_array
                0x08048980     0x2400 network_data.o
                0x08048980                g_network_conv2d_8_weights_array
 .rodata.g_network_conv2d_7_bias_array
                0x0804ad80       0x80 network_data.o
                0x0804ad80                g_network_conv2d_7_bias_array
 .rodata.g_network_conv2d_7_weights_array
                0x0804ae00     0x1200 network_data.o
                0x0804ae00                g_network_conv2d_7_weights_array
 .rodata.g_network_conv2d_9_bias_array
                0x0804c000       0x80 network_data.o
                0x0804c000                g_network_conv2d_9_bias_array
 .rodata.g_network_conv2d_9_weights_array
                0x0804c080      0x200 network_data.o
                0x0804c080                g_network_conv2d_9_weights_array
 .rodata.g_network_conv2d_5_bias_array
                0x0804c280       0x40 network_data.o
                0x0804c280                g_network_conv2d_5_bias_array
 .rodata.g_network_conv2d_5_weights_array
                0x0804c2c0      0x900 network_data.o
                0x0804c2c0                g_network_conv2d_5_weights_array
 .rodata.g_network_conv2d_4_bias_array
                0x0804cbc0       0x40 network_data.o
                0x0804cbc0                g_network_conv2d_4_bias_array
 .rodata.g_network_conv2d_4_weights_array
                0x0804cc00      0x900 network_data.o
                0x0804cc00                g_network_conv2d_4_weights_array
 .rodata.g_network_conv2d_2_bias_array
                0x0804d500       0x40 network_data.o
                0x0804d500                g_network_conv2d_2_bias_array
 .rodata.g_network_conv2d_2_weights_array
                0x0804d540      0x900 network_data.o
                0x0804d540                g_network_conv2d_2_weights_array
 .rodata.g_network_conv2d_1_bias_array
                0x0804de40       0x40 network_data.o
                0x0804de40                g_network_conv2d_1_bias_array
 .rodata.g_network_conv2d_1_weights_array
                0x0804de80      0x900 network_data.o
                0x0804de80                g_network_conv2d_1_weights_array
 .rodata.g_network_conv2d_0_bias_array
                0x0804e780       0x40 network_data.o
                0x0804e780                g_network_conv2d_0_bias_array
 .rodata.g_network_conv2d_0_weights_array
                0x0804e7c0       0x90 network_data.o
                0x0804e7c0                g_network_conv2d_0_weights_array
                0x0804e850                        . = ALIGN (0x4)

.rel.dyn        0x0804e850        0x0
 .rel.iplt      0x0804e850        0x0 /opt/st/stm32cubeide_1.19.0.25.U3-2M-A2/plugins/com.st.stm32cube.ide.mcu.externaltools.gnu-tools-for-stm32.13.3.rel1.linux64_1.0.0.202508111337/tools/bin/../lib/gcc/arm-none-eabi/13.3.1/thumb/v7e-m+fp/hard/crtbegin.o

.ARM.extab      0x0804e850        0x0
                0x0804e850                        . = ALIGN (0x4)
 *(.ARM.extab* .gnu.linkonce.armextab.*)
                0x0804e850                        . = ALIGN (0x4)

.ARM            0x0804e850        0x0
                0x0804e850                        . = ALIGN (0x4)
                0x0804e850                        __exidx_start = .
 *(.ARM.exidx*)
                0x0804e850                        __exidx_end = .
                0x0804e850                        . = ALIGN (0x4)

.preinit_array  0x0804e850        0x0
                0x0804e850                        . = ALIGN (0x4)
                0x0804e850                        PROVIDE (__preinit_array_start = .)
 *(.preinit_array*)
                0x0804e850                        PROVIDE (__preinit_array_end = .)
                0x0804e850                        . = ALIGN (0x4)

.init_array     0x0804e850        0x4
                0x0804e850                        . = ALIGN (0x4)
                0x0804e850                        PROVIDE (__init_array_start = .)
 *(SORT_BY_NAME(.init_array.*))
 *(.init_array*)
 .init_array    0x0804e850        0x4 /opt/st/stm32cubeide_1.19.0.25.U3-2M-A2/plugins/com.st.stm32cube.ide.mcu.externaltools.gnu-tools-for-stm32.13.3.rel1.linux64_1.0.0.202508111337/tools/bin/../lib/gcc/arm-none-eabi/13.3.1/thumb/v7e-m+fp/hard/crtbegin.o
                0x0804e854                        PROVIDE (__init_array_end = .)
                0x0804e854                        . = ALIGN (0x4)

.fini_array     0x0804e854        0x4
                0x0804e854                        . = ALIGN (0x4)
                [!provide]                        PROVIDE (__fini_array_start = .)
 *(SORT_BY_NAME(.fini_array.*))
 *(.fini_array*)
 .fini_array    0x0804e854        0x4 /opt/st/stm32cubeide_1.19.0.25.U3-2M-A2/plugins/com.st.stm32cube.ide.mcu.externaltools.gnu-tools-for-stm32.13.3.rel1.linux64_1.0.0.202508111337/tools/bin/../lib/gcc/arm-none-eabi/13.3.1/thumb/v7e-m+fp/hard/crtbegin.o
                [!provide]                        PROVIDE (__fini_array_end = .)
                0x0804e858                        . = ALIGN (0x4)
                0x0804e858                        _sidata = LOADADDR (.data)

.data           0x20000000      0x990 load address 0x0804e858
                0x20000000                        . = ALIGN (0x4)
                0x20000000                        _sdata = .
 *(.data)
 *(.data*)
 .data.gemm_22_layer
                0x20000000       0x1c network.o
 .data.__compound_literal.314
                0x2000001c       0x30 network.o
 .data.__compound_literal.313
                0x2000004c        0x4 network.o
 .data.__compound_literal.312
                0x20000050        0x8 network.o
 .data.__compound_literal.311
                0x20000058        0x4 network.o
 .data.__compound_literal.310
                0x2000005c        0x4 network.o
 .data.pool_21_layer
                0x20000060       0x38 network.o
 .data.__compound_literal.308
                0x20000098       0x30 network.o
 .data.__compound_literal.305
                0x200000c8        0x4 network.o
 .data.__compound_literal.304
                0x200000cc        0x4 network.o
 .data.eltwise_20_layer
                0x200000d0       0x24 network.o
 .data.__compound_literal.303
                0x200000f4       0x30 network.o
 .data.__compound_literal.300
                0x20000124        0x4 network.o
 .data.__compound_literal.299
                0x20000128        0x8 network.o
 .data.eltwise_17_layer
                0x20000130       0x24 network.o
 .data.__compound_literal.298
                0x20000154       0x30 network.o
 .data.__compound_literal.295
                0x20000184        0x4 network.o
 .data.__compound_literal.294
                0x20000188        0x8 network.o
 .data.eltwise_13_layer
                0x20000190       0x24 network.o
 .data.__compound_literal.293
                0x200001b4       0x30 network.o
 .data.__compound_literal.290
                0x200001e4        0x4 network.o
 .data.__compound_literal.289
                0x200001e8        0x8 network.o
 .data.eltwise_10_layer
                0x200001f0       0x24 network.o
 .data.__compound_literal.288
                0x20000214       0x30 network.o
 .data.__compound_literal.285
                0x20000244        0x4 network.o
 .data.__compound_literal.284
                0x20000248        0x8 network.o
 .data.eltwise_6_layer
                0x20000250       0x24 network.o
 .data.__compound_literal.283
                0x20000274       0x30 network.o
 .data.__compound_literal.280
                0x200002a4        0x4 network.o
 .data.__compound_literal.279
                0x200002a8        0x8 network.o
 .data.eltwise_3_layer
                0x200002b0       0x24 network.o
 .data.__compound_literal.278
                0x200002d4       0x30 network.o
 .data.__compound_literal.275
                0x20000304        0x4 network.o
 .data.__compound_literal.274
                0x20000308        0x8 network.o
 .data.gemm_22_weights
                0x20000310       0x1c network.o
 .data.__compound_literal.273
                0x2000032c       0x10 network.o
 .data.__compound_literal.272
                0x2000033c       0x10 network.o
 .data.gemm_22_scratch0
                0x2000034c       0x1c network.o
 .data.__compound_literal.271
                0x20000368       0x10 network.o
 .data.__compound_literal.270
                0x20000378       0x10 network.o
 .data.gemm_22_output
                0x20000388       0x1c network.o
 .data.__compound_literal.269
                0x200003a4       0x10 network.o
 .data.__compound_literal.268
                0x200003b4       0x10 network.o
 .data.gemm_22_bias
                0x200003c4       0x1c network.o
 .data.__compound_literal.267
                0x200003e0       0x10 network.o
 .data.__compound_literal.266
                0x200003f0       0x10 network.o
 .data.pool_21_output
                0x20000400       0x1c network.o
 .data.__compound_literal.265
                0x2000041c       0x10 network.o
 .data.__compound_literal.264
                0x2000042c       0x10 network.o
 .data.eltwise_20_output
                0x2000043c       0x1c network.o
 .data.__compound_literal.263
                0x20000458       0x10 network.o
 .data.__compound_literal.262
                0x20000468       0x10 network.o
 .data.conv2d_19_output
                0x20000478       0x1c network.o
 .data.__compound_literal.261
                0x20000494       0x10 network.o
 .data.__compound_literal.260
                0x200004a4       0x10 network.o
 .data.eltwise_17_output
                0x200004b4       0x1c network.o
 .data.__compound_literal.259
                0x200004d0       0x10 network.o
 .data.__compound_literal.258
                0x200004e0       0x10 network.o
 .data.conv2d_16_output
                0x200004f0       0x1c network.o
 .data.__compound_literal.257
                0x2000050c       0x10 network.o
 .data.__compound_literal.256
                0x2000051c       0x10 network.o
 .data.conv2d_15_output
                0x2000052c       0x1c network.o
 .data.__compound_literal.255
                0x20000548       0x10 network.o
 .data.__compound_literal.254
                0x20000558       0x10 network.o
 .data.eltwise_13_output
                0x20000568       0x1c network.o
 .data.__compound_literal.253
                0x20000584       0x10 network.o
 .data.__compound_literal.252
                0x20000594       0x10 network.o
 .data.conv2d_12_output
                0x200005a4       0x1c network.o
 .data.__compound_literal.251
                0x200005c0       0x10 network.o
 .data.__compound_literal.250
                0x200005d0       0x10 network.o
 .data.eltwise_10_output
                0x200005e0       0x1c network.o
 .data.__compound_literal.249
                0x200005fc       0x10 network.o
 .data.__compound_literal.248
                0x2000060c       0x10 network.o
 .data.conv2d_9_output
                0x2000061c       0x1c network.o
 .data.__compound_literal.247
                0x20000638       0x10 network.o
 .data.__compound_literal.246
                0x20000648       0x10 network.o
 .data.conv2d_8_output
                0x20000658       0x1c network.o
 .data.__compound_literal.245
                0x20000674       0x10 network.o
 .data.__compound_literal.244
                0x20000684       0x10 network.o
 .data.eltwise_6_output
                0x20000694       0x1c network.o
 .data.__compound_literal.243
                0x200006b0       0x10 network.o
 .data.__compound_literal.242
                0x200006c0       0x10 network.o
 .data.conv2d_5_output
                0x200006d0       0x1c network.o
 .data.__compound_literal.241
                0x200006ec       0x10 network.o
 .data.__compound_literal.240
                0x200006fc       0x10 network.o
 .data.eltwise_3_output
                0x2000070c       0x1c network.o
 .data.__compound_literal.239
                0x20000728       0x10 network.o
 .data.__compound_literal.238
                0x20000738       0x10 network.o
 .data.conv2d_2_output
                0x20000748       0x1c network.o
 .data.__compound_literal.237
                0x20000764       0x10 network.o
 .data.__compound_literal.236
                0x20000774       0x10 network.o
 .data.conv2d_0_output
                0x20000784       0x1c network.o
 .data.__compound_literal.235
                0x200007a0       0x10 network.o
 .data.__compound_literal.234
                0x200007b0       0x10 network.o
 .data.gemm_22_scratch0_array
                0x200007c0       0x10 network.o
 .data.gemm_22_bias_array
                0x200007d0       0x10 network.o
 .data.gemm_22_weights_array
                0x200007e0       0x10 network.o
 .data.gemm_22_output_array
                0x200007f0       0x10 network.o
 .data.pool_21_output_array
                0x20000800       0x10 network.o
 .data.eltwise_20_output_array
                0x20000810       0x10 network.o
 .data.conv2d_19_output_array
                0x20000820       0x10 network.o
 .data.eltwise_17_output_array
                0x20000830       0x10 network.o
 .data.conv2d_16_output_array
                0x20000840       0x10 network.o
 .data.conv2d_15_output_array
                0x20000850       0x10 network.o
 .data.eltwise_13_output_array
                0x20000860       0x10 network.o
 .data.conv2d_12_output_array
                0x20000870       0x10 network.o
 .data.eltwise_10_output_array
                0x20000880       0x10 network.o
 .data.conv2d_8_output_array
                0x20000890       0x10 network.o
 .data.conv2d_9_output_array
                0x200008a0       0x10 network.o
 .data.eltwise_6_output_array
                0x200008b0       0x10 network.o
 .data.conv2d_5_output_array
                0x200008c0       0x10 network.o
 .data.eltwise_3_output_array
                0x200008d0       0x10 network.o
 .data.conv2d_2_output_array
                0x200008e0       0x10 network.o
 .data.conv2d_0_output_array
                0x200008f0       0x10 network.o
 .data.gemm_22_weights_array_intq
                0x20000900        0x8 network.o
 .data.gemm_22_output_array_intq
                0x20000908        0x8 network.o
 .data.pool_21_output_array_intq
                0x20000910        0x8 network.o
 .data.eltwise_20_output_array_intq
                0x20000918        0x8 network.o
 .data.conv2d_19_output_array_intq
                0x20000920        0x8 network.o
 .data.eltwise_17_output_array_intq
                0x20000928        0x8 network.o
 .data.conv2d_16_output_array_intq
                0x20000930        0x8 network.o
 .data.conv2d_15_output_array_intq
                0x20000938        0x8 network.o
 .data.eltwise_13_output_array_intq
                0x20000940        0x8 network.o
 .data.conv2d_12_output_array_intq
                0x20000948        0x8 network.o
 .data.eltwise_10_output_array_intq
                0x20000950        0x8 network.o
 .data.conv2d_8_output_array_intq
                0x20000958        0x8 network.o
 .data.conv2d_9_output_array_intq
                0x20000960        0x8 network.o
 .data.eltwise_6_output_array_intq
                0x20000968        0x8 network.o
 .data.conv2d_5_output_array_intq
                0x20000970        0x8 network.o
 .data.eltwise_3_output_array_intq
                0x20000978        0x8 network.o
 .data.conv2d_2_output_array_intq
                0x20000980        0x8 network.o
 .data.conv2d_0_output_array_intq
                0x20000988        0x8 network.o
                0x20000990                        . = ALIGN (0x4)
                0x20000990                        _edata = .

.igot.plt       0x20000990        0x0 load address 0x0804f1e8
 .igot.plt      0x20000990        0x0 /opt/st/stm32cubeide_1.19.0.25.U3-2M-A2/plugins/com.st.stm32cube.ide.mcu.externaltools.gnu-tools-for-stm32.13.3.rel1.linux64_1.0.0.202508111337/tools/bin/../lib/gcc/arm-none-eabi/13.3.1/thumb/v7e-m+fp/hard/crtbegin.o
                0x20000990                        . = ALIGN (0x4)

.bss            0x20000990     0x8a40 load address 0x0804f1e8
                0x20000990                        _sbss = .
                0x20000990                        __bss_start__ = _sbss
 *(.bss)
 .bss           0x20000990       0x1c /opt/st/stm32cubeide_1.19.0.25.U3-2M-A2/plugins/com.st.stm32cube.ide.mcu.externaltools.gnu-tools-for-stm32.13.3.rel1.linux64_1.0.0.202508111337/tools/bin/../lib/gcc/arm-none-eabi/13.3.1/thumb/v7e-m+fp/hard/crtbegin.o
 *(.bss*)
 .bss.__compound_literal.309
                0x200009ac       0x10 network.o
 .bss.__compound_literal.307
                0x200009bc        0x4 network.o
 .bss.__compound_literal.306
                0x200009c0        0x4 network.o
 .bss.__compound_literal.302
                0x200009c4        0x4 network.o
 .bss.__compound_literal.301
                0x200009c8        0x4 network.o
 .bss.__compound_literal.297
                0x200009cc        0x4 network.o
 .bss.__compound_literal.296
                0x200009d0        0x4 network.o
 .bss.__compound_literal.292
                0x200009d4        0x4 network.o
 .bss.__compound_literal.291
                0x200009d8        0x4 network.o
 .bss.__compound_literal.287
                0x200009dc        0x4 network.o
 .bss.__compound_literal.286
                0x200009e0        0x4 network.o
 .bss.__compound_literal.282
                0x200009e4        0x4 network.o
 .bss.__compound_literal.281
                0x200009e8        0x4 network.o
 .bss.__compound_literal.277
                0x200009ec        0x4 network.o
 .bss.__compound_literal.276
                0x200009f0        0x4 network.o
 .bss.m_acts    0x200009f4        0x4 stedgeai_app_main.o
 .bss.m_outputs
                0x200009f8        0x4 stedgeai_app_main.o
 .bss.m_inputs  0x200009fc        0x4 stedgeai_app_main.o
 .bss.activations_1
                0x20000a00     0x8920 stedgeai_app_main.o
 .bss.m_network
                0x20009320       0xb0 stedgeai_app_main.o
                0x20009320                m_network
 *(COMMON)
                0x200093d0                        . = ALIGN (0x4)
                0x200093d0                        _ebss = .
                0x200093d0                        __bss_end__ = _ebss

._user_heap_stack
                0x200093d0     0x3000 load address 0x0804f1e8
                0x200093d0                        . = ALIGN (0x8)
                [!provide]                        PROVIDE (end = .)
                0x200093d0                        PROVIDE (_end = .)
                0x2000b3d0                        . = (. + _Min_Heap_Size)
 *fill*         0x200093d0     0x2000 
                0x2000c3d0                        . = (. + _Min_Stack_Size)
 *fill*         0x2000b3d0     0x1000 
                0x2000c3d0                        . = ALIGN (0x8)

/DISCARD/
 libc.a(*)
 libm.a(*)
 libgcc.a(*)

.ARM.attributes
                0x00000000       0x30
 *(.ARM.attributes)
 .ARM.attributes
                0x00000000       0x22 /opt/st/stm32cubeide_1.19.0.25.U3-2M-A2/plugins/com.st.stm32cube.ide.mcu.externaltools.gnu-tools-for-stm32.13.3.rel1.linux64_1.0.0.202508111337/tools/bin/../lib/gcc/arm-none-eabi/13.3.1/thumb/v7e-m+fp/hard/crti.o
 .ARM.attributes
                0x00000022       0x34 /opt/st/stm32cubeide_1.19.0.25.U3-2M-A2/plugins/com.st.stm32cube.ide.mcu.externaltools.gnu-tools-for-stm32.13.3.rel1.linux64_1.0.0.202508111337/tools/bin/../lib/gcc/arm-none-eabi/13.3.1/thumb/v7e-m+fp/hard/crtbegin.o
 .ARM.attributes
                0x00000056       0x21 startup_stm32xx.o
 .ARM.attributes
                0x00000077       0x34 network.o
 .ARM.attributes
                0x000000ab       0x34 network_data.o
 .ARM.attributes
                0x000000df       0x34 stedgeai_app_main.o
 .ARM.attributes
                0x00000113       0x30 /home/docker/STM32Cube/Repository/Packs/STMicroelectronics/X-CUBE-AI/3.0.0/Middlewares/ST/AI/Lib/GCC/ARMCortexM4/NetworkRuntime1100_CM4_GCC.a(layers_conv2d_stm32_integer.o)
 .ARM.attributes
                0x00000143       0x30 /home/docker/STM32Cube/Repository/Packs/STMicroelectronics/X-CUBE-AI/3.0.0/Middlewares/ST/AI/Lib/GCC/ARMCortexM4/NetworkRuntime1100_CM4_GCC.a(layers_pool_stm32_integer.o)
 .ARM.attributes
                0x00000173       0x30 /home/docker/STM32Cube/Repository/Packs/STMicroelectronics/X-CUBE-AI/3.0.0/Middlewares/ST/AI/Lib/GCC/ARMCortexM4/NetworkRuntime1100_CM4_GCC.a(layers_stm32_integer.o)
 .ARM.attributes
                0x000001a3       0x30 /home/docker/STM32Cube/Repository/Packs/STMicroelectronics/X-CUBE-AI/3.0.0/Middlewares/ST/AI/Lib/GCC/ARMCortexM4/NetworkRuntime1100_CM4_GCC.a(forward_lite_dense_is8os8ws8_ch.o)
 .ARM.attributes
                0x000001d3       0x30 /home/docker/STM32Cube/Repository/Packs/STMicroelectronics/X-CUBE-AI/3.0.0/Middlewares/ST/AI/Lib/GCC/ARMCortexM4/NetworkRuntime1100_CM4_GCC.a(forward_lite_avepool_is8os8.o)
 .ARM.attributes
                0x00000203       0x30 /home/docker/STM32Cube/Repository/Packs/STMicroelectronics/X-CUBE-AI/3.0.0/Middlewares/ST/AI/Lib/GCC/ARMCortexM4/NetworkRuntime1100_CM4_GCC.a(forward_lite_pw_sssa8_ch.o)
 .ARM.attributes
                0x00000233       0x30 /home/docker/STM32Cube/Repository/Packs/STMicroelectronics/X-CUBE-AI/3.0.0/Middlewares/ST/AI/Lib/GCC/ARMCortexM4/NetworkRuntime1100_CM4_GCC.a(forward_lite_conv2d_sssa8_ch.o)
 .ARM.attributes
                0x00000263       0x30 /home/docker/STM32Cube/Repository/Packs/STMicroelectronics/X-CUBE-AI/3.0.0/Middlewares/ST/AI/Lib/GCC/ARMCortexM4/NetworkRuntime1100_CM4_GCC.a(lite_nl_generic_integer.o)
 .ARM.attributes
                0x00000293       0x30 /home/docker/STM32Cube/Repository/Packs/STMicroelectronics/X-CUBE-AI/3.0.0/Middlewares/ST/AI/Lib/GCC/ARMCortexM4/NetworkRuntime1100_CM4_GCC.a(forward_lite_pad_generic.o)
 .ARM.attributes
                0x000002c3       0x30 /home/docker/STM32Cube/Repository/Packs/STMicroelectronics/X-CUBE-AI/3.0.0/Middlewares/ST/AI/Lib/GCC/ARMCortexM4/NetworkRuntime1100_CM4_GCC.a(st_align_factor.o)
 .ARM.attributes
                0x000002f3       0x30 /home/docker/STM32Cube/Repository/Packs/STMicroelectronics/X-CUBE-AI/3.0.0/Middlewares/ST/AI/Lib/GCC/ARMCortexM4/NetworkRuntime1100_CM4_GCC.a(st_int8_to16_no_shift.o)
 .ARM.attributes
                0x00000323       0x30 /home/docker/STM32Cube/Repository/Packs/STMicroelectronics/X-CUBE-AI/3.0.0/Middlewares/ST/AI/Lib/GCC/ARMCortexM4/NetworkRuntime1100_CM4_GCC.a(st_padding_opt.o)
 .ARM.attributes
                0x00000353       0x30 /home/docker/STM32Cube/Repository/Packs/STMicroelectronics/X-CUBE-AI/3.0.0/Middlewares/ST/AI/Lib/GCC/ARMCortexM4/NetworkRuntime1100_CM4_GCC.a(st_int8_pool.o)
 .ARM.attributes
                0x00000383       0x30 /home/docker/STM32Cube/Repository/Packs/STMicroelectronics/X-CUBE-AI/3.0.0/Middlewares/ST/AI/Lib/GCC/ARMCortexM4/NetworkRuntime1100_CM4_GCC.a(st_int16_fill.o)
 .ARM.attributes
                0x000003b3       0x30 /home/docker/STM32Cube/Repository/Packs/STMicroelectronics/X-CUBE-AI/3.0.0/Middlewares/ST/AI/Lib/GCC/ARMCortexM4/NetworkRuntime1100_CM4_GCC.a(st_sssa8_ch_convolve.o)
 .ARM.attributes
                0x000003e3       0x30 /home/docker/STM32Cube/Repository/Packs/STMicroelectronics/X-CUBE-AI/3.0.0/Middlewares/ST/AI/Lib/GCC/ARMCortexM4/NetworkRuntime1100_CM4_GCC.a(st_sssa8_ch_dense.o)
 .ARM.attributes
                0x00000413       0x30 /home/docker/STM32Cube/Repository/Packs/STMicroelectronics/X-CUBE-AI/3.0.0/Middlewares/ST/AI/Lib/GCC/ARMCortexM4/NetworkRuntime1100_CM4_GCC.a(st_int8_fill.o)
 .ARM.attributes
                0x00000443       0x30 /home/docker/STM32Cube/Repository/Packs/STMicroelectronics/X-CUBE-AI/3.0.0/Middlewares/ST/AI/Lib/GCC/ARMCortexM4/NetworkRuntime1100_CM4_GCC.a(st_int8_reordered_no_shift.o)
 .ARM.attributes
                0x00000473       0x30 /home/docker/STM32Cube/Repository/Packs/STMicroelectronics/X-CUBE-AI/3.0.0/Middlewares/ST/AI/Lib/GCC/ARMCortexM4/NetworkRuntime1100_CM4_GCC.a(st_sssa8_ch_nn_mat_mult_conv2d_nt_t.o)
 .ARM.attributes
                0x000004a3       0x30 /home/docker/STM32Cube/Repository/Packs/STMicroelectronics/X-CUBE-AI/3.0.0/Middlewares/ST/AI/Lib/GCC/ARMCortexM4/NetworkRuntime1100_CM4_GCC.a(st_sssa8_ch_nn_mat_mult_kernel_single_opt.o)
 .ARM.attributes
                0x000004d3       0x30 /home/docker/STM32Cube/Repository/Packs/STMicroelectronics/X-CUBE-AI/3.0.0/Middlewares/ST/AI/Lib/GCC/ARMCortexM4/NetworkRuntime1100_CM4_GCC.a(st_sssa8_ch_nn_mat_mult_nt_t.o)
 .ARM.attributes
                0x00000503       0x1c /home/docker/STM32Cube/Repository/Packs/STMicroelectronics/X-CUBE-AI/3.0.0/Middlewares/ST/AI/Lib/GCC/ARMCortexM4/NetworkRuntime1100_CM4_GCC.a(st_sssa8_ch_nn_mat_mult_deep_conv2d_3x3.o)
 .ARM.attributes
                0x0000051f       0x1c /home/docker/STM32Cube/Repository/Packs/STMicroelectronics/X-CUBE-AI/3.0.0/Middlewares/ST/AI/Lib/GCC/ARMCortexM4/NetworkRuntime1100_CM4_GCC.a(st_sssa8_ch_nn_mat_mult_kernel_opt.o)
 .ARM.attributes
                0x0000053b       0x1c /home/docker/STM32Cube/Repository/Packs/STMicroelectronics/X-CUBE-AI/3.0.0/Middlewares/ST/AI/Lib/GCC/ARMCortexM4/NetworkRuntime1100_CM4_GCC.a(st_sssa8_ch_nn_mat_mult_pw_nt_t.o)
 .ARM.attributes
                0x00000557       0x30 /home/docker/STM32Cube/Repository/Packs/STMicroelectronics/X-CUBE-AI/3.0.0/Middlewares/ST/AI/Lib/GCC/ARMCortexM4/NetworkRuntime1100_CM4_GCC.a(ai_math_helpers.o)
 .ARM.attributes
                0x00000587       0x30 /home/docker/STM32Cube/Repository/Packs/STMicroelectronics/X-CUBE-AI/3.0.0/Middlewares/ST/AI/Lib/GCC/ARMCortexM4/NetworkRuntime1100_CM4_GCC.a(core_utils.o)
 .ARM.attributes
                0x000005b7       0x30 /home/docker/STM32Cube/Repository/Packs/STMicroelectronics/X-CUBE-AI/3.0.0/Middlewares/ST/AI/Lib/GCC/ARMCortexM4/NetworkRuntime1100_CM4_GCC.a(ai_math_elementwise_sum_int8.o)
 .ARM.attributes
                0x000005e7       0x30 /home/docker/STM32Cube/Repository/Packs/STMicroelectronics/X-CUBE-AI/3.0.0/Middlewares/ST/AI/Lib/GCC/ARMCortexM4/NetworkRuntime1100_CM4_GCC.a(lite_nl_softmax_is8os8.o)
 .ARM.attributes
                0x00000617       0x34 /opt/st/stm32cubeide_1.19.0.25.U3-2M-A2/plugins/com.st.stm32cube.ide.mcu.externaltools.gnu-tools-for-stm32.13.3.rel1.linux64_1.0.0.202508111337/tools/bin/../lib/gcc/arm-none-eabi/13.3.1/../../../../arm-none-eabi/lib/thumb/v7e-m+fp/hard/libc_nano.a(libc_a-init.o)
 .ARM.attributes
                0x0000064b       0x34 /opt/st/stm32cubeide_1.19.0.25.U3-2M-A2/plugins/com.st.stm32cube.ide.mcu.externaltools.gnu-tools-for-stm32.13.3.rel1.linux64_1.0.0.202508111337/tools/bin/../lib/gcc/arm-none-eabi/13.3.1/../../../../arm-none-eabi/lib/thumb/v7e-m+fp/hard/libc_nano.a(libc_a-memcpy-stub.o)
 .ARM.attributes
                0x0000067f       0x22 /opt/st/stm32cubeide_1.19.0.25.U3-2M-A2/plugins/com.st.stm32cube.ide.mcu.externaltools.gnu-tools-for-stm32.13.3.rel1.linux64_1.0.0.202508111337/tools/bin/../lib/gcc/arm-none-eabi/13.3.1/thumb/v7e-m+fp/hard/crtn.o
OUTPUT(network.elf elf32-littlearm)
LOAD linker stubs
LOAD /opt/st/stm32cubeide_1.19.0.25.U3-2M-A2/plugins/com.st.stm32cube.ide.mcu.externaltools.gnu-tools-for-stm32.13.3.rel1.linux64_1.0.0.202508111337/tools/bin/../lib/gcc/arm-none-eabi/13.3.1/../../../../arm-none-eabi/lib/thumb/v7e-m+fp/hard/libc.a
LOAD /opt/st/stm32cubeide_1.19.0.25.U3-2M-A2/plugins/com.st.stm32cube.ide.mcu.externaltools.gnu-tools-for-stm32.13.3.rel1.linux64_1.0.0.202508111337/tools/bin/../lib/gcc/arm-none-eabi/13.3.1/../../../../arm-none-eabi/lib/thumb/v7e-m+fp/hard/libm.a
LOAD /opt/st/stm32cubeide_1.19.0.25.U3-2M-A2/plugins/com.st.stm32cube.ide.mcu.externaltools.gnu-tools-for-stm32.13.3.rel1.linux64_1.0.0.202508111337/tools/bin/../lib/gcc/arm-none-eabi/13.3.1/thumb/v7e-m+fp/hard/libgcc.a

.debug_line     0x00000000     0x2f79
 .debug_line    0x00000000       0xed startup_stm32xx.o
 .debug_line    0x000000ed     0x2404 network.o
 .debug_line    0x000024f1      0x444 network_data.o
 .debug_line    0x00002935      0x644 stedgeai_app_main.o

.debug_info     0x00000000     0x69a3
 .debug_info    0x00000000       0x32 startup_stm32xx.o
 .debug_info    0x00000032     0x5f02 network.o
 .debug_info    0x00005f34      0x569 network_data.o
 .debug_info    0x0000649d      0x506 stedgeai_app_main.o

.debug_abbrev   0x00000000      0x645
 .debug_abbrev  0x00000000       0x24 startup_stm32xx.o
 .debug_abbrev  0x00000024      0x403 network.o
 .debug_abbrev  0x00000427       0x8e network_data.o
 .debug_abbrev  0x000004b5      0x190 stedgeai_app_main.o

.debug_aranges  0x00000000      0x160
 .debug_aranges
                0x00000000       0x28 startup_stm32xx.o
 .debug_aranges
                0x00000028       0xe0 network.o
 .debug_aranges
                0x00000108       0x18 network_data.o
 .debug_aranges
                0x00000120       0x40 stedgeai_app_main.o

.debug_str      0x00000000    0x1a3e0
 .debug_str     0x00000000    0x1a3e0 startup_stm32xx.o
                                0x100 (size before relaxing)
 .debug_str     0x0001a3e0    0x19f8b network.o
 .debug_str     0x0001a3e0     0x4a9f network_data.o
 .debug_str     0x0001a3e0     0x9b50 stedgeai_app_main.o

.debug_ranges   0x00000000      0x198
 .debug_ranges  0x00000000       0x20 startup_stm32xx.o
 .debug_ranges  0x00000020      0x148 network.o
 .debug_ranges  0x00000168       0x30 stedgeai_app_main.o

.debug_loc      0x00000000     0x204c
 .debug_loc     0x00000000     0x204c network.o

.debug_macro    0x00000000     0x298c
 .debug_macro   0x00000000      0x66c network.o
 .debug_macro   0x0000066c       0x8e network.o
 .debug_macro   0x000006fa       0x51 network.o
 .debug_macro   0x0000074b       0x74 network.o
 .debug_macro   0x000007bf       0x3a network.o
 .debug_macro   0x000007f9       0x3c network.o
 .debug_macro   0x00000835      0x4cc network.o
 .debug_macro   0x00000d01       0x46 network.o
 .debug_macro   0x00000d47       0x22 network.o
 .debug_macro   0x00000d69      0x342 network.o
 .debug_macro   0x000010ab       0x16 network.o
 .debug_macro   0x000010c1       0x10 network.o
 .debug_macro   0x000010d1       0x20 network.o
 .debug_macro   0x000010f1       0x22 network.o
 .debug_macro   0x00001113       0x10 network.o
 .debug_macro   0x00001123       0xc0 network.o
 .debug_macro   0x000011e3      0x229 network.o
 .debug_macro   0x0000140c       0x2e network.o
 .debug_macro   0x0000143a       0xcf network.o
 .debug_macro   0x00001509      0x1ed network.o
 .debug_macro   0x000016f6       0x16 network.o
 .debug_macro   0x0000170c       0x2e network.o
 .debug_macro   0x0000173a       0xdc network.o
 .debug_macro   0x00001816       0x4d network.o
 .debug_macro   0x00001863       0x25 network.o
 .debug_macro   0x00001888       0x6d network.o
 .debug_macro   0x000018f5       0x16 network.o
 .debug_macro   0x0000190b       0x7c network.o
 .debug_macro   0x00001987       0x22 network.o
 .debug_macro   0x000019a9       0x10 network.o
 .debug_macro   0x000019b9       0x11 network.o
 .debug_macro   0x000019ca       0x2e network.o
 .debug_macro   0x000019f8       0x2e network.o
 .debug_macro   0x00001a26      0x19b network.o
 .debug_macro   0x00001bc1       0x7c network.o
 .debug_macro   0x00001c3d       0x17 network.o
 .debug_macro   0x00001c54      0x118 network.o
 .debug_macro   0x00001d6c      0x202 network.o
 .debug_macro   0x00001f6e       0x3a network.o
 .debug_macro   0x00001fa8       0x16 network.o
 .debug_macro   0x00001fbe      0x464 network.o
 .debug_macro   0x00002422       0x16 network.o
 .debug_macro   0x00002438       0x10 network.o
 .debug_macro   0x00002448       0x93 network_data.o
 .debug_macro   0x000024db       0x28 network_data.o
 .debug_macro   0x00002503       0xab network_data.o
 .debug_macro   0x000025ae      0x1dc stedgeai_app_main.o
 .debug_macro   0x0000278a       0x16 stedgeai_app_main.o
 .debug_macro   0x000027a0       0x9e stedgeai_app_main.o
 .debug_macro   0x0000283e      0x112 stedgeai_app_main.o
 .debug_macro   0x00002950       0x16 stedgeai_app_main.o
 .debug_macro   0x00002966       0x16 stedgeai_app_main.o
 .debug_macro   0x0000297c       0x10 stedgeai_app_main.o

.comment        0x00000000       0x43
 .comment       0x00000000       0x43 network.o
                                 0x44 (size before relaxing)
 .comment       0x00000043       0x44 network_data.o
 .comment       0x00000043       0x44 stedgeai_app_main.o
 .comment       0x00000043       0x44 /home/docker/STM32Cube/Repository/Packs/STMicroelectronics/X-CUBE-AI/3.0.0/Middlewares/ST/AI/Lib/GCC/ARMCortexM4/NetworkRuntime1100_CM4_GCC.a(layers_conv2d_stm32_integer.o)
 .comment       0x00000043       0x44 /home/docker/STM32Cube/Repository/Packs/STMicroelectronics/X-CUBE-AI/3.0.0/Middlewares/ST/AI/Lib/GCC/ARMCortexM4/NetworkRuntime1100_CM4_GCC.a(layers_pool_stm32_integer.o)
 .comment       0x00000043       0x44 /home/docker/STM32Cube/Repository/Packs/STMicroelectronics/X-CUBE-AI/3.0.0/Middlewares/ST/AI/Lib/GCC/ARMCortexM4/NetworkRuntime1100_CM4_GCC.a(layers_stm32_integer.o)
 .comment       0x00000043       0x44 /home/docker/STM32Cube/Repository/Packs/STMicroelectronics/X-CUBE-AI/3.0.0/Middlewares/ST/AI/Lib/GCC/ARMCortexM4/NetworkRuntime1100_CM4_GCC.a(forward_lite_dense_is8os8ws8_ch.o)
 .comment       0x00000043       0x44 /home/docker/STM32Cube/Repository/Packs/STMicroelectronics/X-CUBE-AI/3.0.0/Middlewares/ST/AI/Lib/GCC/ARMCortexM4/NetworkRuntime1100_CM4_GCC.a(forward_lite_avepool_is8os8.o)
 .comment       0x00000043       0x44 /home/docker/STM32Cube/Repository/Packs/STMicroelectronics/X-CUBE-AI/3.0.0/Middlewares/ST/AI/Lib/GCC/ARMCortexM4/NetworkRuntime1100_CM4_GCC.a(forward_lite_pw_sssa8_ch.o)
 .comment       0x00000043       0x44 /home/docker/STM32Cube/Repository/Packs/STMicroelectronics/X-CUBE-AI/3.0.0/Middlewares/ST/AI/Lib/GCC/ARMCortexM4/NetworkRuntime1100_CM4_GCC.a(forward_lite_conv2d_sssa8_ch.o)
 .comment       0x00000043       0x44 /home/docker/STM32Cube/Repository/Packs/STMicroelectronics/X-CUBE-AI/3.0.0/Middlewares/ST/AI/Lib/GCC/ARMCortexM4/NetworkRuntime1100_CM4_GCC.a(lite_nl_generic_integer.o)
 .comment       0x00000043       0x44 /home/docker/STM32Cube/Repository/Packs/STMicroelectronics/X-CUBE-AI/3.0.0/Middlewares/ST/AI/Lib/GCC/ARMCortexM4/NetworkRuntime1100_CM4_GCC.a(forward_lite_pad_generic.o)
 .comment       0x00000043       0x44 /home/docker/STM32Cube/Repository/Packs/STMicroelectronics/X-CUBE-AI/3.0.0/Middlewares/ST/AI/Lib/GCC/ARMCortexM4/NetworkRuntime1100_CM4_GCC.a(st_align_factor.o)
 .comment       0x00000043       0x44 /home/docker/STM32Cube/Repository/Packs/STMicroelectronics/X-CUBE-AI/3.0.0/Middlewares/ST/AI/Lib/GCC/ARMCortexM4/NetworkRuntime1100_CM4_GCC.a(st_int8_to16_no_shift.o)
 .comment       0x00000043       0x44 /home/docker/STM32Cube/Repository/Packs/STMicroelectronics/X-CUBE-AI/3.0.0/Middlewares/ST/AI/Lib/GCC/ARMCortexM4/NetworkRuntime1100_CM4_GCC.a(st_padding_opt.o)
 .comment       0x00000043       0x44 /home/docker/STM32Cube/Repository/Packs/STMicroelectronics/X-CUBE-AI/3.0.0/Middlewares/ST/AI/Lib/GCC/ARMCortexM4/NetworkRuntime1100_CM4_GCC.a(st_int8_pool.o)
 .comment       0x00000043       0x44 /home/docker/STM32Cube/Repository/Packs/STMicroelectronics/X-CUBE-AI/3.0.0/Middlewares/ST/AI/Lib/GCC/ARMCortexM4/NetworkRuntime1100_CM4_GCC.a(st_int16_fill.o)
 .comment       0x00000043       0x44 /home/docker/STM32Cube/Repository/Packs/STMicroelectronics/X-CUBE-AI/3.0.0/Middlewares/ST/AI/Lib/GCC/ARMCortexM4/NetworkRuntime1100_CM4_GCC.a(st_sssa8_ch_convolve.o)
 .comment       0x00000043       0x44 /home/docker/STM32Cube/Repository/Packs/STMicroelectronics/X-CUBE-AI/3.0.0/Middlewares/ST/AI/Lib/GCC/ARMCortexM4/NetworkRuntime1100_CM4_GCC.a(st_sssa8_ch_dense.o)
 .comment       0x00000043       0x44 /home/docker/STM32Cube/Repository/Packs/STMicroelectronics/X-CUBE-AI/3.0.0/Middlewares/ST/AI/Lib/GCC/ARMCortexM4/NetworkRuntime1100_CM4_GCC.a(st_int8_fill.o)
 .comment       0x00000043       0x44 /home/docker/STM32Cube/Repository/Packs/STMicroelectronics/X-CUBE-AI/3.0.0/Middlewares/ST/AI/Lib/GCC/ARMCortexM4/NetworkRuntime1100_CM4_GCC.a(st_int8_reordered_no_shift.o)
 .comment       0x00000043       0x44 /home/docker/STM32Cube/Repository/Packs/STMicroelectronics/X-CUBE-AI/3.0.0/Middlewares/ST/AI/Lib/GCC/ARMCortexM4/NetworkRuntime1100_CM4_GCC.a(st_sssa8_ch_nn_mat_mult_conv2d_nt_t.o)
 .comment       0x00000043       0x44 /home/docker/STM32Cube/Repository/Packs/STMicroelectronics/X-CUBE-AI/3.0.0/Middlewares/ST/AI/Lib/GCC/ARMCortexM4/NetworkRuntime1100_CM4_GCC.a(st_sssa8_ch_nn_mat_mult_kernel_single_opt.o)
 .comment       0x00000043       0x44 /home/docker/STM32Cube/Repository/Packs/STMicroelectronics/X-CUBE-AI/3.0.0/Middlewares/ST/AI/Lib/GCC/ARMCortexM4/NetworkRuntime1100_CM4_GCC.a(st_sssa8_ch_nn_mat_mult_nt_t.o)
 .comment       0x00000043       0x44 /home/docker/STM32Cube/Repository/Packs/STMicroelectronics/X-CUBE-AI/3.0.0/Middlewares/ST/AI/Lib/GCC/ARMCortexM4/NetworkRuntime1100_CM4_GCC.a(ai_math_helpers.o)
 .comment       0x00000043       0x44 /home/docker/STM32Cube/Repository/Packs/STMicroelectronics/X-CUBE-AI/3.0.0/Middlewares/ST/AI/Lib/GCC/ARMCortexM4/NetworkRuntime1100_CM4_GCC.a(core_utils.o)
 .comment       0x00000043       0x44 /home/docker/STM32Cube/Repository/Packs/STMicroelectronics/X-CUBE-AI/3.0.0/Middlewares/ST/AI/Lib/GCC/ARMCortexM4/NetworkRuntime1100_CM4_GCC.a(ai_math_elementwise_sum_int8.o)
 .comment       0x00000043       0x44 /home/docker/STM32Cube/Repository/Packs/STMicroelectronics/X-CUBE-AI/3.0.0/Middlewares/ST/AI/Lib/GCC/ARMCortexM4/NetworkRuntime1100_CM4_GCC.a(lite_nl_softmax_is8os8.o)

.debug_frame    0x00000000      0x3a8
 .debug_frame   0x00000000      0x2d8 network.o
 .debug_frame   0x000002d8       0x7c stedgeai_app_main.o
 .debug_frame   0x00000354       0x2c /opt/st/stm32cubeide_1.19.0.25.U3-2M-A2/plugins/com.st.stm32cube.ide.mcu.externaltools.gnu-tools-for-stm32.13.3.rel1.linux64_1.0.0.202508111337/tools/bin/../lib/gcc/arm-none-eabi/13.3.1/../../../../arm-none-eabi/lib/thumb/v7e-m+fp/hard/libc_nano.a(libc_a-init.o)
 .debug_frame   0x00000380       0x28 /opt/st/stm32cubeide_1.19.0.25.U3-2M-A2/plugins/com.st.stm32cube.ide.mcu.externaltools.gnu-tools-for-stm32.13.3.rel1.linux64_1.0.0.202508111337/tools/bin/../lib/gcc/arm-none-eabi/13.3.1/../../../../arm-none-eabi/lib/thumb/v7e-m+fp/hard/libc_nano.a(libc_a-memcpy-stub.o)

Cross Reference Table

Symbol                                            File
BusFault_Handler                                  startup_stm32xx.o
DebugMon_Handler                                  startup_stm32xx.o
Default_Handler                                   startup_stm32xx.o
HardFault_Handler                                 startup_stm32xx.o
MemManage_Handler                                 startup_stm32xx.o
NMI_Handler                                       startup_stm32xx.o
PendSV_Handler                                    startup_stm32xx.o
Reset_Handler                                     startup_stm32xx.o
SVC_Handler                                       startup_stm32xx.o
SysTick_Handler                                   startup_stm32xx.o
SystemInit                                        stedgeai_app_main.o
                                                  startup_stm32xx.o
UsageFault_Handler                                startup_stm32xx.o
_Min_Stack_Size                                   sysmem.o
__adddf3                                          /opt/st/stm32cubeide_1.19.0.25.U3-2M-A2/plugins/com.st.stm32cube.ide.mcu.externaltools.gnu-tools-for-stm32.13.3.rel1.linux64_1.0.0.202508111337/tools/bin/../lib/gcc/arm-none-eabi/13.3.1/thumb/v7e-m+fp/hard/libgcc.a(_arm_addsubdf3.o)
__aeabi_cdcmpeq                                   /opt/st/stm32cubeide_1.19.0.25.U3-2M-A2/plugins/com.st.stm32cube.ide.mcu.externaltools.gnu-tools-for-stm32.13.3.rel1.linux64_1.0.0.202508111337/tools/bin/../lib/gcc/arm-none-eabi/13.3.1/thumb/v7e-m+fp/hard/libgcc.a(_arm_cmpdf2.o)
__aeabi_cdcmple                                   /opt/st/stm32cubeide_1.19.0.25.U3-2M-A2/plugins/com.st.stm32cube.ide.mcu.externaltools.gnu-tools-for-stm32.13.3.rel1.linux64_1.0.0.202508111337/tools/bin/../lib/gcc/arm-none-eabi/13.3.1/thumb/v7e-m+fp/hard/libgcc.a(_arm_cmpdf2.o)
__aeabi_cdrcmple                                  /opt/st/stm32cubeide_1.19.0.25.U3-2M-A2/plugins/com.st.stm32cube.ide.mcu.externaltools.gnu-tools-for-stm32.13.3.rel1.linux64_1.0.0.202508111337/tools/bin/../lib/gcc/arm-none-eabi/13.3.1/thumb/v7e-m+fp/hard/libgcc.a(_arm_cmpdf2.o)
__aeabi_d2f                                       /opt/st/stm32cubeide_1.19.0.25.U3-2M-A2/plugins/com.st.stm32cube.ide.mcu.externaltools.gnu-tools-for-stm32.13.3.rel1.linux64_1.0.0.202508111337/tools/bin/../lib/gcc/arm-none-eabi/13.3.1/thumb/v7e-m+fp/hard/libgcc.a(_arm_truncdfsf2.o)
                                                  /opt/st/stm32cubeide_1.19.0.25.U3-2M-A2/plugins/com.st.stm32cube.ide.mcu.externaltools.gnu-tools-for-stm32.13.3.rel1.linux64_1.0.0.202508111337/tools/bin/../lib/gcc/arm-none-eabi/13.3.1/../../../../arm-none-eabi/lib/thumb/v7e-m+fp/hard/libm.a(libm_a-sf_erf.o)
__aeabi_d2uiz                                     /opt/st/stm32cubeide_1.19.0.25.U3-2M-A2/plugins/com.st.stm32cube.ide.mcu.externaltools.gnu-tools-for-stm32.13.3.rel1.linux64_1.0.0.202508111337/tools/bin/../lib/gcc/arm-none-eabi/13.3.1/thumb/v7e-m+fp/hard/libgcc.a(_arm_fixunsdfsi.o)
                                                  /opt/st/stm32cubeide_1.19.0.25.U3-2M-A2/plugins/com.st.stm32cube.ide.mcu.externaltools.gnu-tools-for-stm32.13.3.rel1.linux64_1.0.0.202508111337/tools/bin/../lib/gcc/arm-none-eabi/13.3.1/thumb/v7e-m+fp/hard/libgcc.a(_fixunssfdi.o)
__aeabi_dadd                                      /opt/st/stm32cubeide_1.19.0.25.U3-2M-A2/plugins/com.st.stm32cube.ide.mcu.externaltools.gnu-tools-for-stm32.13.3.rel1.linux64_1.0.0.202508111337/tools/bin/../lib/gcc/arm-none-eabi/13.3.1/thumb/v7e-m+fp/hard/libgcc.a(_arm_addsubdf3.o)
__aeabi_dcmpeq                                    /opt/st/stm32cubeide_1.19.0.25.U3-2M-A2/plugins/com.st.stm32cube.ide.mcu.externaltools.gnu-tools-for-stm32.13.3.rel1.linux64_1.0.0.202508111337/tools/bin/../lib/gcc/arm-none-eabi/13.3.1/thumb/v7e-m+fp/hard/libgcc.a(_arm_cmpdf2.o)
                                                  /opt/st/stm32cubeide_1.19.0.25.U3-2M-A2/plugins/com.st.stm32cube.ide.mcu.externaltools.gnu-tools-for-stm32.13.3.rel1.linux64_1.0.0.202508111337/tools/bin/../lib/gcc/arm-none-eabi/13.3.1/../../../../arm-none-eabi/lib/thumb/v7e-m+fp/hard/libm.a(libm_a-math_err.o)
__aeabi_dcmpge                                    /opt/st/stm32cubeide_1.19.0.25.U3-2M-A2/plugins/com.st.stm32cube.ide.mcu.externaltools.gnu-tools-for-stm32.13.3.rel1.linux64_1.0.0.202508111337/tools/bin/../lib/gcc/arm-none-eabi/13.3.1/thumb/v7e-m+fp/hard/libgcc.a(_arm_cmpdf2.o)
__aeabi_dcmpgt                                    /opt/st/stm32cubeide_1.19.0.25.U3-2M-A2/plugins/com.st.stm32cube.ide.mcu.externaltools.gnu-tools-for-stm32.13.3.rel1.linux64_1.0.0.202508111337/tools/bin/../lib/gcc/arm-none-eabi/13.3.1/thumb/v7e-m+fp/hard/libgcc.a(_arm_cmpdf2.o)
__aeabi_dcmple                                    /opt/st/stm32cubeide_1.19.0.25.U3-2M-A2/plugins/com.st.stm32cube.ide.mcu.externaltools.gnu-tools-for-stm32.13.3.rel1.linux64_1.0.0.202508111337/tools/bin/../lib/gcc/arm-none-eabi/13.3.1/thumb/v7e-m+fp/hard/libgcc.a(_arm_cmpdf2.o)
                                                  /opt/st/stm32cubeide_1.19.0.25.U3-2M-A2/plugins/com.st.stm32cube.ide.mcu.externaltools.gnu-tools-for-stm32.13.3.rel1.linux64_1.0.0.202508111337/tools/bin/../lib/gcc/arm-none-eabi/13.3.1/../../../../arm-none-eabi/lib/thumb/v7e-m+fp/hard/libm.a(libm_a-math_err.o)
__aeabi_dcmplt                                    /opt/st/stm32cubeide_1.19.0.25.U3-2M-A2/plugins/com.st.stm32cube.ide.mcu.externaltools.gnu-tools-for-stm32.13.3.rel1.linux64_1.0.0.202508111337/tools/bin/../lib/gcc/arm-none-eabi/13.3.1/thumb/v7e-m+fp/hard/libgcc.a(_arm_cmpdf2.o)
__aeabi_dcmpun                                    /opt/st/stm32cubeide_1.19.0.25.U3-2M-A2/plugins/com.st.stm32cube.ide.mcu.externaltools.gnu-tools-for-stm32.13.3.rel1.linux64_1.0.0.202508111337/tools/bin/../lib/gcc/arm-none-eabi/13.3.1/thumb/v7e-m+fp/hard/libgcc.a(_arm_unorddf2.o)
                                                  /opt/st/stm32cubeide_1.19.0.25.U3-2M-A2/plugins/com.st.stm32cube.ide.mcu.externaltools.gnu-tools-for-stm32.13.3.rel1.linux64_1.0.0.202508111337/tools/bin/../lib/gcc/arm-none-eabi/13.3.1/../../../../arm-none-eabi/lib/thumb/v7e-m+fp/hard/libm.a(libm_a-math_err.o)
__aeabi_ddiv                                      /opt/st/stm32cubeide_1.19.0.25.U3-2M-A2/plugins/com.st.stm32cube.ide.mcu.externaltools.gnu-tools-for-stm32.13.3.rel1.linux64_1.0.0.202508111337/tools/bin/../lib/gcc/arm-none-eabi/13.3.1/thumb/v7e-m+fp/hard/libgcc.a(_arm_muldivdf3.o)
                                                  /opt/st/stm32cubeide_1.19.0.25.U3-2M-A2/plugins/com.st.stm32cube.ide.mcu.externaltools.gnu-tools-for-stm32.13.3.rel1.linux64_1.0.0.202508111337/tools/bin/../lib/gcc/arm-none-eabi/13.3.1/../../../../arm-none-eabi/lib/thumb/v7e-m+fp/hard/libm.a(libm_a-math_err.o)
__aeabi_dmul                                      /opt/st/stm32cubeide_1.19.0.25.U3-2M-A2/plugins/com.st.stm32cube.ide.mcu.externaltools.gnu-tools-for-stm32.13.3.rel1.linux64_1.0.0.202508111337/tools/bin/../lib/gcc/arm-none-eabi/13.3.1/thumb/v7e-m+fp/hard/libgcc.a(_arm_muldivdf3.o)
                                                  /opt/st/stm32cubeide_1.19.0.25.U3-2M-A2/plugins/com.st.stm32cube.ide.mcu.externaltools.gnu-tools-for-stm32.13.3.rel1.linux64_1.0.0.202508111337/tools/bin/../lib/gcc/arm-none-eabi/13.3.1/thumb/v7e-m+fp/hard/libgcc.a(_arm_muldf3.o)
                                                  /opt/st/stm32cubeide_1.19.0.25.U3-2M-A2/plugins/com.st.stm32cube.ide.mcu.externaltools.gnu-tools-for-stm32.13.3.rel1.linux64_1.0.0.202508111337/tools/bin/../lib/gcc/arm-none-eabi/13.3.1/../../../../arm-none-eabi/lib/thumb/v7e-m+fp/hard/libm.a(libm_a-math_err.o)
                                                  /opt/st/stm32cubeide_1.19.0.25.U3-2M-A2/plugins/com.st.stm32cube.ide.mcu.externaltools.gnu-tools-for-stm32.13.3.rel1.linux64_1.0.0.202508111337/tools/bin/../lib/gcc/arm-none-eabi/13.3.1/thumb/v7e-m+fp/hard/libgcc.a(_fixunssfdi.o)
__aeabi_drsub                                     /opt/st/stm32cubeide_1.19.0.25.U3-2M-A2/plugins/com.st.stm32cube.ide.mcu.externaltools.gnu-tools-for-stm32.13.3.rel1.linux64_1.0.0.202508111337/tools/bin/../lib/gcc/arm-none-eabi/13.3.1/thumb/v7e-m+fp/hard/libgcc.a(_arm_addsubdf3.o)
__aeabi_dsub                                      /opt/st/stm32cubeide_1.19.0.25.U3-2M-A2/plugins/com.st.stm32cube.ide.mcu.externaltools.gnu-tools-for-stm32.13.3.rel1.linux64_1.0.0.202508111337/tools/bin/../lib/gcc/arm-none-eabi/13.3.1/thumb/v7e-m+fp/hard/libgcc.a(_arm_addsubdf3.o)
                                                  /opt/st/stm32cubeide_1.19.0.25.U3-2M-A2/plugins/com.st.stm32cube.ide.mcu.externaltools.gnu-tools-for-stm32.13.3.rel1.linux64_1.0.0.202508111337/tools/bin/../lib/gcc/arm-none-eabi/13.3.1/../../../../arm-none-eabi/lib/thumb/v7e-m+fp/hard/libm.a(libm_a-math_err.o)
                                                  /opt/st/stm32cubeide_1.19.0.25.U3-2M-A2/plugins/com.st.stm32cube.ide.mcu.externaltools.gnu-tools-for-stm32.13.3.rel1.linux64_1.0.0.202508111337/tools/bin/../lib/gcc/arm-none-eabi/13.3.1/thumb/v7e-m+fp/hard/libgcc.a(_fixunssfdi.o)
__aeabi_f2d                                       /opt/st/stm32cubeide_1.19.0.25.U3-2M-A2/plugins/com.st.stm32cube.ide.mcu.externaltools.gnu-tools-for-stm32.13.3.rel1.linux64_1.0.0.202508111337/tools/bin/../lib/gcc/arm-none-eabi/13.3.1/thumb/v7e-m+fp/hard/libgcc.a(_arm_addsubdf3.o)
                                                  /opt/st/stm32cubeide_1.19.0.25.U3-2M-A2/plugins/com.st.stm32cube.ide.mcu.externaltools.gnu-tools-for-stm32.13.3.rel1.linux64_1.0.0.202508111337/tools/bin/../lib/gcc/arm-none-eabi/13.3.1/thumb/v7e-m+fp/hard/libgcc.a(_fixunssfdi.o)
__aeabi_f2lz                                      /opt/st/stm32cubeide_1.19.0.25.U3-2M-A2/plugins/com.st.stm32cube.ide.mcu.externaltools.gnu-tools-for-stm32.13.3.rel1.linux64_1.0.0.202508111337/tools/bin/../lib/gcc/arm-none-eabi/13.3.1/thumb/v7e-m+fp/hard/libgcc.a(_fixsfdi.o)
                                                  /home/docker/STM32Cube/Repository/Packs/STMicroelectronics/X-CUBE-AI/3.0.0/Middlewares/ST/AI/Lib/GCC/ARMCortexM4/NetworkRuntime1100_CM4_GCC.a(st_align_factor.o)
__aeabi_f2ulz                                     /opt/st/stm32cubeide_1.19.0.25.U3-2M-A2/plugins/com.st.stm32cube.ide.mcu.externaltools.gnu-tools-for-stm32.13.3.rel1.linux64_1.0.0.202508111337/tools/bin/../lib/gcc/arm-none-eabi/13.3.1/thumb/v7e-m+fp/hard/libgcc.a(_fixunssfdi.o)
                                                  /opt/st/stm32cubeide_1.19.0.25.U3-2M-A2/plugins/com.st.stm32cube.ide.mcu.externaltools.gnu-tools-for-stm32.13.3.rel1.linux64_1.0.0.202508111337/tools/bin/../lib/gcc/arm-none-eabi/13.3.1/thumb/v7e-m+fp/hard/libgcc.a(_fixsfdi.o)
__aeabi_i2d                                       /opt/st/stm32cubeide_1.19.0.25.U3-2M-A2/plugins/com.st.stm32cube.ide.mcu.externaltools.gnu-tools-for-stm32.13.3.rel1.linux64_1.0.0.202508111337/tools/bin/../lib/gcc/arm-none-eabi/13.3.1/thumb/v7e-m+fp/hard/libgcc.a(_arm_addsubdf3.o)
__aeabi_l2d                                       /opt/st/stm32cubeide_1.19.0.25.U3-2M-A2/plugins/com.st.stm32cube.ide.mcu.externaltools.gnu-tools-for-stm32.13.3.rel1.linux64_1.0.0.202508111337/tools/bin/../lib/gcc/arm-none-eabi/13.3.1/thumb/v7e-m+fp/hard/libgcc.a(_arm_addsubdf3.o)
__aeabi_ui2d                                      /opt/st/stm32cubeide_1.19.0.25.U3-2M-A2/plugins/com.st.stm32cube.ide.mcu.externaltools.gnu-tools-for-stm32.13.3.rel1.linux64_1.0.0.202508111337/tools/bin/../lib/gcc/arm-none-eabi/13.3.1/thumb/v7e-m+fp/hard/libgcc.a(_arm_addsubdf3.o)
                                                  /opt/st/stm32cubeide_1.19.0.25.U3-2M-A2/plugins/com.st.stm32cube.ide.mcu.externaltools.gnu-tools-for-stm32.13.3.rel1.linux64_1.0.0.202508111337/tools/bin/../lib/gcc/arm-none-eabi/13.3.1/thumb/v7e-m+fp/hard/libgcc.a(_fixunssfdi.o)
__aeabi_ul2d                                      /opt/st/stm32cubeide_1.19.0.25.U3-2M-A2/plugins/com.st.stm32cube.ide.mcu.externaltools.gnu-tools-for-stm32.13.3.rel1.linux64_1.0.0.202508111337/tools/bin/../lib/gcc/arm-none-eabi/13.3.1/thumb/v7e-m+fp/hard/libgcc.a(_arm_addsubdf3.o)
__bss_end__                                       /opt/st/stm32cubeide_1.19.0.25.U3-2M-A2/plugins/com.st.stm32cube.ide.mcu.externaltools.gnu-tools-for-stm32.13.3.rel1.linux64_1.0.0.202508111337/tools/bin/../lib/gcc/arm-none-eabi/13.3.1/../../../../arm-none-eabi/lib/thumb/v7e-m+fp/hard/crt0.o
__bss_start__                                     /opt/st/stm32cubeide_1.19.0.25.U3-2M-A2/plugins/com.st.stm32cube.ide.mcu.externaltools.gnu-tools-for-stm32.13.3.rel1.linux64_1.0.0.202508111337/tools/bin/../lib/gcc/arm-none-eabi/13.3.1/../../../../arm-none-eabi/lib/thumb/v7e-m+fp/hard/crt0.o
__call_exitprocs                                  /opt/st/stm32cubeide_1.19.0.25.U3-2M-A2/plugins/com.st.stm32cube.ide.mcu.externaltools.gnu-tools-for-stm32.13.3.rel1.linux64_1.0.0.202508111337/tools/bin/../lib/gcc/arm-none-eabi/13.3.1/../../../../arm-none-eabi/lib/thumb/v7e-m+fp/hard/libc_nano.a(libc_a-exit.o)
__cmpdf2                                          /opt/st/stm32cubeide_1.19.0.25.U3-2M-A2/plugins/com.st.stm32cube.ide.mcu.externaltools.gnu-tools-for-stm32.13.3.rel1.linux64_1.0.0.202508111337/tools/bin/../lib/gcc/arm-none-eabi/13.3.1/thumb/v7e-m+fp/hard/libgcc.a(_arm_cmpdf2.o)
__deregister_frame_info                           /opt/st/stm32cubeide_1.19.0.25.U3-2M-A2/plugins/com.st.stm32cube.ide.mcu.externaltools.gnu-tools-for-stm32.13.3.rel1.linux64_1.0.0.202508111337/tools/bin/../lib/gcc/arm-none-eabi/13.3.1/thumb/v7e-m+fp/hard/crtbegin.o
__divdf3                                          /opt/st/stm32cubeide_1.19.0.25.U3-2M-A2/plugins/com.st.stm32cube.ide.mcu.externaltools.gnu-tools-for-stm32.13.3.rel1.linux64_1.0.0.202508111337/tools/bin/../lib/gcc/arm-none-eabi/13.3.1/thumb/v7e-m+fp/hard/libgcc.a(_arm_muldivdf3.o)
__dso_handle                                      /opt/st/stm32cubeide_1.19.0.25.U3-2M-A2/plugins/com.st.stm32cube.ide.mcu.externaltools.gnu-tools-for-stm32.13.3.rel1.linux64_1.0.0.202508111337/tools/bin/../lib/gcc/arm-none-eabi/13.3.1/thumb/v7e-m+fp/hard/crtbegin.o
__env                                             syscalls.o
__eqdf2                                           /opt/st/stm32cubeide_1.19.0.25.U3-2M-A2/plugins/com.st.stm32cube.ide.mcu.externaltools.gnu-tools-for-stm32.13.3.rel1.linux64_1.0.0.202508111337/tools/bin/../lib/gcc/arm-none-eabi/13.3.1/thumb/v7e-m+fp/hard/libgcc.a(_arm_cmpdf2.o)
__errno                                           /opt/st/stm32cubeide_1.19.0.25.U3-2M-A2/plugins/com.st.stm32cube.ide.mcu.externaltools.gnu-tools-for-stm32.13.3.rel1.linux64_1.0.0.202508111337/tools/bin/../lib/gcc/arm-none-eabi/13.3.1/../../../../arm-none-eabi/lib/thumb/v7e-m+fp/hard/libc_nano.a(libc_a-errno.o)
                                                  /opt/st/stm32cubeide_1.19.0.25.U3-2M-A2/plugins/com.st.stm32cube.ide.mcu.externaltools.gnu-tools-for-stm32.13.3.rel1.linux64_1.0.0.202508111337/tools/bin/../lib/gcc/arm-none-eabi/13.3.1/../../../../arm-none-eabi/lib/thumb/v7e-m+fp/hard/libm.a(libm_a-math_errf.o)
                                                  /opt/st/stm32cubeide_1.19.0.25.U3-2M-A2/plugins/com.st.stm32cube.ide.mcu.externaltools.gnu-tools-for-stm32.13.3.rel1.linux64_1.0.0.202508111337/tools/bin/../lib/gcc/arm-none-eabi/13.3.1/../../../../arm-none-eabi/lib/thumb/v7e-m+fp/hard/libm.a(libm_a-math_err.o)
                                                  /opt/st/stm32cubeide_1.19.0.25.U3-2M-A2/plugins/com.st.stm32cube.ide.mcu.externaltools.gnu-tools-for-stm32.13.3.rel1.linux64_1.0.0.202508111337/tools/bin/../lib/gcc/arm-none-eabi/13.3.1/../../../../arm-none-eabi/lib/thumb/v7e-m+fp/hard/libm.a(libm_a-wf_pow.o)
                                                  /opt/st/stm32cubeide_1.19.0.25.U3-2M-A2/plugins/com.st.stm32cube.ide.mcu.externaltools.gnu-tools-for-stm32.13.3.rel1.linux64_1.0.0.202508111337/tools/bin/../lib/gcc/arm-none-eabi/13.3.1/../../../../arm-none-eabi/lib/thumb/v7e-m+fp/hard/libm.a(libm_a-wf_log.o)
                                                  /opt/st/stm32cubeide_1.19.0.25.U3-2M-A2/plugins/com.st.stm32cube.ide.mcu.externaltools.gnu-tools-for-stm32.13.3.rel1.linux64_1.0.0.202508111337/tools/bin/../lib/gcc/arm-none-eabi/13.3.1/../../../../arm-none-eabi/lib/thumb/v7e-m+fp/hard/libm.a(libm_a-wf_fmod.o)
                                                  /opt/st/stm32cubeide_1.19.0.25.U3-2M-A2/plugins/com.st.stm32cube.ide.mcu.externaltools.gnu-tools-for-stm32.13.3.rel1.linux64_1.0.0.202508111337/tools/bin/../lib/gcc/arm-none-eabi/13.3.1/../../../../arm-none-eabi/lib/thumb/v7e-m+fp/hard/libm.a(libm_a-wf_exp.o)
                                                  /opt/st/stm32cubeide_1.19.0.25.U3-2M-A2/plugins/com.st.stm32cube.ide.mcu.externaltools.gnu-tools-for-stm32.13.3.rel1.linux64_1.0.0.202508111337/tools/bin/../lib/gcc/arm-none-eabi/13.3.1/../../../../arm-none-eabi/lib/thumb/v7e-m+fp/hard/libm.a(libm_a-wf_cosh.o)
                                                  syscalls.o
                                                  sysmem.o
__extendsfdf2                                     /opt/st/stm32cubeide_1.19.0.25.U3-2M-A2/plugins/com.st.stm32cube.ide.mcu.externaltools.gnu-tools-for-stm32.13.3.rel1.linux64_1.0.0.202508111337/tools/bin/../lib/gcc/arm-none-eabi/13.3.1/thumb/v7e-m+fp/hard/libgcc.a(_arm_addsubdf3.o)
__fixsfdi                                         /opt/st/stm32cubeide_1.19.0.25.U3-2M-A2/plugins/com.st.stm32cube.ide.mcu.externaltools.gnu-tools-for-stm32.13.3.rel1.linux64_1.0.0.202508111337/tools/bin/../lib/gcc/arm-none-eabi/13.3.1/thumb/v7e-m+fp/hard/libgcc.a(_fixsfdi.o)
__fixunsdfsi                                      /opt/st/stm32cubeide_1.19.0.25.U3-2M-A2/plugins/com.st.stm32cube.ide.mcu.externaltools.gnu-tools-for-stm32.13.3.rel1.linux64_1.0.0.202508111337/tools/bin/../lib/gcc/arm-none-eabi/13.3.1/thumb/v7e-m+fp/hard/libgcc.a(_arm_fixunsdfsi.o)
__fixunssfdi                                      /opt/st/stm32cubeide_1.19.0.25.U3-2M-A2/plugins/com.st.stm32cube.ide.mcu.externaltools.gnu-tools-for-stm32.13.3.rel1.linux64_1.0.0.202508111337/tools/bin/../lib/gcc/arm-none-eabi/13.3.1/thumb/v7e-m+fp/hard/libgcc.a(_fixunssfdi.o)
__floatdidf                                       /opt/st/stm32cubeide_1.19.0.25.U3-2M-A2/plugins/com.st.stm32cube.ide.mcu.externaltools.gnu-tools-for-stm32.13.3.rel1.linux64_1.0.0.202508111337/tools/bin/../lib/gcc/arm-none-eabi/13.3.1/thumb/v7e-m+fp/hard/libgcc.a(_arm_addsubdf3.o)
__floatsidf                                       /opt/st/stm32cubeide_1.19.0.25.U3-2M-A2/plugins/com.st.stm32cube.ide.mcu.externaltools.gnu-tools-for-stm32.13.3.rel1.linux64_1.0.0.202508111337/tools/bin/../lib/gcc/arm-none-eabi/13.3.1/thumb/v7e-m+fp/hard/libgcc.a(_arm_addsubdf3.o)
__floatundidf                                     /opt/st/stm32cubeide_1.19.0.25.U3-2M-A2/plugins/com.st.stm32cube.ide.mcu.externaltools.gnu-tools-for-stm32.13.3.rel1.linux64_1.0.0.202508111337/tools/bin/../lib/gcc/arm-none-eabi/13.3.1/thumb/v7e-m+fp/hard/libgcc.a(_arm_addsubdf3.o)
__floatunsidf                                     /opt/st/stm32cubeide_1.19.0.25.U3-2M-A2/plugins/com.st.stm32cube.ide.mcu.externaltools.gnu-tools-for-stm32.13.3.rel1.linux64_1.0.0.202508111337/tools/bin/../lib/gcc/arm-none-eabi/13.3.1/thumb/v7e-m+fp/hard/libgcc.a(_arm_addsubdf3.o)
__fp_lock_all                                     /opt/st/stm32cubeide_1.19.0.25.U3-2M-A2/plugins/com.st.stm32cube.ide.mcu.externaltools.gnu-tools-for-stm32.13.3.rel1.linux64_1.0.0.202508111337/tools/bin/../lib/gcc/arm-none-eabi/13.3.1/../../../../arm-none-eabi/lib/thumb/v7e-m+fp/hard/libc_nano.a(libc_a-findfp.o)
__fp_unlock_all                                   /opt/st/stm32cubeide_1.19.0.25.U3-2M-A2/plugins/com.st.stm32cube.ide.mcu.externaltools.gnu-tools-for-stm32.13.3.rel1.linux64_1.0.0.202508111337/tools/bin/../lib/gcc/arm-none-eabi/13.3.1/../../../../arm-none-eabi/lib/thumb/v7e-m+fp/hard/libc_nano.a(libc_a-findfp.o)
__gedf2                                           /opt/st/stm32cubeide_1.19.0.25.U3-2M-A2/plugins/com.st.stm32cube.ide.mcu.externaltools.gnu-tools-for-stm32.13.3.rel1.linux64_1.0.0.202508111337/tools/bin/../lib/gcc/arm-none-eabi/13.3.1/thumb/v7e-m+fp/hard/libgcc.a(_arm_cmpdf2.o)
__gtdf2                                           /opt/st/stm32cubeide_1.19.0.25.U3-2M-A2/plugins/com.st.stm32cube.ide.mcu.externaltools.gnu-tools-for-stm32.13.3.rel1.linux64_1.0.0.202508111337/tools/bin/../lib/gcc/arm-none-eabi/13.3.1/thumb/v7e-m+fp/hard/libgcc.a(_arm_cmpdf2.o)
__ieee754_coshf                                   /opt/st/stm32cubeide_1.19.0.25.U3-2M-A2/plugins/com.st.stm32cube.ide.mcu.externaltools.gnu-tools-for-stm32.13.3.rel1.linux64_1.0.0.202508111337/tools/bin/../lib/gcc/arm-none-eabi/13.3.1/../../../../arm-none-eabi/lib/thumb/v7e-m+fp/hard/libm.a(libm_a-ef_cosh.o)
                                                  /opt/st/stm32cubeide_1.19.0.25.U3-2M-A2/plugins/com.st.stm32cube.ide.mcu.externaltools.gnu-tools-for-stm32.13.3.rel1.linux64_1.0.0.202508111337/tools/bin/../lib/gcc/arm-none-eabi/13.3.1/../../../../arm-none-eabi/lib/thumb/v7e-m+fp/hard/libm.a(libm_a-wf_cosh.o)
__ieee754_expf                                    /opt/st/stm32cubeide_1.19.0.25.U3-2M-A2/plugins/com.st.stm32cube.ide.mcu.externaltools.gnu-tools-for-stm32.13.3.rel1.linux64_1.0.0.202508111337/tools/bin/../lib/gcc/arm-none-eabi/13.3.1/../../../../arm-none-eabi/lib/thumb/v7e-m+fp/hard/libm.a(libm_a-ef_exp.o)