../X-CUBE-AI/App/network.c:280:6:_stai_network_check	24	static
../X-CUBE-AI/App/network.c:312:18:stai_network_init	24	static
../X-CUBE-AI/App/network.c:354:18:stai_network_deinit	24	static
../X-CUBE-AI/App/network.c:386:18:stai_network_run	328	static
../X-CUBE-AI/App/network.c:504:11:stai_network_get_context_size	4	static
../X-CUBE-AI/App/network.c:511:18:stai_network_get_info	24	static
../X-CUBE-AI/App/network.c:527:18:stai_network_get_activations	32	static
../X-CUBE-AI/App/network.c:542:18:stai_network_get_weights	32	static
../X-CUBE-AI/App/network.c:556:18:stai_network_get_inputs	32	static
../X-CUBE-AI/App/network.c:570:18:stai_network_get_outputs	32	static
../X-CUBE-AI/App/network.c:584:18:stai_network_get_error	24	static
../X-CUBE-AI/App/network.c:595:18:stai_network_get_states	32	static
../X-CUBE-AI/App/network.c:612:18:stai_network_set_activations	40	static
../X-CUBE-AI/App/network.c:642:18:stai_network_set_weights	64	static
../X-CUBE-AI/App/network.c:666:18:stai_network_set_inputs	40	static
../X-CUBE-AI/App/network.c:693:18:stai_network_set_outputs	40	static
../X-CUBE-AI/App/network.c:720:18:stai_network_set_states	32	static
../X-CUBE-AI/App/network.c:734:18:stai_network_set_callback	32	static
