../X-CUBE-AI/App/network.c:488:6:_stai_network_check	24	static
../X-CUBE-AI/App/network.c:520:18:stai_network_init	24	static
../X-CUBE-AI/App/network.c:562:18:stai_network_deinit	24	static
../X-CUBE-AI/App/network.c:1090:6:forward_lite_eltwise_3	56	static
../X-CUBE-AI/App/network.c:1102:6:forward_lite_eltwise_6	56	static
../X-CUBE-AI/App/network.c:1114:6:forward_lite_eltwise_10	56	static
../X-CUBE-AI/App/network.c:1126:6:forward_lite_eltwise_13	56	static
../X-CUBE-AI/App/network.c:1138:6:forward_lite_eltwise_17	56	static
../X-CUBE-AI/App/network.c:1150:6:forward_lite_eltwise_20	56	static
../X-CUBE-AI/App/network.c:1162:6:forward_lite_pool_21	48	static
../X-CUBE-AI/App/network.c:1172:6:forward_lite_gemm_22	48	static
../X-CUBE-AI/App/network.c:1463:18:stai_network_run	1408	static
../X-CUBE-AI/App/network.c:1906:11:stai_network_get_context_size	4	static
../X-CUBE-AI/App/network.c:1913:18:stai_network_get_info	24	static
../X-CUBE-AI/App/network.c:1929:18:stai_network_get_activations	32	static
../X-CUBE-AI/App/network.c:1944:18:stai_network_get_weights	32	static
../X-CUBE-AI/App/network.c:1958:18:stai_network_get_inputs	32	static
../X-CUBE-AI/App/network.c:1972:18:stai_network_get_outputs	32	static
../X-CUBE-AI/App/network.c:1986:18:stai_network_get_error	24	static
../X-CUBE-AI/App/network.c:1997:18:stai_network_get_states	32	static
../X-CUBE-AI/App/network.c:2014:18:stai_network_set_activations	40	static
../X-CUBE-AI/App/network.c:2044:18:stai_network_set_weights	160	static
../X-CUBE-AI/App/network.c:2068:18:stai_network_set_inputs	40	static
../X-CUBE-AI/App/network.c:2095:18:stai_network_set_outputs	40	static
../X-CUBE-AI/App/network.c:2122:18:stai_network_set_states	32	static
../X-CUBE-AI/App/network.c:2136:18:stai_network_set_callback	32	static
