../X-CUBE-AI/App/aiPbMgr.c:180:6:encode_uint32	32	static
../X-CUBE-AI/App/aiPbMgr.c:262:6:encode_data_cb	16	static
../X-CUBE-AI/App/aiPbMgr.c:231:13:decode_data_cb	32	static
../X-CUBE-AI/App/aiPbMgr.c:59:6:aiPbMgrInit	56	static
../X-CUBE-AI/App/aiPbMgr.c:118:10:aiPbTensorFormat	8	static
../X-CUBE-AI/App/aiPbMgr.c:160:6:aiPbStrCopy	32	static
../X-CUBE-AI/App/aiPbMgr.c:203:6:encode_tensor_desc	144	static
../X-CUBE-AI/App/aiPbMgr.c:281:6:aiPbMgrSendResp	8	static
../X-CUBE-AI/App/aiPbMgr.c:85:5:aiPbMgrWaitAndProcess	16	static
../X-CUBE-AI/App/aiPbMgr.c:290:6:aiPbMgrSendAck	12	static
../X-CUBE-AI/App/aiPbMgr.c:299:6:aiPbMgrWaitAck	16	static
../X-CUBE-AI/App/aiPbMgr.c:308:6:aiPbMgrSendLog	32	static
../X-CUBE-AI/App/aiPbMgr.c:330:6:aiPbMgrSendLogV2	32	static
../X-CUBE-AI/App/aiPbMgr.c:354:6:aiPbMgrReceiveData	32	static
../X-CUBE-AI/App/aiPbMgr.c:371:6:aiPbMgrSendData	16	static
../X-CUBE-AI/App/aiPbMgr.c:389:6:aiPbMgrSendOperator	40	static
../X-CUBE-AI/App/aiPbMgr.c:456:6:aiPbCmdDisconnect	0	static
../X-CUBE-AI/App/aiPbMgr.c:464:6:aiPbCmdSync	4	static
