Archive member included to satisfy reference by file (symbol)

../Middlewares/ST/AI/Lib\NetworkRuntime1100_CM4_GCC.a(stai_internal.o)
                              ./X-CUBE-AI/App/aiTestHelper_ST_AI.o (stai_runtime_get_info)
../Middlewares/ST/AI/Lib\NetworkRuntime1100_CM4_GCC.a(layers_conv2d_stm32_integer.o)
                              ./X-CUBE-AI/App/network.o (forward_dense_integer_SSSA_ch)
../Middlewares/ST/AI/Lib\NetworkRuntime1100_CM4_GCC.a(layers_generic_float.o)
                              ./X-CUBE-AI/App/network.o (forward_concat)
../Middlewares/ST/AI/Lib\NetworkRuntime1100_CM4_GCC.a(layers_nl_stm32_integer.o)
                              ./X-CUBE-AI/App/network.o (forward_relu_integer)
../Middlewares/ST/AI/Lib\NetworkRuntime1100_CM4_GCC.a(layers_pad_generic.o)
                              ../Middlewares/ST/AI/Lib\NetworkRuntime1100_CM4_GCC.a(layers_generic_float.o) (forward_pad_8bit_ch1st_3x3_constant)
../Middlewares/ST/AI/Lib\NetworkRuntime1100_CM4_GCC.a(layers_pool_stm32_integer.o)
                              ./X-CUBE-AI/App/network.o (forward_ap_integer_INT8)
../Middlewares/ST/AI/Lib\NetworkRuntime1100_CM4_GCC.a(layers_resize.o)
                              ../Middlewares/ST/AI/Lib\NetworkRuntime1100_CM4_GCC.a(layers_generic_float.o) (forward_resize_nearest_if32of32)
../Middlewares/ST/AI/Lib\NetworkRuntime1100_CM4_GCC.a(layers_stm32_integer.o)
                              ./X-CUBE-AI/App/network.o (forward_eltwise_integer_INT8)
../Middlewares/ST/AI/Lib\NetworkRuntime1100_CM4_GCC.a(forward_lite_argminmax.o)
                              ../Middlewares/ST/AI/Lib\NetworkRuntime1100_CM4_GCC.a(layers_generic_float.o) (forward_lite_argmax_if32)
../Middlewares/ST/AI/Lib\NetworkRuntime1100_CM4_GCC.a(forward_lite_dense_is8os8ws8_ch.o)
                              ../Middlewares/ST/AI/Lib\NetworkRuntime1100_CM4_GCC.a(layers_conv2d_stm32_integer.o) (forward_lite_dense_is8os8ws8_ch)
../Middlewares/ST/AI/Lib\NetworkRuntime1100_CM4_GCC.a(forward_lite_dense_is8os8ws8.o)
                              ../Middlewares/ST/AI/Lib\NetworkRuntime1100_CM4_GCC.a(layers_conv2d_stm32_integer.o) (forward_lite_dense_is8os8ws8)
../Middlewares/ST/AI/Lib\NetworkRuntime1100_CM4_GCC.a(forward_lite_maxpool_is8os8_scalepos.o)
                              ../Middlewares/ST/AI/Lib\NetworkRuntime1100_CM4_GCC.a(layers_pool_stm32_integer.o) (forward_lite_maxpool_is8os8_scalepos)
../Middlewares/ST/AI/Lib\NetworkRuntime1100_CM4_GCC.a(forward_lite_avepool_is8os8.o)
                              ../Middlewares/ST/AI/Lib\NetworkRuntime1100_CM4_GCC.a(layers_pool_stm32_integer.o) (forward_lite_avepool_is8os8)
../Middlewares/ST/AI/Lib\NetworkRuntime1100_CM4_GCC.a(forward_lite_dw_sssa8_ch.o)
                              ./X-CUBE-AI/App/network.o (forward_lite_dw_3x3_sssa8_ch)
../Middlewares/ST/AI/Lib\NetworkRuntime1100_CM4_GCC.a(forward_lite_pw_sssa8_ch.o)
                              ./X-CUBE-AI/App/network.o (forward_lite_pw_sssa8_ch)
../Middlewares/ST/AI/Lib\NetworkRuntime1100_CM4_GCC.a(forward_lite_conv2d_sssa8_ch.o)
                              ./X-CUBE-AI/App/network.o (forward_lite_conv2d_sssa8_ch)
../Middlewares/ST/AI/Lib\NetworkRuntime1100_CM4_GCC.a(lite_argminmax_if32_kernel.o)
                              ../Middlewares/ST/AI/Lib\NetworkRuntime1100_CM4_GCC.a(forward_lite_argminmax.o) (forward_lite_argmax_f32_kernel_ch)
../Middlewares/ST/AI/Lib\NetworkRuntime1100_CM4_GCC.a(lite_argminmax_is8_kernel.o)
                              ../Middlewares/ST/AI/Lib\NetworkRuntime1100_CM4_GCC.a(forward_lite_argminmax.o) (forward_lite_argmax_s8_kernel)
../Middlewares/ST/AI/Lib\NetworkRuntime1100_CM4_GCC.a(forward_lite_maxpool_is16os16.o)
                              ../Middlewares/ST/AI/Lib\NetworkRuntime1100_CM4_GCC.a(layers_pool_stm32_integer.o) (forward_lite_maxpool_is16os16_scalepos)
../Middlewares/ST/AI/Lib\NetworkRuntime1100_CM4_GCC.a(forward_lite_maxpool_is8os8.o)
                              ../Middlewares/ST/AI/Lib\NetworkRuntime1100_CM4_GCC.a(layers_pool_stm32_integer.o) (forward_lite_maxpool_is8os8_scaleneg)
../Middlewares/ST/AI/Lib\NetworkRuntime1100_CM4_GCC.a(forward_lite_maxpool_iu16ou16.o)
                              ../Middlewares/ST/AI/Lib\NetworkRuntime1100_CM4_GCC.a(layers_pool_stm32_integer.o) (forward_lite_maxpool_iu16ou16_scalepos)
../Middlewares/ST/AI/Lib\NetworkRuntime1100_CM4_GCC.a(forward_lite_maxpool_iu8ou8.o)
                              ../Middlewares/ST/AI/Lib\NetworkRuntime1100_CM4_GCC.a(layers_pool_stm32_integer.o) (forward_lite_maxpool_iu8ou8_scalepos)
../Middlewares/ST/AI/Lib\NetworkRuntime1100_CM4_GCC.a(forward_lite_resize.o)
                              ../Middlewares/ST/AI/Lib\NetworkRuntime1100_CM4_GCC.a(layers_resize.o) (forward_lite_resize_bilinear_if32of32)
../Middlewares/ST/AI/Lib\NetworkRuntime1100_CM4_GCC.a(forward_lite_upsample.o)
                              ../Middlewares/ST/AI/Lib\NetworkRuntime1100_CM4_GCC.a(layers_generic_float.o) (forward_lite_upsample_bilinear_if32of32)
[...]
Memory Configuration

Name             Origin             Length             Attributes
FLASH            0x08000000         0x00080000         xr
RAM              0x20000000         0x00020000         xrw
*default*        0x00000000         0xffffffff

Linker script and memory map

LOAD C:/ST/STM32CubeIDE_1.12.0/STM32CubeIDE/plugins/com.st.stm32cube.ide.mcu.externaltools.gnu-tools-for-stm32.13.3.rel1.win32_1.0.100.202509120712/tools/bin/../lib/gcc/arm-none-eabi/13.3.1/thumb/v7e-m+fp/hard/crti.o
LOAD C:/ST/STM32CubeIDE_1.12.0/STM32CubeIDE/plugins/com.st.stm32cube.ide.mcu.externaltools.gnu-tools-for-stm32.13.3.rel1.win32_1.0.100.202509120712/tools/bin/../lib/gcc/arm-none-eabi/13.3.1/thumb/v7e-m+fp/hard/crtbegin.o
LOAD C:/ST/STM32CubeIDE_1.12.0/STM32CubeIDE/plugins/com.st.stm32cube.ide.mcu.externaltools.gnu-tools-for-stm32.13.3.rel1.win32_1.0.100.202509120712/tools/bin/../lib/gcc/arm-none-eabi/13.3.1/../../../../arm-none-eabi/lib/thumb/v7e-m+fp/hard/crt0.o
LOAD ./Core/Src/main.o
LOAD ./Core/Src/stm32f4xx_hal_msp.o
LOAD ./Core/Src/stm32f4xx_it.o
LOAD ./Core/Src/syscalls.o
LOAD ./Core/Src/sysmem.o
LOAD ./Core/Src/system_stm32f4xx.o
LOAD ./Core/Startup/startup_stm32f446retx.o
LOAD ./Drivers/STM32F4xx_HAL_Driver/Src/stm32f4xx_hal.o
LOAD ./Drivers/STM32F4xx_HAL_Driver/Src/stm32f4xx_hal_cortex.o
LOAD ./Drivers/STM32F4xx_HAL_Driver/Src/stm32f4xx_hal_dma.o
LOAD ./Drivers/STM32F4xx_HAL_Driver/Src/stm32f4xx_hal_dma_ex.o
LOAD ./Drivers/STM32F4xx_HAL_Driver/Src/stm32f4xx_hal_exti.o
LOAD ./Drivers/STM32F4xx_HAL_Driver/Src/stm32f4xx_hal_flash.o
LOAD ./Drivers/STM32F4xx_HAL_Driver/Src/stm32f4xx_hal_flash_ex.o
LOAD ./Drivers/STM32F4xx_HAL_Driver/Src/stm32f4xx_hal_flash_ramfunc.o
LOAD ./Drivers/STM32F4xx_HAL_Driver/Src/stm32f4xx_hal_gpio.o
LOAD ./Drivers/STM32F4xx_HAL_Driver/Src/stm32f4xx_hal_pwr.o
LOAD ./Drivers/STM32F4xx_HAL_Driver/Src/stm32f4xx_hal_pwr_ex.o
LOAD ./Drivers/STM32F4xx_HAL_Driver/Src/stm32f4xx_hal_rcc.o
LOAD ./Drivers/STM32F4xx_HAL_Driver/Src/stm32f4xx_hal_rcc_ex.o
LOAD ./Drivers/STM32F4xx_HAL_Driver/Src/stm32f4xx_hal_uart.o
LOAD ./X-CUBE-AI/App/aiPbIO.o
LOAD ./X-CUBE-AI/App/aiPbMemRWServices.o
LOAD ./X-CUBE-AI/App/aiPbMgr.o
LOAD ./X-CUBE-AI/App/aiTestHelper_ST_AI.o
LOAD ./X-CUBE-AI/App/aiTestUtility.o
LOAD ./X-CUBE-AI/App/aiValidation_ST_AI.o
LOAD ./X-CUBE-AI/App/ai_device_adaptor.o
LOAD ./X-CUBE-AI/App/app_x-cube-ai.o
LOAD ./X-CUBE-AI/App/lc_print.o
LOAD ./X-CUBE-AI/App/network.o
LOAD ./X-CUBE-AI/App/network_data.o
LOAD ./X-CUBE-AI/App/pb_common.o
LOAD ./X-CUBE-AI/App/pb_decode.o
LOAD ./X-CUBE-AI/App/pb_encode.o
LOAD ./X-CUBE-AI/App/stm32msg.pb.o
LOAD ./X-CUBE-AI/App/syscalls.o
LOAD ../Middlewares/ST/AI/Lib\NetworkRuntime1100_CM4_GCC.a
START GROUP
LOAD C:/ST/STM32CubeIDE_1.12.0/STM32CubeIDE/plugins/com.st.stm32cube.ide.mcu.externaltools.gnu-tools-for-stm32.13.3.rel1.win32_1.0.100.202509120712/tools/bin/../lib/gcc/arm-none-eabi/13.3.1/../../../../arm-none-eabi/lib/thumb/v7e-m+fp/hard\libc_nano.a
LOAD C:/ST/STM32CubeIDE_1.12.0/STM32CubeIDE/plugins/com.st.stm32cube.ide.mcu.externaltools.gnu-tools-for-stm32.13.3.rel1.win32_1.0.100.202509120712/tools/bin/../lib/gcc/arm-none-eabi/13.3.1/../../../../arm-none-eabi/lib/thumb/v7e-m+fp/hard\libm.a
END GROUP
START GROUP
LOAD C:/ST/STM32CubeIDE_1.12.0/STM32CubeIDE/plugins/com.st.stm32cube.ide.mcu.externaltools.gnu-tools-for-stm32.13.3.rel1.win32_1.0.100.202509120712/tools/bin/../lib/gcc/arm-none-eabi/13.3.1/thumb/v7e-m+fp/hard\libgcc.a
LOAD C:/ST/STM32CubeIDE_1.12.0/STM32CubeIDE/plugins/com.st.stm32cube.ide.mcu.externaltools.gnu-tools-for-stm32.13.3.rel1.win32_1.0.100.202509120712/tools/bin/../lib/gcc/arm-none-eabi/13.3.1/../../../../arm-none-eabi/lib/thumb/v7e-m+fp/hard\libc_nano.a
END GROUP
START GROUP
LOAD C:/ST/STM32CubeIDE_1.12.0/STM32CubeIDE/plugins/com.st.stm32cube.ide.mcu.externaltools.gnu-tools-for-stm32.13.3.rel1.win32_1.0.100.202509120712/tools/bin/../lib/gcc/arm-none-eabi/13.3.1/thumb/v7e-m+fp/hard\libgcc.a
LOAD C:/ST/STM32CubeIDE_1.12.0/STM32CubeIDE/plugins/com.st.stm32cube.ide.mcu.externaltools.gnu-tools-for-stm32.13.3.rel1.win32_1.0.100.202509120712/tools/bin/../lib/gcc/arm-none-eabi/13.3.1/../../../../arm-none-eabi/lib/thumb/v7e-m+fp/hard\libc_nano.a
LOAD C:/ST/STM32CubeIDE_1.12.0/STM32CubeIDE/plugins/com.st.stm32cube.ide.mcu.externaltools.gnu-tools-for-stm32.13.3.rel1.win32_1.0.100.202509120712/tools/bin/../lib/gcc/arm-none-eabi/13.3.1/../../../../arm-none-eabi/lib/thumb/v7e-m+fp/hard\libnosys.a
END GROUP
START GROUP
LOAD C:/ST/STM32CubeIDE_1.12.0/STM32CubeIDE/plugins/com.st.stm32cube.ide.mcu.externaltools.gnu-tools-for-stm32.13.3.rel1.win32_1.0.100.202509120712/tools/bin/../lib/gcc/arm-none-eabi/13.3.1/thumb/v7e-m+fp/hard\libgcc.a
LOAD C:/ST/STM32CubeIDE_1.12.0/STM32CubeIDE/plugins/com.st.stm32cube.ide.mcu.externaltools.gnu-tools-for-stm32.13.3.rel1.win32_1.0.100.202509120712/tools/bin/../lib/gcc/arm-none-eabi/13.3.1/../../../../arm-none-eabi/lib/thumb/v7e-m+fp/hard\libc_nano.a
LOAD C:/ST/STM32CubeIDE_1.12.0/STM32CubeIDE/plugins/com.st.stm32cube.ide.mcu.externaltools.gnu-tools-for-stm32.13.3.rel1.win32_1.0.100.202509120712/tools/bin/../lib/gcc/arm-none-eabi/13.3.1/../../../../arm-none-eabi/lib/thumb/v7e-m+fp/hard\libnosys.a
END GROUP
LOAD C:/ST/STM32CubeIDE_1.12.0/STM32CubeIDE/plugins/com.st.stm32cube.ide.mcu.externaltools.gnu-tools-for-stm32.13.3.rel1.win32_1.0.100.202509120712/tools/bin/../lib/gcc/arm-none-eabi/13.3.1/thumb/v7e-m+fp/hard/crtend.o
LOAD C:/ST/STM32CubeIDE_1.12.0/STM32CubeIDE/plugins/com.st.stm32cube.ide.mcu.externaltools.gnu-tools-for-stm32.13.3.rel1.win32_1.0.100.202509120712/tools/bin/../lib/gcc/arm-none-eabi/13.3.1/thumb/v7e-m+fp/hard/crtn.o
                0x20020000                        _estack = (ORIGIN (RAM) + LENGTH (RAM))
                0x00000800                        _Min_Heap_Size = 0x800
                0x00002000                        _Min_Stack_Size = 0x2000

.AI_FLASH       0x08000000        0x0
                0x08000000                        . = ALIGN (0x8)
 *(.AI_FLASH)
                0x08000000                        . = ALIGN (0x8)

.AI_RAM         0x20000000     0x6578
                0x20000000                        . = ALIGN (0x8)
 *(.AI_RAM)
 .AI_RAM        0x20000000     0x6578 ./X-CUBE-AI/App/app_x-cube-ai.o
                0x20006578                        . = ALIGN (0x8)

.AI_RAM         0x20006578        0x0
                0x20006578                        . = ALIGN (0x4)
 *(.AI_RAM)

.isr_vector     0x08000000      0x1c4
                0x08000000                        . = ALIGN (0x4)
 *(.isr_vector)
 .isr_vector    0x08000000      0x1c4 ./Core/Startup/startup_stm32f446retx.o
                0x08000000                g_pfnVectors
                0x080001c4                        . = ALIGN (0x4)

.text           0x080001d0    0x1383c
                0x080001d0                        . = ALIGN (0x4)
 *(.text)
 .text          0x080001d0       0x40 C:/ST/STM32CubeIDE_1.12.0/STM32CubeIDE/plugins/com.st.stm32cube.ide.mcu.externaltools.gnu-tools-for-stm32.13.3.rel1.win32_1.0.100.202509120712/tools/bin/../lib/gcc/arm-none-eabi/13.3.1/thumb/v7e-m+fp/hard/crtbegin.o
 .text          0x08000210       0x10 C:/ST/STM32CubeIDE_1.12.0/STM32CubeIDE/plugins/com.st.stm32cube.ide.mcu.externaltools.gnu-tools-for-stm32.13.3.rel1.win32_1.0.100.202509120712/tools/bin/../lib/gcc/arm-none-eabi/13.3.1/../../../../arm-none-eabi/lib/thumb/v7e-m+fp/hard\libc_nano.a(libc_a-strlen.o)
                0x08000210                strlen
 .text          0x08000220      0x378 C:/ST/STM32CubeIDE_1.12.0/STM32CubeIDE/plugins/com.st.stm32cube.ide.mcu.externaltools.gnu-tools-for-stm32.13.3.rel1.win32_1.0.100.202509120712/tools/bin/../lib/gcc/arm-none-eabi/13.3.1/thumb/v7e-m+fp/hard\libgcc.a(_arm_addsubdf3.o)
                0x08000220                __aeabi_drsub
                0x08000228                __aeabi_dsub
                0x08000228                __subdf3
                0x0800022c                __aeabi_dadd
                0x0800022c                __adddf3
                0x080004a4                __floatunsidf
                0x080004a4                __aeabi_ui2d
                0x080004c4                __floatsidf
                0x080004c4                __aeabi_i2d
                0x080004e8                __aeabi_f2d
                0x080004e8                __extendsfdf2
                0x0800052c                __floatundidf
                0x0800052c                __aeabi_ul2d
                0x0800053c                __floatdidf
                0x0800053c                __aeabi_l2d
 .text          0x08000598      0x424 C:/ST/STM32CubeIDE_1.12.0/STM32CubeIDE/plugins/com.st.stm32cube.ide.mcu.externaltools.gnu-tools-for-stm32.13.3.rel1.win32_1.0.100.202509120712/tools/bin/../lib/gcc/arm-none-eabi/13.3.1/thumb/v7e-m+fp/hard\libgcc.a(_arm_muldivdf3.o)
                0x08000598                __aeabi_dmul
                0x08000598                __muldf3
                0x080007ec                __divdf3
                0x080007ec                __aeabi_ddiv
 .text          0x080009bc      0x110 C:/ST/STM32CubeIDE_1.12.0/STM32CubeIDE/plugins/com.st.stm32cube.ide.mcu.externaltools.gnu-tools-for-stm32.13.3.rel1.win32_1.0.100.202509120712/tools/bin/../lib/gcc/arm-none-eabi/13.3.1/thumb/v7e-m+fp/hard\libgcc.a(_arm_cmpdf2.o)
                0x080009bc                __gtdf2
                0x080009bc                __gedf2
                0x080009c4                __ltdf2
                0x080009c4                __ledf2
                0x080009cc                __nedf2
                0x080009cc                __eqdf2
                0x080009cc                __cmpdf2
                0x08000a48                __aeabi_cdrcmple
                0x08000a58                __aeabi_cdcmpeq
                0x08000a58                __aeabi_cdcmple
                0x08000a68                __aeabi_dcmpeq
                0x08000a7c                __aeabi_dcmplt
                0x08000a90                __aeabi_dcmple
                0x08000aa4                __aeabi_dcmpge
                0x08000ab8                __aeabi_dcmpgt
 .text          0x08000acc      0x21c C:/ST/STM32CubeIDE_1.12.0/STM32CubeIDE/plugins/com.st.stm32cube.ide.mcu.externaltools.gnu-tools-for-stm32.13.3.rel1.win32_1.0.100.202509120712/tools/bin/../lib/gcc/arm-none-eabi/13.3.1/thumb/v7e-m+fp/hard\libgcc.a(_arm_addsubsf3.o)
                0x08000acc                __aeabi_frsub
                0x08000ad4                __subsf3
                0x08000ad4                __aeabi_fsub
                0x08000ad8                __aeabi_fadd
                0x08000ad8                __addsf3
                0x08000c38                __aeabi_ui2f
                0x08000c38                __floatunsisf
                0x08000c40                __aeabi_i2f
                0x08000c40                __floatsisf
                0x08000c5c                __aeabi_ul2f
                0x08000c5c                __floatundisf
                0x08000c6c                __aeabi_l2f
                0x08000c6c                __floatdisf
 .text          0x08000ce8       0x30 C:/ST/STM32CubeIDE_1.12.0/STM32CubeIDE/plugins/com.st.stm32cube.ide.mcu.externaltools.gnu-tools-for-stm32.13.3.rel1.win32_1.0.100.202509120712/tools/bin/../lib/gcc/arm-none-eabi/13.3.1/thumb/v7e-m+fp/hard\libgcc.a(_aeabi_uldivmod.o)
                0x08000ce8                __aeabi_uldivmod
 .text          0x08000d18       0x3c C:/ST/STM32CubeIDE_1.12.0/STM32CubeIDE/plugins/com.st.stm32cube.ide.mcu.externaltools.gnu-tools-for-stm32.13.3.rel1.win32_1.0.100.202509120712/tools/bin/../lib/gcc/arm-none-eabi/13.3.1/thumb/v7e-m+fp/hard\libgcc.a(_fixunsdfdi.o)
                0x08000d18                __fixunsdfdi
                0x08000d18                __aeabi_d2ulz
 .text          0x08000d54      0x2f8 C:/ST/STM32CubeIDE_1.12.0/STM32CubeIDE/plugins/com.st.stm32cube.ide.mcu.externaltools.gnu-tools-for-stm32.13.3.rel1.win32_1.0.100.202509120712/tools/bin/../lib/gcc/arm-none-eabi/13.3.1/thumb/v7e-m+fp/hard\libgcc.a(_udivmoddi4.o)
                0x08000d54                __udivmoddi4
 .text          0x0800104c        0x4 C:/ST/STM32CubeIDE_1.12.0/STM32CubeIDE/plugins/com.st.stm32cube.ide.mcu.externaltools.gnu-tools-for-stm32.13.3.rel1.win32_1.0.100.202509120712/tools/bin/../lib/gcc/arm-none-eabi/13.3.1/thumb/v7e-m+fp/hard\libgcc.a(_dvmd_tls.o)
                0x0800104c                __aeabi_idiv0
                0x0800104c                __aeabi_ldiv0
 .text          0x08001050       0x40 C:/ST/STM32CubeIDE_1.12.0/STM32CubeIDE/plugins/com.st.stm32cube.ide.mcu.externaltools.gnu-tools-for-stm32.13.3.rel1.win32_1.0.100.202509120712/tools/bin/../lib/gcc/arm-none-eabi/13.3.1/thumb/v7e-m+fp/hard\libgcc.a(_arm_fixunsdfsi.o)
                0x08001050                __aeabi_d2uiz
                0x08001050                __fixunsdfsi
 *(.text*)
 .text.main     0x08001090       0x1a ./Core/Src/main.o
                0x08001090                main
 *fill*         0x080010aa        0x2 
 .text.SystemClock_Config
                0x080010ac       0xe4 ./Core/Src/main.o
                0x080010ac                SystemClock_Config
 .text.MX_USART2_UART_Init
                0x08001190       0x54 ./Core/Src/main.o
                0x08001190                MX_USART2_UART_Init
 .text.MX_GPIO_Init
                0x080011e4       0xdc ./Core/Src/main.o
 .text.Error_Handler
                0x080012c0        0xc ./Core/Src/main.o
                0x080012c0                Error_Handler
 .text.HAL_MspInit
                0x080012cc       0x50 ./Core/Src/stm32f4xx_hal_msp.o
                0x080012cc                HAL_MspInit
 .text.HAL_UART_MspInit
                0x0800131c       0xb0 ./Core/Src/stm32f4xx_hal_msp.o
                0x0800131c                HAL_UART_MspInit
 .text.NMI_Handler
                0x080013cc        0x8 ./Core/Src/stm32f4xx_it.o
                0x080013cc                NMI_Handler
 .text.HardFault_Handler
                0x080013d4        0x8 ./Core/Src/stm32f4xx_it.o
                0x080013d4                HardFault_Handler
 .text.MemManage_Handler
                0x080013dc        0x8 ./Core/Src/stm32f4xx_it.o
                0x080013dc                MemManage_Handler
 .text.BusFault_Handler
                0x080013e4        0x8 ./Core/Src/stm32f4xx_it.o
                0x080013e4                BusFault_Handler
 .text.UsageFault_Handler
                0x080013ec        0x8 ./Core/Src/stm32f4xx_it.o
                0x080013ec                UsageFault_Handler
 .text.SVC_Handler
                0x080013f4        0xe ./Core/Src/stm32f4xx_it.o
                0x080013f4                SVC_Handler
 .text.DebugMon_Handler
                0x08001402        0xe ./Core/Src/stm32f4xx_it.o
                0x08001402                DebugMon_Handler
 .text.PendSV_Handler
                0x08001410        0xe ./Core/Src/stm32f4xx_it.o
                0x08001410                PendSV_Handler
 .text.SysTick_Handler
                0x0800141e        0xc ./Core/Src/stm32f4xx_it.o
                0x0800141e                SysTick_Handler
 *fill*         0x0800142a        0x2 
 .text._sbrk    0x0800142c       0x6c ./Core/Src/sysmem.o
                0x0800142c                _sbrk
 .text.SystemInit
                0x08001498       0x24 ./Core/Src/system_stm32f4xx.o
                0x08001498                SystemInit
 .text.Reset_Handler
                0x080014bc       0x50 ./Core/Startup/startup_stm32f446retx.o
                0x080014bc                Reset_Handler
 .text.Default_Handler
                0x0800150c        0x2 ./Core/Startup/startup_stm32f446retx.o
                0x0800150c                RTC_Alarm_IRQHandler
                0x0800150c                EXTI2_IRQHandler
                0x0800150c                TIM8_CC_IRQHandler
                0x0800150c                FMPI2C1_EV_IRQHandler
                0x0800150c                SPI4_IRQHandler
                0x0800150c                TIM1_CC_IRQHandler
                0x0800150c                DMA2_Stream5_IRQHandler
                0x0800150c                DMA1_Stream5_IRQHandler
                0x0800150c                PVD_IRQHandler
                0x0800150c                SDIO_IRQHandler
                0x0800150c                TAMP_STAMP_IRQHandler
                0x0800150c                CAN2_RX1_IRQHandler
                0x0800150c                EXTI3_IRQHandler
                0x0800150c                TIM8_TRG_COM_TIM14_IRQHandler
                0x0800150c                TIM1_UP_TIM10_IRQHandler
                0x0800150c                TIM8_UP_TIM13_IRQHandler
                0x0800150c                I2C3_ER_IRQHandler
                0x0800150c                EXTI0_IRQHandler
                0x0800150c                I2C2_EV_IRQHandler
                0x0800150c                DMA1_Stream2_IRQHandler
                0x0800150c                CAN1_RX0_IRQHandler
                0x0800150c                FPU_IRQHandler
                0x0800150c                OTG_HS_WKUP_IRQHandler
                0x0800150c                CAN2_SCE_IRQHandler
                0x0800150c                DMA2_Stream2_IRQHandler
                0x0800150c                SPI1_IRQHandler
                0x0800150c                TIM6_DAC_IRQHandler
                0x0800150c                TIM1_BRK_TIM9_IRQHandler
                0x0800150c                DCMI_IRQHandler
                0x0800150c                CAN2_RX0_IRQHandler
                0x0800150c                DMA2_Stream3_IRQHandler
                0x0800150c                SAI2_IRQHandler
                0x0800150c                USART6_IRQHandler
                0x0800150c                USART3_IRQHandler
                0x0800150c                CAN1_RX1_IRQHandler
                0x0800150c                UART5_IRQHandler
                0x0800150c                DMA2_Stream0_IRQHandler
                0x0800150c                TIM4_IRQHandler
                0x0800150c                QUADSPI_IRQHandler
                0x0800150c                I2C1_EV_IRQHandler
                0x0800150c                DMA1_Stream6_IRQHandler
                0x0800150c                DMA1_Stream1_IRQHandler
                0x0800150c                UART4_IRQHandler
                0x0800150c                TIM3_IRQHandler
                0x0800150c                RCC_IRQHandler
                0x0800150c                TIM8_BRK_TIM12_IRQHandler
                0x0800150c                Default_Handler
                0x0800150c                CEC_IRQHandler
                0x0800150c                EXTI15_10_IRQHandler
                0x0800150c                ADC_IRQHandler
                0x0800150c                DMA1_Stream7_IRQHandler
                0x0800150c                TIM7_IRQHandler
                0x0800150c                CAN2_TX_IRQHandler
                0x0800150c                TIM5_IRQHandler
                0x0800150c                DMA2_Stream7_IRQHandler
                0x0800150c                I2C3_EV_IRQHandler
                0x0800150c                EXTI9_5_IRQHandler
                0x0800150c                RTC_WKUP_IRQHandler
                0x0800150c                SPDIF_RX_IRQHandler
                0x0800150c                SPI2_IRQHandler
                0x0800150c                OTG_HS_EP1_IN_IRQHandler
                0x0800150c                DMA1_Stream0_IRQHandler
                0x0800150c                CAN1_TX_IRQHandler
                0x0800150c                FMPI2C1_ER_IRQHandler
                0x0800150c                EXTI4_IRQHandler
                0x0800150c                OTG_HS_EP1_OUT_IRQHandler
                0x0800150c                WWDG_IRQHandler
                0x0800150c                TIM2_IRQHandler
                0x0800150c                OTG_FS_WKUP_IRQHandler
                0x0800150c                TIM1_TRG_COM_TIM11_IRQHandler
                0x0800150c                OTG_HS_IRQHandler
                0x0800150c                EXTI1_IRQHandler
                0x0800150c                USART2_IRQHandler
                0x0800150c                I2C2_ER_IRQHandler
                0x0800150c                DMA2_Stream1_IRQHandler
                0x0800150c                CAN1_SCE_IRQHandler
                0x0800150c                FLASH_IRQHandler
                0x0800150c                DMA2_Stream4_IRQHandler
                0x0800150c                USART1_IRQHandler
                0x0800150c                OTG_FS_IRQHandler
                0x0800150c                SPI3_IRQHandler
                0x0800150c                DMA1_Stream4_IRQHandler
                0x0800150c                I2C1_ER_IRQHandler
                0x0800150c                FMC_IRQHandler
                0x0800150c                DMA2_Stream6_IRQHandler
                0x0800150c                SAI1_IRQHandler
                0x0800150c                DMA1_Stream3_IRQHandler
 *fill*         0x0800150e        0x2 
 .text.HAL_Init
                0x08001510       0x44 ./Drivers/STM32F4xx_HAL_Driver/Src/stm32f4xx_hal.o
                0x08001510                HAL_Init
 .text.HAL_InitTick
                0x08001554       0x60 ./Drivers/STM32F4xx_HAL_Driver/Src/stm32f4xx_hal.o
                0x08001554                HAL_InitTick
 .text.HAL_IncTick
                0x080015b4       0x28 ./Drivers/STM32F4xx_HAL_Driver/Src/stm32f4xx_hal.o
                0x080015b4                HAL_IncTick
 .text.HAL_GetTick
                0x080015dc       0x18 ./Drivers/STM32F4xx_HAL_Driver/Src/stm32f4xx_hal.o
                0x080015dc                HAL_GetTick
 .text.HAL_Delay
                0x080015f4       0x48 ./Drivers/STM32F4xx_HAL_Driver/Src/stm32f4xx_hal.o
                0x080015f4                HAL_Delay
 .text.HAL_GetHalVersion
                0x0800163c       0x14 ./Drivers/STM32F4xx_HAL_Driver/Src/stm32f4xx_hal.o
                0x0800163c                HAL_GetHalVersion
 .text.HAL_GetREVID
                0x08001650       0x18 ./Drivers/STM32F4xx_HAL_Driver/Src/stm32f4xx_hal.o
                0x08001650                HAL_GetREVID
 .text.HAL_GetDEVID
                0x08001668       0x1c ./Drivers/STM32F4xx_HAL_Driver/Src/stm32f4xx_hal.o
                0x08001668                HAL_GetDEVID
 .text.__NVIC_SetPriorityGrouping
                0x08001684       0x48 ./Drivers/STM32F4xx_HAL_Driver/Src/stm32f4xx_hal_cortex.o
 .text.__NVIC_GetPriorityGrouping
                0x080016cc       0x1c ./Drivers/STM32F4xx_HAL_Driver/Src/stm32f4xx_hal_cortex.o
 .text.__NVIC_SetPriority
                0x080016e8       0x54 ./Drivers/STM32F4xx_HAL_Driver/Src/stm32f4xx_hal_cortex.o
 .text.NVIC_EncodePriority
                0x0800173c       0x66 ./Drivers/STM32F4xx_HAL_Driver/Src/stm32f4xx_hal_cortex.o
 *fill*         0x080017a2        0x2 
 .text.SysTick_Config
                0x080017a4       0x44 ./Drivers/STM32F4xx_HAL_Driver/Src/stm32f4xx_hal_cortex.o
 .text.HAL_NVIC_SetPriorityGrouping
                0x080017e8       0x16 ./Drivers/STM32F4xx_HAL_Driver/Src/stm32f4xx_hal_cortex.o
                0x080017e8                HAL_NVIC_SetPriorityGrouping
 .text.HAL_NVIC_SetPriority
                0x080017fe       0x38 ./Drivers/STM32F4xx_HAL_Driver/Src/stm32f4xx_hal_cortex.o
                0x080017fe                HAL_NVIC_SetPriority
 .text.HAL_SYSTICK_Config
                0x08001836       0x18 ./Drivers/STM32F4xx_HAL_Driver/Src/stm32f4xx_hal_cortex.o
                0x08001836                HAL_SYSTICK_Config
 *fill*         0x0800184e        0x2 
 .text.HAL_GPIO_Init
                0x08001850      0x328 ./Drivers/STM32F4xx_HAL_Driver/Src/stm32f4xx_hal_gpio.o
                0x08001850                HAL_GPIO_Init
 .text.HAL_GPIO_WritePin
                0x08001b78       0x32 ./Drivers/STM32F4xx_HAL_Driver/Src/stm32f4xx_hal_gpio.o
                0x08001b78                HAL_GPIO_WritePin
 *fill*         0x08001baa        0x2 
 .text.HAL_PWREx_EnableOverDrive
                0x08001bac       0xa0 ./Drivers/STM32F4xx_HAL_Driver/Src/stm32f4xx_hal_pwr_ex.o
                0x08001bac                HAL_PWREx_EnableOverDrive
 .text.HAL_RCC_ClockConfig
                0x08001c4c      0x1cc ./Drivers/STM32F4xx_HAL_Driver/Src/stm32f4xx_hal_rcc.o
                0x08001c4c                HAL_RCC_ClockConfig
 .text.HAL_RCC_GetHCLKFreq
                0x08001e18       0x18 ./Drivers/STM32F4xx_HAL_Driver/Src/stm32f4xx_hal_rcc.o
                0x08001e18                HAL_RCC_GetHCLKFreq
 .text.HAL_RCC_GetPCLK1Freq
                0x08001e30       0x28 ./Drivers/STM32F4xx_HAL_Driver/Src/stm32f4xx_hal_rcc.o
                0x08001e30                HAL_RCC_GetPCLK1Freq
 .text.HAL_RCC_GetPCLK2Freq
                0x08001e58       0x28 ./Drivers/STM32F4xx_HAL_Driver/Src/stm32f4xx_hal_rcc.o
                0x08001e58                HAL_RCC_GetPCLK2Freq
 .text.HAL_RCC_GetSysClockFreq
                0x08001e80      0x460 ./Drivers/STM32F4xx_HAL_Driver/Src/stm32f4xx_hal_rcc_ex.o
                0x08001e80                HAL_RCC_GetSysClockFreq
 .text.HAL_RCC_OscConfig
                0x080022e0      0x53c ./Drivers/STM32F4xx_HAL_Driver/Src/stm32f4xx_hal_rcc_ex.o
                0x080022e0                HAL_RCC_OscConfig
 .text.HAL_UART_Init
                0x0800281c       0xa0 ./Drivers/STM32F4xx_HAL_Driver/Src/stm32f4xx_hal_uart.o
                0x0800281c                HAL_UART_Init
 .text.HAL_UART_Transmit
                0x080028bc      0x116 ./Drivers/STM32F4xx_HAL_Driver/Src/stm32f4xx_hal_uart.o
                0x080028bc                HAL_UART_Transmit
 .text.HAL_UART_Receive
                0x080029d2      0x12e ./Drivers/STM32F4xx_HAL_Driver/Src/stm32f4xx_hal_uart.o
                0x080029d2                HAL_UART_Receive
 .text.UART_WaitOnFlagUntilTimeout
                0x08002b00       0xb2 ./Drivers/STM32F4xx_HAL_Driver/Src/stm32f4xx_hal_uart.o
 .text.UART_EndRxTransfer
                0x08002bb2       0xc6 ./Drivers/STM32F4xx_HAL_Driver/Src/stm32f4xx_hal_uart.o
 .text.UART_SetConfig
                0x08002c78      0x4e8 ./Drivers/STM32F4xx_HAL_Driver/Src/stm32f4xx_hal_uart.o
 .text.pb_io_reset_packet_size
                0x08003160       0x18 ./X-CUBE-AI/App/aiPbIO.o
                0x08003160                pb_io_reset_packet_size
 .text.write_packet
                0x08003178       0x20 ./X-CUBE-AI/App/aiPbIO.o
 .text.pb_io_flush_ostream
                0x08003198       0x4c ./X-CUBE-AI/App/aiPbIO.o
                0x08003198                pb_io_flush_ostream
 .text.write_callback
                0x080031e4       0xa4 ./X-CUBE-AI/App/aiPbIO.o
 .text.read_packet
                0x08003288       0x58 ./X-CUBE-AI/App/aiPbIO.o
 .text.pb_io_flush_istream
                0x080032e0       0x24 ./X-CUBE-AI/App/aiPbIO.o
                0x080032e0                pb_io_flush_istream
 .text.read_callback
                0x08003304       0xbc ./X-CUBE-AI/App/aiPbIO.o
 .text.pb_io_ostream
                0x080033c0       0x38 ./X-CUBE-AI/App/aiPbIO.o
                0x080033c0                pb_io_ostream
 .text.pb_io_istream
                0x080033f8       0x38 ./X-CUBE-AI/App/aiPbIO.o
                0x080033f8                pb_io_istream
 .text.pb_io_stream_init
                0x08003430        0xe ./X-CUBE-AI/App/aiPbIO.o
                0x08003430                pb_io_stream_init
 *fill*         0x0800343e        0x2 
 .text.aiPbMgrInit
                0x08003440       0x90 ./X-CUBE-AI/App/aiPbMgr.o
                0x08003440                aiPbMgrInit
 .text.aiPbMgrWaitAndProcess
                0x080034d0       0xac ./X-CUBE-AI/App/aiPbMgr.o
                0x080034d0                aiPbMgrWaitAndProcess
 .text.aiPbStrCopy
                0x0800357c       0x70 ./X-CUBE-AI/App/aiPbMgr.o
                0x0800357c                aiPbStrCopy
 .text.encode_uint32
                0x080035ec       0xae ./X-CUBE-AI/App/aiPbMgr.o
                0x080035ec                encode_uint32
 *fill*         0x0800369a        0x2 
 .text.encode_tensor_desc
                0x0800369c       0xb0 ./X-CUBE-AI/App/aiPbMgr.o
                0x0800369c                encode_tensor_desc
 .text.decode_data_cb
                0x0800374c       0x8a ./X-CUBE-AI/App/aiPbMgr.o
 .text.encode_data_cb
                0x080037d6       0x58 ./X-CUBE-AI/App/aiPbMgr.o
                0x080037d6                encode_data_cb
 *fill*         0x0800382e        0x2 
 .text.aiPbMgrSendResp
                0x08003830       0x3c ./X-CUBE-AI/App/aiPbMgr.o
                0x08003830                aiPbMgrSendResp
 .text.aiPbMgrSendAck
                0x0800386c       0x36 ./X-CUBE-AI/App/aiPbMgr.o
                0x0800386c                aiPbMgrSendAck
 *fill*         0x080038a2        0x2 
 .text.aiPbMgrWaitAck
                0x080038a4       0x34 ./X-CUBE-AI/App/aiPbMgr.o
                0x080038a4                aiPbMgrWaitAck
 .text.aiPbMgrSendLogV2
                0x080038d8       0x94 ./X-CUBE-AI/App/aiPbMgr.o
                0x080038d8                aiPbMgrSendLogV2
 .text.aiPbMgrReceiveData
                0x0800396c       0x44 ./X-CUBE-AI/App/aiPbMgr.o
                0x0800396c                aiPbMgrReceiveData
 .text.aiPbMgrSendOperator
                0x080039b0       0xc4 ./X-CUBE-AI/App/aiPbMgr.o
                0x080039b0                aiPbMgrSendOperator
 .text.aiPbCmdDisconnect
                0x08003a74       0x18 ./X-CUBE-AI/App/aiPbMgr.o
                0x08003a74                aiPbCmdDisconnect
 .text.aiPbCmdSync
                0x08003a8c       0x54 ./X-CUBE-AI/App/aiPbMgr.o
                0x08003a8c                aiPbCmdSync
 .text.stai_platform_version
                0x08003ae0       0x78 ./X-CUBE-AI/App/aiTestHelper_ST_AI.o
                0x08003ae0                stai_platform_version
 .text.stai_log_err
                0x08003b58       0x34 ./X-CUBE-AI/App/aiTestHelper_ST_AI.o
                0x08003b58                stai_log_err
 .text.stai_log_data_type
                0x08003b8c       0xbc ./X-CUBE-AI/App/aiTestHelper_ST_AI.o
 .text.stai_log_io_tensor
                0x08003c48       0xfc ./X-CUBE-AI/App/aiTestHelper_ST_AI.o
                0x08003c48                stai_log_io_tensor
 .text._stai_log_tensor_data
                0x08003d44       0x38 ./X-CUBE-AI/App/aiTestHelper_ST_AI.o
 .text.stai_log_network_info
                0x08003d7c      0x338 ./X-CUBE-AI/App/aiTestHelper_ST_AI.o
                0x08003d7c                stai_log_network_info
 .text.port_io_write
                0x080040b4       0x38 ./X-CUBE-AI/App/aiTestUtility.o
 .text.port_io_read
                0x080040ec       0x38 ./X-CUBE-AI/App/aiTestUtility.o
 .text.ioRawWriteBuffer
                0x08004124       0x1c ./X-CUBE-AI/App/aiTestUtility.o
                0x08004124                ioRawWriteBuffer
 .text.ioRawReadBuffer
                0x08004140       0x1c ./X-CUBE-AI/App/aiTestUtility.o
                0x08004140                ioRawReadBuffer
 .text.ioRawDisableLLWrite
                0x0800415c       0x18 ./X-CUBE-AI/App/aiTestUtility.o
                0x0800415c                ioRawDisableLLWrite
 .text.uint64ToDecimal
                0x08004174       0x80 ./X-CUBE-AI/App/aiTestUtility.o
                0x08004174                uint64ToDecimal
 .text.uint32_to_str
                0x080041f4       0x8c ./X-CUBE-AI/App/aiTestUtility.o
                0x080041f4                uint32_to_str
 .text._put_c_driver
                0x08004280       0x2c ./X-CUBE-AI/App/aiTestUtility.o
 .text.lc_print
                0x080042ac       0x2c ./X-CUBE-AI/App/aiTestUtility.o
                0x080042ac                lc_print
 .text._put_c_buffer_cb
                0x080042d8       0x50 ./X-CUBE-AI/App/aiTestUtility.o
 .text.lc_vsnprint
                0x08004328       0x38 ./X-CUBE-AI/App/aiTestUtility.o
                0x08004328                lc_vsnprint
 .text.stackMonInit
                0x08004360       0xac ./X-CUBE-AI/App/aiTestUtility.o
                0x08004360                stackMonInit
 .text.dwtCyclesToTime
                0x0800440c      0x350 ./X-CUBE-AI/App/aiTestUtility.o
                0x0800440c                dwtCyclesToTime
 .text.dwtCyclesToFloatMs
                0x0800475c       0x50 ./X-CUBE-AI/App/aiTestUtility.o
                0x0800475c                dwtCyclesToFloatMs
 .text.devIdToStr
                0x080047ac      0x1cc ./X-CUBE-AI/App/aiTestUtility.o
 .text.bitToStr
                0x08004978       0x28 ./X-CUBE-AI/App/aiTestUtility.o
 .text.getSysConf
                0x080049a0       0x4a ./X-CUBE-AI/App/aiTestUtility.o
                0x080049a0                getSysConf
 *fill*         0x080049ea        0x2 
 .text.getFlashCacheConf
                0x080049ec       0x74 ./X-CUBE-AI/App/aiTestUtility.o
                0x080049ec                getFlashCacheConf
 .text.systemSettingLog
                0x08004a60      0x108 ./X-CUBE-AI/App/aiTestUtility.o
                0x08004a60                systemSettingLog
 .text._mon_alloc_reset
                0x08004b68       0x24 ./X-CUBE-AI/App/aiValidation_ST_AI.o
 .text.cyclesCounterInit
                0x08004b8c       0x90 ./X-CUBE-AI/App/aiValidation_ST_AI.o
 .text.cyclesCounterStart
                0x08004c1c       0x28 ./X-CUBE-AI/App/aiValidation_ST_AI.o
 .text.cyclesCounterEnd
                0x08004c44       0xd4 ./X-CUBE-AI/App/aiValidation_ST_AI.o
 .text._get_tensor_size
                0x08004d18       0x44 ./X-CUBE-AI/App/aiValidation_ST_AI.o
 .text._is_32b_packed
                0x08004d5c       0x42 ./X-CUBE-AI/App/aiValidation_ST_AI.o
 .text._get_tensor_element_size
                0x08004d9e       0x2a ./X-CUBE-AI/App/aiValidation_ST_AI.o
 .text._get_tensor_size_bytes
                0x08004dc8       0x36 ./X-CUBE-AI/App/aiValidation_ST_AI.o
 .text._stai_shape_to_n_dims
                0x08004dfe       0x62 ./X-CUBE-AI/App/aiValidation_ST_AI.o
 .text._stai_version_to_uint32
                0x08004e60       0x30 ./X-CUBE-AI/App/aiValidation_ST_AI.o
 .text.fill_tensor_desc_msg
                0x08004e90       0xb8 ./X-CUBE-AI/App/aiValidation_ST_AI.o
 .text.encode_ai_buffer_to_tensor_desc
                0x08004f48       0x60 ./X-CUBE-AI/App/aiValidation_ST_AI.o
 .text._stai_compiler_id_to
                0x08004fa8       0x5e ./X-CUBE-AI/App/aiValidation_ST_AI.o
 *fill*         0x08005006        0x2 
 .text.send_model_info
                0x08005008      0x2b4 ./X-CUBE-AI/App/aiValidation_ST_AI.o
 .text._receive_ai_data
                0x080052bc      0x104 ./X-CUBE-AI/App/aiValidation_ST_AI.o
 .text._send_ai_io_tensor
                0x080053c0       0xb4 ./X-CUBE-AI/App/aiValidation_ST_AI.o
 .text._print_debug
                0x08005474       0x7c ./X-CUBE-AI/App/aiValidation_ST_AI.o
                0x08005474                _print_debug
 .text._stai_event_cb
                0x080054f0      0x34c ./X-CUBE-AI/App/aiValidation_ST_AI.o
                0x080054f0                _stai_event_cb
 .text.adjustInferenceTime
                0x0800583c       0x6c ./X-CUBE-AI/App/aiValidation_ST_AI.o
                0x0800583c                adjustInferenceTime
 .text.aiExecCtx
                0x080058a8       0xc4 ./X-CUBE-AI/App/aiValidation_ST_AI.o
 .text.aiBootstrap
                0x0800596c      0x2c4 ./X-CUBE-AI/App/aiValidation_ST_AI.o
 .text.aiInit   0x08005c30       0x98 ./X-CUBE-AI/App/aiValidation_ST_AI.o
 .text.aiPbCmdSysInfo
                0x08005cc8       0x6c ./X-CUBE-AI/App/aiValidation_ST_AI.o
                0x08005cc8                aiPbCmdSysInfo
 .text.aiPbCmdNNInfo
                0x08005d34       0x4c ./X-CUBE-AI/App/aiValidation_ST_AI.o
                0x08005d34                aiPbCmdNNInfo
 .text._set_context
                0x08005d80       0xa4 ./X-CUBE-AI/App/aiValidation_ST_AI.o
 .text._reset_states
                0x08005e24       0x84 ./X-CUBE-AI/App/aiValidation_ST_AI.o
 .text.aiPbCmdNNRun
                0x08005ea8      0x4e8 ./X-CUBE-AI/App/aiValidation_ST_AI.o
                0x08005ea8                aiPbCmdNNRun
 .text.aiValidationInit
                0x08006390       0x3c ./X-CUBE-AI/App/aiValidation_ST_AI.o
                0x08006390                aiValidationInit
 .text.aiValidationProcess
                0x080063cc       0x98 ./X-CUBE-AI/App/aiValidation_ST_AI.o
                0x080063cc                aiValidationProcess
 .text.port_dwt_init_imp
                0x08006464       0x34 ./X-CUBE-AI/App/ai_device_adaptor.o
                0x08006464                port_dwt_init_imp
 .text.STM32CubeAI_Studio_AI_Init
                0x08006498       0x10 ./X-CUBE-AI/App/app_x-cube-ai.o
                0x08006498                STM32CubeAI_Studio_AI_Init
 .text.STM32CubeAI_Studio_AI_Process
                0x080064a8        0xc ./X-CUBE-AI/App/app_x-cube-ai.o
                0x080064a8                STM32CubeAI_Studio_AI_Process
 .text._stai_mnetwork_is_valid
                0x080064b4       0x56 ./X-CUBE-AI/App/app_x-cube-ai.o
 *fill*         0x0800650a        0x2 
 .text._stai_mnetwork_handle
                0x0800650c       0x60 ./X-CUBE-AI/App/app_x-cube-ai.o
 .text._stai_mnetwork_release_handle
                0x0800656c       0x48 ./X-CUBE-AI/App/app_x-cube-ai.o
 .text.stai_mnetwork_find
                0x080065b4       0x5c ./X-CUBE-AI/App/app_x-cube-ai.o
                0x080065b4                stai_mnetwork_find
 .text.stai_mnetwork_init
                0x08006610       0xbc ./X-CUBE-AI/App/app_x-cube-ai.o
                0x08006610                stai_mnetwork_init
 .text.stai_mnetwork_set_activations
                0x080066cc       0x3e ./X-CUBE-AI/App/app_x-cube-ai.o
                0x080066cc                stai_mnetwork_set_activations
 .text.stai_mnetwork_set_states
                0x0800670a       0x3e ./X-CUBE-AI/App/app_x-cube-ai.o
                0x0800670a                stai_mnetwork_set_states
 .text.stai_mnetwork_set_inputs
                0x08006748       0x3e ./X-CUBE-AI/App/app_x-cube-ai.o
                0x08006748                stai_mnetwork_set_inputs
 .text.stai_mnetwork_set_outputs
                0x08006786       0x3e ./X-CUBE-AI/App/app_x-cube-ai.o
                0x08006786                stai_mnetwork_set_outputs
 .text.stai_mnetwork_set_callback
                0x080067c4       0x3c ./X-CUBE-AI/App/app_x-cube-ai.o
                0x080067c4                stai_mnetwork_set_callback
 .text.stai_mnetwork_get_details
                0x08006800       0x28 ./X-CUBE-AI/App/app_x-cube-ai.o
                0x08006800                stai_mnetwork_get_details
 .text.stai_mnetwork_get_activations
                0x08006828       0x3c ./X-CUBE-AI/App/app_x-cube-ai.o
                0x08006828                stai_mnetwork_get_activations
 .text.stai_mnetwork_get_states
                0x08006864       0x3c ./X-CUBE-AI/App/app_x-cube-ai.o
                0x08006864                stai_mnetwork_get_states
 .text.stai_mnetwork_get_weights_ext
                0x080068a0       0x28 ./X-CUBE-AI/App/app_x-cube-ai.o
                0x080068a0                stai_mnetwork_get_weights_ext
 .text.stai_mnetwork_get_inputs
                0x080068c8       0x3c ./X-CUBE-AI/App/app_x-cube-ai.o
                0x080068c8                stai_mnetwork_get_inputs
 .text.stai_mnetwork_get_outputs
                0x08006904       0x3c ./X-CUBE-AI/App/app_x-cube-ai.o
                0x08006904                stai_mnetwork_get_outputs
 .text.stai_mnetwork_deinit
                0x08006940       0x42 ./X-CUBE-AI/App/app_x-cube-ai.o
                0x08006940                stai_mnetwork_deinit
 .text.stai_mnetwork_get_info
                0x08006982       0x3c ./X-CUBE-AI/App/app_x-cube-ai.o
                0x08006982                stai_mnetwork_get_info
 .text.stai_mnetwork_run
                0x080069be       0x3a ./X-CUBE-AI/App/app_x-cube-ai.o
                0x080069be                stai_mnetwork_run
 .text._write_string
                0x080069f8       0xd2 ./X-CUBE-AI/App/lc_print.o
 .text._write_number
                0x08006aca      0x228 ./X-CUBE-AI/App/lc_print.o
 *fill*         0x08006cf2        0x2 
 .text._write_double
                0x08006cf4      0x284 ./X-CUBE-AI/App/lc_print.o
 .text._getChar
                0x08006f78       0x20 ./X-CUBE-AI/App/lc_print.o
 .text.vlc_print
                0x08006f98      0x4c0 ./X-CUBE-AI/App/lc_print.o
                0x08006f98                vlc_print
 .text._stai_network_check
                0x08007458      0x108 ./X-CUBE-AI/App/network.o
 .text.stai_network_init
                0x08007560       0x58 ./X-CUBE-AI/App/network.o
                0x08007560                stai_network_init
 .text.stai_network_deinit
                0x080075b8       0x68 ./X-CUBE-AI/App/network.o
                0x080075b8                stai_network_deinit
 .text.forward_lite_nl_0_nl
                0x08007620       0xb8 ./X-CUBE-AI/App/network.o
                0x08007620                forward_lite_nl_0_nl
 .text.forward_lite_pool_13
                0x080076d8       0xbc ./X-CUBE-AI/App/network.o
                0x080076d8                forward_lite_pool_13
 .text.forward_lite_transpose_6
                0x08007794       0xbc ./X-CUBE-AI/App/network.o
                0x08007794                forward_lite_transpose_6
 .text.forward_lite_concat_14
                0x08007850       0xe4 ./X-CUBE-AI/App/network.o
                0x08007850                forward_lite_concat_14
 .text.forward_lite_nl_15
                0x08007934       0xb8 ./X-CUBE-AI/App/network.o
                0x08007934                forward_lite_nl_15
 .text.forward_lite_transpose_21
                0x080079ec       0xbc ./X-CUBE-AI/App/network.o
                0x080079ec                forward_lite_transpose_21
 .text.forward_lite_eltwise_28
                0x08007aa8       0xd8 ./X-CUBE-AI/App/network.o
                0x08007aa8                forward_lite_eltwise_28
 .text.forward_lite_nl_28_nl
                0x08007b80       0xb0 ./X-CUBE-AI/App/network.o
                0x08007b80                forward_lite_nl_28_nl
 .text.forward_lite_pool_41
                0x08007c30       0xb0 ./X-CUBE-AI/App/network.o
                0x08007c30                forward_lite_pool_41
 .text.forward_lite_transpose_34
                0x08007ce0       0xb4 ./X-CUBE-AI/App/network.o
                0x08007ce0                forward_lite_transpose_34
 .text.forward_lite_concat_42
                0x08007d94       0xe4 ./X-CUBE-AI/App/network.o
                0x08007d94                forward_lite_concat_42
 .text.forward_lite_nl_43
                0x08007e78       0xc0 ./X-CUBE-AI/App/network.o
                0x08007e78                forward_lite_nl_43
 .text.forward_lite_transpose_49
                0x08007f38       0xb8 ./X-CUBE-AI/App/network.o
                0x08007f38                forward_lite_transpose_49
 .text.forward_lite_eltwise_56
                0x08007ff0       0xe8 ./X-CUBE-AI/App/network.o
                0x08007ff0                forward_lite_eltwise_56
 .text.forward_lite_pool_58
                0x080080d8       0xb0 ./X-CUBE-AI/App/network.o
                0x080080d8                forward_lite_pool_58
 .text.forward_lite_gemm_59
                0x08008188       0xf8 ./X-CUBE-AI/App/network.o
                0x08008188                forward_lite_gemm_59
 .text.stai_network_run
                0x08008280     0x1b54 ./X-CUBE-AI/App/network.o
                0x08008280                stai_network_run
 .text.stai_network_get_context_size
                0x08009dd4       0x10 ./X-CUBE-AI/App/network.o
                0x08009dd4                stai_network_get_context_size
 .text.stai_network_get_info
                0x08009de4       0xa8 ./X-CUBE-AI/App/network.o
                0x08009de4                stai_network_get_info
 .text.stai_network_get_activations
                0x08009e8c       0xcc ./X-CUBE-AI/App/network.o
                0x08009e8c                stai_network_get_activations
 .text.stai_network_get_weights
                0x08009f58       0xd0 ./X-CUBE-AI/App/network.o
                0x08009f58                stai_network_get_weights
 .text.stai_network_get_inputs
                0x0800a028       0xd0 ./X-CUBE-AI/App/network.o
                0x0800a028                stai_network_get_inputs
 .text.stai_network_get_outputs
                0x0800a0f8       0xcc ./X-CUBE-AI/App/network.o
                0x0800a0f8                stai_network_get_outputs
 .text.stai_network_get_error
                0x0800a1c4       0x60 ./X-CUBE-AI/App/network.o
                0x0800a1c4                stai_network_get_error
 .text.stai_network_get_states
                0x0800a224       0xa0 ./X-CUBE-AI/App/network.o
                0x0800a224                stai_network_get_states
 .text.stai_network_set_activations
                0x0800a2c4      0x1b0 ./X-CUBE-AI/App/network.o
                0x0800a2c4                stai_network_set_activations
 .text.stai_network_set_weights
                0x0800a474      0x1f8 ./X-CUBE-AI/App/network.o
                0x0800a474                stai_network_set_weights
 .text.stai_network_set_inputs
                0x0800a66c      0x198 ./X-CUBE-AI/App/network.o
                0x0800a66c                stai_network_set_inputs
 .text.stai_network_set_outputs
                0x0800a804      0x198 ./X-CUBE-AI/App/network.o
                0x0800a804                stai_network_set_outputs
 .text.stai_network_set_states
                0x0800a99c       0x64 ./X-CUBE-AI/App/network.o
                0x0800a99c                stai_network_set_states
 .text.stai_network_set_callback
                0x0800aa00       0x70 ./X-CUBE-AI/App/network.o
                0x0800aa00                stai_network_set_callback
 .text.pb_field_iter_begin
                0x0800aa70       0x62 ./X-CUBE-AI/App/pb_common.o
                0x0800aa70                pb_field_iter_begin
 .text.pb_field_iter_next
                0x0800aad2       0xf6 ./X-CUBE-AI/App/pb_common.o
                0x0800aad2                pb_field_iter_next
 .text.pb_field_iter_find
                0x0800abc8       0x4a ./X-CUBE-AI/App/pb_common.o
                0x0800abc8                pb_field_iter_find
 .text.buf_read
                0x0800ac12       0x56 ./X-CUBE-AI/App/pb_decode.o
 .text.pb_read  0x0800ac68       0xa0 ./X-CUBE-AI/App/pb_decode.o
                0x0800ac68                pb_read
 .text.pb_readbyte
                0x0800ad08       0x46 ./X-CUBE-AI/App/pb_decode.o
 *fill*         0x0800ad4e        0x2 
 .text.pb_istream_from_buffer
                0x0800ad50       0x3c ./X-CUBE-AI/App/pb_decode.o
                0x0800ad50                pb_istream_from_buffer
 .text.pb_decode_varint32_eof
                0x0800ad8c       0xe6 ./X-CUBE-AI/App/pb_decode.o
 .text.pb_decode_varint32
                0x0800ae72       0x1e ./X-CUBE-AI/App/pb_decode.o
                0x0800ae72                pb_decode_varint32
 .text.pb_decode_varint
                0x0800ae90       0xa8 ./X-CUBE-AI/App/pb_decode.o
                0x0800ae90                pb_decode_varint
 .text.pb_skip_varint
                0x0800af38       0x38 ./X-CUBE-AI/App/pb_decode.o
 .text.pb_skip_string
                0x0800af70       0x3a ./X-CUBE-AI/App/pb_decode.o
 .text.pb_decode_tag
                0x0800afaa       0x6e ./X-CUBE-AI/App/pb_decode.o
                0x0800afaa                pb_decode_tag
 .text.pb_skip_field
                0x0800b018       0x6c ./X-CUBE-AI/App/pb_decode.o
                0x0800b018                pb_skip_field
 .text.read_raw_value
                0x0800b084       0xa6 ./X-CUBE-AI/App/pb_decode.o
 .text.pb_make_string_substream
                0x0800b12a       0x5a ./X-CUBE-AI/App/pb_decode.o
                0x0800b12a                pb_make_string_substream
 .text.pb_close_string_substream
                0x0800b184       0x42 ./X-CUBE-AI/App/pb_decode.o
                0x0800b184                pb_close_string_substream
 *fill*         0x0800b1c6        0x2 
 .text.decode_static_field
                0x0800b1c8      0x1ec ./X-CUBE-AI/App/pb_decode.o
 .text.decode_pointer_field
                0x0800b3b4       0x1c ./X-CUBE-AI/App/pb_decode.o
 .text.decode_callback_field
                0x0800b3d0       0xf6 ./X-CUBE-AI/App/pb_decode.o
 .text.decode_field
                0x0800b4c6       0x64 ./X-CUBE-AI/App/pb_decode.o
 .text.iter_from_extension
                0x0800b52a       0x4e ./X-CUBE-AI/App/pb_decode.o
 .text.default_extension_decoder
                0x0800b578       0x50 ./X-CUBE-AI/App/pb_decode.o
 .text.decode_extension
                0x0800b5c8       0x80 ./X-CUBE-AI/App/pb_decode.o
 .text.find_extension_field
                0x0800b648       0x3a ./X-CUBE-AI/App/pb_decode.o
 .text.pb_field_set_to_default
                0x0800b682      0x148 ./X-CUBE-AI/App/pb_decode.o
 .text.pb_message_set_to_defaults
                0x0800b7ca       0x48 ./X-CUBE-AI/App/pb_decode.o
 .text.pb_decode_noinit
                0x0800b812      0x266 ./X-CUBE-AI/App/pb_decode.o
                0x0800b812                pb_decode_noinit
 .text.pb_decode
                0x0800ba78       0x2c ./X-CUBE-AI/App/pb_decode.o
                0x0800ba78                pb_decode
 .text.pb_decode_delimited
                0x0800baa4       0x60 ./X-CUBE-AI/App/pb_decode.o
                0x0800baa4                pb_decode_delimited
 .text.pb_decode_svarint
                0x0800bb04       0x86 ./X-CUBE-AI/App/pb_decode.o
                0x0800bb04                pb_decode_svarint
 .text.pb_decode_fixed32
                0x0800bb8a       0x4c ./X-CUBE-AI/App/pb_decode.o
                0x0800bb8a                pb_decode_fixed32
 .text.pb_decode_fixed64
                0x0800bbd6      0x182 ./X-CUBE-AI/App/pb_decode.o
                0x0800bbd6                pb_decode_fixed64
 .text.pb_dec_varint
                0x0800bd58       0xf8 ./X-CUBE-AI/App/pb_decode.o
 .text.pb_dec_uvarint
                0x0800be50       0xd4 ./X-CUBE-AI/App/pb_decode.o
 .text.pb_dec_svarint
                0x0800bf24       0xd8 ./X-CUBE-AI/App/pb_decode.o
 .text.pb_dec_fixed32
                0x0800bffc       0x1e ./X-CUBE-AI/App/pb_decode.o
 .text.pb_dec_fixed64
                0x0800c01a       0x1e ./X-CUBE-AI/App/pb_decode.o
 .text.pb_dec_bytes
                0x0800c038       0x8a ./X-CUBE-AI/App/pb_decode.o
 .text.pb_dec_string
                0x0800c0c2       0x7e ./X-CUBE-AI/App/pb_decode.o
 .text.pb_dec_submessage
                0x0800c140       0x98 ./X-CUBE-AI/App/pb_decode.o
 .text.pb_dec_fixed_length_bytes
                0x0800c1d8       0x74 ./X-CUBE-AI/App/pb_decode.o
 .text.pb_write
                0x0800c24c       0x5a ./X-CUBE-AI/App/pb_encode.o
                0x0800c24c                pb_write
 .text.encode_array
                0x0800c2a6      0x1f2 ./X-CUBE-AI/App/pb_encode.o
 .text.pb_check_proto3_default_value
                0x0800c498      0x18c ./X-CUBE-AI/App/pb_encode.o
 .text.encode_basic_field
                0x0800c624      0x1c0 ./X-CUBE-AI/App/pb_encode.o
 .text.encode_callback_field
                0x0800c7e4       0x44 ./X-CUBE-AI/App/pb_encode.o
 .text.encode_field
                0x0800c828       0x4c ./X-CUBE-AI/App/pb_encode.o
 .text.default_extension_encoder
                0x0800c874       0x48 ./X-CUBE-AI/App/pb_encode.o
 .text.encode_extension_field
                0x0800c8bc       0x62 ./X-CUBE-AI/App/pb_encode.o
 .text.pb_const_cast
                0x0800c91e       0x1a ./X-CUBE-AI/App/pb_encode.o
 .text.pb_encode
                0x0800c938       0x8e ./X-CUBE-AI/App/pb_encode.o
                0x0800c938                pb_encode
 .text.pb_encode_varint
                0x0800c9c6       0xa2 ./X-CUBE-AI/App/pb_encode.o
                0x0800c9c6                pb_encode_varint
 .text.pb_encode_svarint
                0x0800ca68       0x58 ./X-CUBE-AI/App/pb_encode.o
                0x0800ca68                pb_encode_svarint
 .text.pb_encode_fixed32
                0x0800cac0       0x46 ./X-CUBE-AI/App/pb_encode.o
                0x0800cac0                pb_encode_fixed32
 .text.pb_encode_fixed64
                0x0800cb06       0xc8 ./X-CUBE-AI/App/pb_encode.o
                0x0800cb06                pb_encode_fixed64
 .text.pb_encode_tag
                0x0800cbce       0x52 ./X-CUBE-AI/App/pb_encode.o
                0x0800cbce                pb_encode_tag
 .text.pb_encode_tag_for_field
                0x0800cc20       0x7c ./X-CUBE-AI/App/pb_encode.o
                0x0800cc20                pb_encode_tag_for_field
 .text.pb_encode_string
                0x0800cc9c       0x42 ./X-CUBE-AI/App/pb_encode.o
                0x0800cc9c                pb_encode_string
 .text.pb_encode_submessage
                0x0800ccde       0xda ./X-CUBE-AI/App/pb_encode.o
                0x0800ccde                pb_encode_submessage
 .text.pb_enc_varint
                0x0800cdb8       0x98 ./X-CUBE-AI/App/pb_encode.o
 .text.pb_enc_uvarint
                0x0800ce50       0x94 ./X-CUBE-AI/App/pb_encode.o
 .text.pb_enc_svarint
                0x0800cee4       0x98 ./X-CUBE-AI/App/pb_encode.o
 .text.pb_enc_fixed64
                0x0800cf7c       0x1e ./X-CUBE-AI/App/pb_encode.o
 .text.pb_enc_fixed32
                0x0800cf9a       0x1e ./X-CUBE-AI/App/pb_encode.o
 .text.pb_enc_bytes
                0x0800cfb8       0x60 ./X-CUBE-AI/App/pb_encode.o
 .text.pb_enc_string
                0x0800d018       0x68 ./X-CUBE-AI/App/pb_encode.o
 .text.pb_enc_submessage
                0x0800d080       0x30 ./X-CUBE-AI/App/pb_encode.o
 .text.pb_enc_fixed_length_bytes
                0x0800d0b0       0x24 ./X-CUBE-AI/App/pb_encode.o
 .text.stai_runtime_get_info
                0x0800d0d4       0x30 ../Middlewares/ST/AI/Lib\NetworkRuntime1100_CM4_GCC.a(stai_internal.o)
                0x0800d0d4                stai_runtime_get_info
 .text.forward_dense_integer_SSSA_ch
                0x0800d104      0x190 ../Middlewares/ST/AI/Lib\NetworkRuntime1100_CM4_GCC.a(layers_conv2d_stm32_integer.o)
                0x0800d104                forward_dense_integer_SSSA_ch
 .text.forward_concat
                0x0800d294      0x814 ../Middlewares/ST/AI/Lib\NetworkRuntime1100_CM4_GCC.a(layers_generic_float.o)
                0x0800d294                forward_concat
 .text.forward_transpose
                0x0800daa8      0x16c ../Middlewares/ST/AI/Lib\NetworkRuntime1100_CM4_GCC.a(layers_generic_float.o)
                0x0800daa8                forward_transpose
 .text.forward_relu_integer
                0x0800dc14       0xb8 ../Middlewares/ST/AI/Lib\NetworkRuntime1100_CM4_GCC.a(layers_nl_stm32_integer.o)
                0x0800dc14                forward_relu_integer
 .text.forward_nl_integer
                0x0800dccc       0xa4 ../Middlewares/ST/AI/Lib\NetworkRuntime1100_CM4_GCC.a(layers_nl_stm32_integer.o)
                0x0800dccc                forward_nl_integer
 .text.forward_ap_integer_INT8
                0x0800dd70      0x1bc ../Middlewares/ST/AI/Lib\NetworkRuntime1100_CM4_GCC.a(layers_pool_stm32_integer.o)
                0x0800dd70                forward_ap_integer_INT8
 .text.forward_eltwise_integer_INT8
                0x0800df2c      0x39c ../Middlewares/ST/AI/Lib\NetworkRuntime1100_CM4_GCC.a(layers_stm32_integer.o)
                0x0800df2c                forward_eltwise_integer_INT8
 .text.forward_lite_dense_is8os8ws8_ch
                0x0800e2c8       0x7c ../Middlewares/ST/AI/Lib\NetworkRuntime1100_CM4_GCC.a(forward_lite_dense_is8os8ws8_ch.o)
                0x0800e2c8                forward_lite_dense_is8os8ws8_ch
 .text.forward_lite_avepool_is8os8
                0x0800e344       0x4c ../Middlewares/ST/AI/Lib\NetworkRuntime1100_CM4_GCC.a(forward_lite_avepool_is8os8.o)
                0x0800e344                forward_lite_avepool_is8os8
 .text.forward_lite_dw_3x3_sssa8_ch
                0x0800e390      0xb38 ../Middlewares/ST/AI/Lib\NetworkRuntime1100_CM4_GCC.a(forward_lite_dw_sssa8_ch.o)
                0x0800e390                forward_lite_dw_3x3_sssa8_ch
 .text.forward_lite_pw_sssa8_ch
                0x0800eec8      0x458 ../Middlewares/ST/AI/Lib\NetworkRuntime1100_CM4_GCC.a(forward_lite_pw_sssa8_ch.o)
                0x0800eec8                forward_lite_pw_sssa8_ch
 .text.forward_lite_conv2d_sssa8_ch
                0x0800f320      0xa54 ../Middlewares/ST/AI/Lib\NetworkRuntime1100_CM4_GCC.a(forward_lite_conv2d_sssa8_ch.o)
                0x0800f320                forward_lite_conv2d_sssa8_ch
 .text.forward_lite_nl_softmax_is8os8
                0x0800fd74       0x14 ../Middlewares/ST/AI/Lib\NetworkRuntime1100_CM4_GCC.a(lite_nl_generic_integer.o)
                0x0800fd74                forward_lite_nl_softmax_is8os8
 .text.forward_lite_pad_constant
                0x0800fd88      0x138 ../Middlewares/ST/AI/Lib\NetworkRuntime1100_CM4_GCC.a(forward_lite_pad_generic.o)
                0x0800fd88                forward_lite_pad_constant
 .text.align_factor_ch
                0x0800fec0       0x60 ../Middlewares/ST/AI/Lib\NetworkRuntime1100_CM4_GCC.a(st_align_factor.o)
                0x0800fec0                align_factor_ch
 .text.st_int8_to16_no_shift
                0x0800ff20       0xc4 ../Middlewares/ST/AI/Lib\NetworkRuntime1100_CM4_GCC.a(st_int8_to16_no_shift.o)
                0x0800ff20                st_int8_to16_no_shift
 .text.st_int8_to16_no_shift_interleaved
                0x0800ffe4       0x84 ../Middlewares/ST/AI/Lib\NetworkRuntime1100_CM4_GCC.a(st_int8_to16_no_shift.o)
                0x0800ffe4                st_int8_to16_no_shift_interleaved
 .text.st_int8_to16_dual
                0x08010068      0x1d8 ../Middlewares/ST/AI/Lib\NetworkRuntime1100_CM4_GCC.a(st_int8_to16_no_shift.o)
                0x08010068                st_int8_to16_dual
 .text.st_int8_to16_dual_interleaved
                0x08010240      0x174 ../Middlewares/ST/AI/Lib\NetworkRuntime1100_CM4_GCC.a(st_int8_to16_no_shift.o)
                0x08010240                st_int8_to16_dual_interleaved
 .text.ai_padding_opt_init
                0x080103b4       0xb0 ../Middlewares/ST/AI/Lib\NetworkRuntime1100_CM4_GCC.a(st_padding_opt.o)
                0x080103b4                ai_padding_opt_init
 .text.ai_padding_opt_phase1
                0x08010464       0x34 ../Middlewares/ST/AI/Lib\NetworkRuntime1100_CM4_GCC.a(st_padding_opt.o)
                0x08010464                ai_padding_opt_phase1
 .text.st_int8_avepool
                0x08010498      0x208 ../Middlewares/ST/AI/Lib\NetworkRuntime1100_CM4_GCC.a(st_int8_pool.o)
                0x08010498                st_int8_avepool
 .text.st_int16_fill
                0x080106a0       0x40 ../Middlewares/ST/AI/Lib\NetworkRuntime1100_CM4_GCC.a(st_int16_fill.o)
                0x080106a0                st_int16_fill
 .text.st_sssa8_ch_convolve_rank1upd
                0x080106e0      0x128 ../Middlewares/ST/AI/Lib\NetworkRuntime1100_CM4_GCC.a(st_sssa8_ch_convolve.o)
                0x080106e0                st_sssa8_ch_convolve_rank1upd
 .text.st_sssa8_ch_fully_connected
                0x08010808      0x514 ../Middlewares/ST/AI/Lib\NetworkRuntime1100_CM4_GCC.a(st_sssa8_ch_dense.o)
                0x08010808                st_sssa8_ch_fully_connected
 .text.st_int8_copy
                0x08010d1c      0x13c ../Middlewares/ST/AI/Lib\NetworkRuntime1100_CM4_GCC.a(st_int8_fill.o)
                0x08010d1c                st_int8_copy
 .text.st_int8_fill
                0x08010e58       0x80 ../Middlewares/ST/AI/Lib\NetworkRuntime1100_CM4_GCC.a(st_int8_fill.o)
                0x08010e58                st_int8_fill
 .text.st_int8_reordered_no_shift_zero
                0x08010ed8       0x68 ../Middlewares/ST/AI/Lib\NetworkRuntime1100_CM4_GCC.a(st_int8_reordered_no_shift.o)
                0x08010ed8                st_int8_reordered_no_shift_zero
 .text.st_sssa8_ch_nn_mat_mult_kernel_single_opt
                0x08010f40      0x370 ../Middlewares/ST/AI/Lib\NetworkRuntime1100_CM4_GCC.a(st_sssa8_ch_nn_mat_mult_kernel_single_opt.o)
                0x08010f40                st_sssa8_ch_nn_mat_mult_kernel_single_opt
 .text.weights_2channels_prefetch
                0x080112b0      0x23c ../Middlewares/ST/AI/Lib\NetworkRuntime1100_CM4_GCC.a(st_sssa8_ch_nn_mat_mult_nt_t.o)
                0x080112b0                weights_2channels_prefetch
 .text.st_sssa8_ch_fullW_prefetch
                0x080114ec       0x78 ../Middlewares/ST/AI/Lib\NetworkRuntime1100_CM4_GCC.a(st_sssa8_ch_nn_mat_mult_nt_t.o)
                0x080114ec                st_sssa8_ch_fullW_prefetch
 .text.st_sssa8_ch_nn_mat_mult_kernel_opt
                0x08011564      0x33c ../Middlewares/ST/AI/Lib\NetworkRuntime1100_CM4_GCC.a(st_sssa8_ch_nn_mat_mult_kernel_opt.o)
                0x08011564                st_sssa8_ch_nn_mat_mult_kernel_opt
 .text.st_sssa8_ch_nn_mat_mult_pw_nt_t
                0x080118a0      0x760 ../Middlewares/ST/AI/Lib\NetworkRuntime1100_CM4_GCC.a(st_sssa8_ch_nn_mat_mult_pw_nt_t.o)
                0x080118a0                st_sssa8_ch_nn_mat_mult_pw_nt_t
 .text.st_sssa8_ch_nn_mat_mult_pw_nt_t_KWS
                0x08012000      0x470 ../Middlewares/ST/AI/Lib\NetworkRuntime1100_CM4_GCC.a(st_sssa8_ch_nn_mat_mult_pw_nt_t.o)
                0x08012000                st_sssa8_ch_nn_mat_mult_pw_nt_t_KWS
 .text.ai_sum_f32
                0x08012470       0x14 ../Middlewares/ST/AI/Lib\NetworkRuntime1100_CM4_GCC.a(ai_math_helpers.o)
                0x08012470                ai_sum_f32
 .text.ai_sum_buffer_INT8
                0x08012484      0x2c4 ../Middlewares/ST/AI/Lib\NetworkRuntime1100_CM4_GCC.a(ai_math_helpers.o)
                0x08012484                ai_sum_buffer_INT8
 .text.ai_array_get_byte_size
                0x08012748       0x3c ../Middlewares/ST/AI/Lib\NetworkRuntime1100_CM4_GCC.a(ai_datatypes_format.o)
                0x08012748                ai_array_get_byte_size
 .text.core_get_broadcasted_shape
                0x08012784       0x54 ../Middlewares/ST/AI/Lib\NetworkRuntime1100_CM4_GCC.a(core_utils.o)
                0x08012784                core_get_broadcasted_shape
 .text.core_compute_offsets
                0x080127d8      0x18c ../Middlewares/ST/AI/Lib\NetworkRuntime1100_CM4_GCC.a(core_utils.o)
                0x080127d8                core_compute_offsets
 .text.ai_math_elementwise_sum_int8
                0x08012964      0x1d8 ../Middlewares/ST/AI/Lib\NetworkRuntime1100_CM4_GCC.a(ai_math_elementwise_sum_int8.o)
                0x08012964                ai_math_elementwise_sum_int8
 .text._lite_kernel_nl_softmax_is8os8
                0x08012b3c      0xbe0 ../Middlewares/ST/AI/Lib\NetworkRuntime1100_CM4_GCC.a(lite_nl_softmax_is8os8.o)
                0x08012b3c                _lite_kernel_nl_softmax_is8os8
 .text.malloc   0x0801371c       0x10 C:/ST/STM32CubeIDE_1.12.0/STM32CubeIDE/plugins/com.st.stm32cube.ide.mcu.externaltools.gnu-tools-for-stm32.13.3.rel1.win32_1.0.100.202509120712/tools/bin/../lib/gcc/arm-none-eabi/13.3.1/../../../../arm-none-eabi/lib/thumb/v7e-m+fp/hard\libc_nano.a(libc_a-malloc.o)
                0x0801371c                malloc
 .text.free     0x0801372c       0x10 C:/ST/STM32CubeIDE_1.12.0/STM32CubeIDE/plugins/com.st.stm32cube.ide.mcu.externaltools.gnu-tools-for-stm32.13.3.rel1.win32_1.0.100.202509120712/tools/bin/../lib/gcc/arm-none-eabi/13.3.1/../../../../arm-none-eabi/lib/thumb/v7e-m+fp/hard\libc_nano.a(libc_a-malloc.o)
                0x0801372c                free
 .text.sbrk_aligned
                0x0801373c       0x44 C:/ST/STM32CubeIDE_1.12.0/STM32CubeIDE/plugins/com.st.stm32cube.ide.mcu.externaltools.gnu-tools-for-stm32.13.3.rel1.win32_1.0.100.202509120712/tools/bin/../lib/gcc/arm-none-eabi/13.3.1/../../../../arm-none-eabi/lib/thumb/v7e-m+fp/hard\libc_nano.a(libc_a-mallocr.o)
 .text._malloc_r
                0x08013780      0x100 C:/ST/STM32CubeIDE_1.12.0/STM32CubeIDE/plugins/com.st.stm32cube.ide.mcu.externaltools.gnu-tools-for-stm32.13.3.rel1.win32_1.0.100.202509120712/tools/bin/../lib/gcc/arm-none-eabi/13.3.1/../../../../arm-none-eabi/lib/thumb/v7e-m+fp/hard\libc_nano.a(libc_a-mallocr.o)
                0x08013780                _malloc_r
 .text.__malloc_lock
                0x08013880        0xc C:/ST/STM32CubeIDE_1.12.0/STM32CubeIDE/plugins/com.st.stm32cube.ide.mcu.externaltools.gnu-tools-for-stm32.13.3.rel1.win32_1.0.100.202509120712/tools/bin/../lib/gcc/arm-none-eabi/13.3.1/../../../../arm-none-eabi/lib/thumb/v7e-m+fp/hard\libc_nano.a(libc_a-mlock.o)
                0x08013880                __malloc_lock
 .text.__malloc_unlock
                0x0801388c        0xc C:/ST/STM32CubeIDE_1.12.0/STM32CubeIDE/plugins/com.st.stm32cube.ide.mcu.externaltools.gnu-tools-for-stm32.13.3.rel1.win32_1.0.100.202509120712/tools/bin/../lib/gcc/arm-none-eabi/13.3.1/../../../../arm-none-eabi/lib/thumb/v7e-m+fp/hard\libc_nano.a(libc_a-mlock.o)
                0x0801388c                __malloc_unlock
 .text.memset   0x08013898       0x10 C:/ST/STM32CubeIDE_1.12.0/STM32CubeIDE/plugins/com.st.stm32cube.ide.mcu.externaltools.gnu-tools-for-stm32.13.3.rel1.win32_1.0.100.202509120712/tools/bin/../lib/gcc/arm-none-eabi/13.3.1/../../../../arm-none-eabi/lib/thumb/v7e-m+fp/hard\libc_nano.a(libc_a-memset.o)
                0x08013898                memset
 .text.strncmp  0x080138a8       0x24 C:/ST/STM32CubeIDE_1.12.0/STM32CubeIDE/plugins/com.st.stm32cube.ide.mcu.externaltools.gnu-tools-for-stm32.13.3.rel1.win32_1.0.100.202509120712/tools/bin/../lib/gcc/arm-none-eabi/13.3.1/../../../../arm-none-eabi/lib/thumb/v7e-m+fp/hard\libc_nano.a(libc_a-strncmp.o)
                0x080138a8                strncmp
 .text._sbrk_r  0x080138cc       0x20 C:/ST/STM32CubeIDE_1.12.0/STM32CubeIDE/plugins/com.st.stm32cube.ide.mcu.externaltools.gnu-tools-for-stm32.13.3.rel1.win32_1.0.100.202509120712/tools/bin/../lib/gcc/arm-none-eabi/13.3.1/../../../../arm-none-eabi/lib/thumb/v7e-m+fp/hard\libc_nano.a(libc_a-sbrkr.o)
                0x080138cc                _sbrk_r
 .text.__errno  0x080138ec        0xc C:/ST/STM32CubeIDE_1.12.0/STM32CubeIDE/plugins/com.st.stm32cube.ide.mcu.externaltools.gnu-tools-for-stm32.13.3.rel1.win32_1.0.100.202509120712/tools/bin/../lib/gcc/arm-none-eabi/13.3.1/../../../../arm-none-eabi/lib/thumb/v7e-m+fp/hard\libc_nano.a(libc_a-errno.o)
                0x080138ec                __errno
 .text.__libc_init_array
                0x080138f8       0x48 C:/ST/STM32CubeIDE_1.12.0/STM32CubeIDE/plugins/com.st.stm32cube.ide.mcu.externaltools.gnu-tools-for-stm32.13.3.rel1.win32_1.0.100.202509120712/tools/bin/../lib/gcc/arm-none-eabi/13.3.1/../../../../arm-none-eabi/lib/thumb/v7e-m+fp/hard\libc_nano.a(libc_a-init.o)
                0x080138f8                __libc_init_array
 .text.__retarget_lock_acquire_recursive
                0x08013940        0x2 C:/ST/STM32CubeIDE_1.12.0/STM32CubeIDE/plugins/com.st.stm32cube.ide.mcu.externaltools.gnu-tools-for-stm32.13.3.rel1.win32_1.0.100.202509120712/tools/bin/../lib/gcc/arm-none-eabi/13.3.1/../../../../arm-none-eabi/lib/thumb/v7e-m+fp/hard\libc_nano.a(libc_a-lock.o)
                0x08013940                __retarget_lock_acquire_recursive
 .text.__retarget_lock_release_recursive
                0x08013942        0x2 C:/ST/STM32CubeIDE_1.12.0/STM32CubeIDE/plugins/com.st.stm32cube.ide.mcu.externaltools.gnu-tools-for-stm32.13.3.rel1.win32_1.0.100.202509120712/tools/bin/../lib/gcc/arm-none-eabi/13.3.1/../../../../arm-none-eabi/lib/thumb/v7e-m+fp/hard\libc_nano.a(libc_a-lock.o)
                0x08013942                __retarget_lock_release_recursive
 .text.memcpy   0x08013944       0x1c C:/ST/STM32CubeIDE_1.12.0/STM32CubeIDE/plugins/com.st.stm32cube.ide.mcu.externaltools.gnu-tools-for-stm32.13.3.rel1.win32_1.0.100.202509120712/tools/bin/../lib/gcc/arm-none-eabi/13.3.1/../../../../arm-none-eabi/lib/thumb/v7e-m+fp/hard\libc_nano.a(libc_a-memcpy-stub.o)
                0x08013944                memcpy
 .text._free_r  0x08013960       0x94 C:/ST/STM32CubeIDE_1.12.0/STM32CubeIDE/plugins/com.st.stm32cube.ide.mcu.externaltools.gnu-tools-for-stm32.13.3.rel1.win32_1.0.100.202509120712/tools/bin/../lib/gcc/arm-none-eabi/13.3.1/../../../../arm-none-eabi/lib/thumb/v7e-m+fp/hard\libc_nano.a(libc_a-freer.o)
                0x08013960                _free_r
 *(.glue_7)
 .glue_7        0x080139f4        0x0 linker stubs
 *(.glue_7t)
 .glue_7t       0x080139f4        0x0 linker stubs
 *(.eh_frame)
 .eh_frame      0x080139f4        0x0 C:/ST/STM32CubeIDE_1.12.0/STM32CubeIDE/plugins/com.st.stm32cube.ide.mcu.externaltools.gnu-tools-for-stm32.13.3.rel1.win32_1.0.100.202509120712/tools/bin/../lib/gcc/arm-none-eabi/13.3.1/thumb/v7e-m+fp/hard/crtbegin.o
 *(.init)
 .init          0x080139f4        0x4 C:/ST/STM32CubeIDE_1.12.0/STM32CubeIDE/plugins/com.st.stm32cube.ide.mcu.externaltools.gnu-tools-for-stm32.13.3.rel1.win32_1.0.100.202509120712/tools/bin/../lib/gcc/arm-none-eabi/13.3.1/thumb/v7e-m+fp/hard/crti.o
                0x080139f4                _init
 .init          0x080139f8        0x8 C:/ST/STM32CubeIDE_1.12.0/STM32CubeIDE/plugins/com.st.stm32cube.ide.mcu.externaltools.gnu-tools-for-stm32.13.3.rel1.win32_1.0.100.202509120712/tools/bin/../lib/gcc/arm-none-eabi/13.3.1/thumb/v7e-m+fp/hard/crtn.o
 *(.fini)
 .fini          0x08013a00        0x4 C:/ST/STM32CubeIDE_1.12.0/STM32CubeIDE/plugins/com.st.stm32cube.ide.mcu.externaltools.gnu-tools-for-stm32.13.3.rel1.win32_1.0.100.202509120712/tools/bin/../lib/gcc/arm-none-eabi/13.3.1/thumb/v7e-m+fp/hard/crti.o
                0x08013a00                _fini
 .fini          0x08013a04        0x8 C:/ST/STM32CubeIDE_1.12.0/STM32CubeIDE/plugins/com.st.stm32cube.ide.mcu.externaltools.gnu-tools-for-stm32.13.3.rel1.win32_1.0.100.202509120712/tools/bin/../lib/gcc/arm-none-eabi/13.3.1/thumb/v7e-m+fp/hard/crtn.o
                0x08013a0c                        . = ALIGN (0x4)
                0x08013a0c                        _etext = .

.vfp11_veneer   0x08013a0c        0x0
 .vfp11_veneer  0x08013a0c        0x0 linker stubs

.v4_bx          0x08013a0c        0x0
 .v4_bx         0x08013a0c        0x0 linker stubs

.iplt           0x08013a0c        0x0
 .iplt          0x08013a0c        0x0 C:/ST/STM32CubeIDE_1.12.0/STM32CubeIDE/plugins/com.st.stm32cube.ide.mcu.externaltools.gnu-tools-for-stm32.13.3.rel1.win32_1.0.100.202509120712/tools/bin/../lib/gcc/arm-none-eabi/13.3.1/thumb/v7e-m+fp/hard/crtbegin.o

.rodata         0x08013a10     0x93cc
                0x08013a10                        . = ALIGN (0x4)
 *(.rodata)
 .rodata        0x08013a10        0xa ./X-CUBE-AI/App/aiPbMgr.o
 *fill*         0x08013a1a        0x2 
 .rodata        0x08013a1c      0x3d1 ./X-CUBE-AI/App/aiTestHelper_ST_AI.o
 *fill*         0x08013ded        0x3 
 .rodata        0x08013df0      0x240 ./X-CUBE-AI/App/aiTestUtility.o
 .rodata        0x08014030      0x646 ./X-CUBE-AI/App/aiValidation_ST_AI.o
 *fill*         0x08014676        0x2 
 .rodata        0x08014678        0x8 ./X-CUBE-AI/App/app_x-cube-ai.o
 .rodata        0x08014680        0x7 ./X-CUBE-AI/App/lc_print.o
 *fill*         0x08014687        0x1 
 .rodata        0x08014688      0x3a8 ./X-CUBE-AI/App/network.o
 *(.rodata*)
 .rodata.AHBPrescTable
                0x08014a30       0x10 ./Core/Src/system_stm32f4xx.o
                0x08014a30                AHBPrescTable
 .rodata.APBPrescTable
                0x08014a40        0x8 ./Core/Src/system_stm32f4xx.o
                0x08014a40                APBPrescTable
 .rodata.networks
                0x08014a48       0x68 ./X-CUBE-AI/App/app_x-cube-ai.o
 .rodata.__compound_literal.0
                0x08014ab0       0x10 ./X-CUBE-AI/App/network.o
 .rodata.__compound_literal.1
                0x08014ac0        0x4 ./X-CUBE-AI/App/network.o
 .rodata.__compound_literal.2
                0x08014ac4        0x2 ./X-CUBE-AI/App/network.o
 *fill*         0x08014ac6        0x2 
 .rodata.__compound_literal.3
                0x08014ac8       0x10 ./X-CUBE-AI/App/network.o
 .rodata.__compound_literal.4
                0x08014ad8        0x4 ./X-CUBE-AI/App/network.o
 .rodata.__compound_literal.5
                0x08014adc        0x2 ./X-CUBE-AI/App/network.o
 *fill*         0x08014ade        0x2 
 .rodata.__compound_literal.6
                0x08014ae0       0x10 ./X-CUBE-AI/App/network.o
 .rodata.__compound_literal.7
                0x08014af0        0x4 ./X-CUBE-AI/App/network.o
 .rodata.__compound_literal.8
                0x08014af4        0x2 ./X-CUBE-AI/App/network.o
 *fill*         0x08014af6        0x2 
 .rodata.__compound_literal.9
                0x08014af8       0x10 ./X-CUBE-AI/App/network.o
 .rodata.__compound_literal.10
                0x08014b08        0x4 ./X-CUBE-AI/App/network.o
 .rodata.__compound_literal.11
                0x08014b0c        0x2 ./X-CUBE-AI/App/network.o
 *fill*         0x08014b0e        0x2 
 .rodata.__compound_literal.12
                0x08014b10       0x10 ./X-CUBE-AI/App/network.o
 .rodata.__compound_literal.13
                0x08014b20        0x4 ./X-CUBE-AI/App/network.o
 .rodata.__compound_literal.14
                0x08014b24        0x2 ./X-CUBE-AI/App/network.o
 *fill*         0x08014b26        0x2 
 .rodata.__compound_literal.15
                0x08014b28       0x14 ./X-CUBE-AI/App/network.o
 .rodata.__compound_literal.16
                0x08014b3c        0x4 ./X-CUBE-AI/App/network.o
 .rodata.__compound_literal.17
                0x08014b40        0x2 ./X-CUBE-AI/App/network.o
 *fill*         0x08014b42        0x2 
 .rodata.__compound_literal.18
                0x08014b44       0x10 ./X-CUBE-AI/App/network.o
 .rodata.__compound_literal.19
                0x08014b54        0x4 ./X-CUBE-AI/App/network.o
 .rodata.__compound_literal.20
                0x08014b58        0x2 ./X-CUBE-AI/App/network.o
 *fill*         0x08014b5a        0x2 
 .rodata.__compound_literal.21
                0x08014b5c       0x10 ./X-CUBE-AI/App/network.o
 .rodata.__compound_literal.22
                0x08014b6c        0x4 ./X-CUBE-AI/App/network.o
 .rodata.__compound_literal.23
                0x08014b70        0x2 ./X-CUBE-AI/App/network.o
 *fill*         0x08014b72        0x2 
 .rodata.__compound_literal.24
                0x08014b74       0x10 ./X-CUBE-AI/App/network.o
 .rodata.__compound_literal.25
                0x08014b84        0x4 ./X-CUBE-AI/App/network.o
 .rodata.__compound_literal.26
                0x08014b88        0x2 ./X-CUBE-AI/App/network.o
 *fill*         0x08014b8a        0x2 
 .rodata.__compound_literal.27
                0x08014b8c       0x10 ./X-CUBE-AI/App/network.o
 .rodata.__compound_literal.28
                0x08014b9c        0x4 ./X-CUBE-AI/App/network.o
 .rodata.__compound_literal.29
                0x08014ba0        0x2 ./X-CUBE-AI/App/network.o
 *fill*         0x08014ba2        0x2 
 .rodata.__compound_literal.30
                0x08014ba4       0x10 ./X-CUBE-AI/App/network.o
 .rodata.__compound_literal.31
                0x08014bb4        0x4 ./X-CUBE-AI/App/network.o
 .rodata.__compound_literal.32
                0x08014bb8        0x2 ./X-CUBE-AI/App/network.o
 *fill*         0x08014bba        0x2 
 .rodata.__compound_literal.33
                0x08014bbc       0x10 ./X-CUBE-AI/App/network.o
 .rodata.__compound_literal.34
                0x08014bcc        0x4 ./X-CUBE-AI/App/network.o
 .rodata.__compound_literal.35
                0x08014bd0        0x2 ./X-CUBE-AI/App/network.o
 *fill*         0x08014bd2        0x2 
 .rodata.__compound_literal.36
                0x08014bd4       0x14 ./X-CUBE-AI/App/network.o
 .rodata.__compound_literal.37
                0x08014be8        0x4 ./X-CUBE-AI/App/network.o
 .rodata.__compound_literal.38
                0x08014bec        0x2 ./X-CUBE-AI/App/network.o
 *fill*         0x08014bee        0x2 
 .rodata.__compound_literal.39
                0x08014bf0       0x10 ./X-CUBE-AI/App/network.o
 .rodata.__compound_literal.40
                0x08014c00        0x4 ./X-CUBE-AI/App/network.o
 .rodata.__compound_literal.41
                0x08014c04        0x2 ./X-CUBE-AI/App/network.o
 *fill*         0x08014c06        0x2 
 .rodata.__compound_literal.42
                0x08014c08       0x10 ./X-CUBE-AI/App/network.o
 .rodata.__compound_literal.43
                0x08014c18        0x4 ./X-CUBE-AI/App/network.o
 .rodata.__compound_literal.44
                0x08014c1c        0x2 ./X-CUBE-AI/App/network.o
 *fill*         0x08014c1e        0x2 
 .rodata.__compound_literal.45
                0x08014c20       0x10 ./X-CUBE-AI/App/network.o
 .rodata.__compound_literal.46
                0x08014c30        0x4 ./X-CUBE-AI/App/network.o
 .rodata.__compound_literal.47
                0x08014c34        0x2 ./X-CUBE-AI/App/network.o
 *fill*         0x08014c36        0x2 
 .rodata.__compound_literal.48
                0x08014c38       0x10 ./X-CUBE-AI/App/network.o
 .rodata.__compound_literal.49
                0x08014c48        0x4 ./X-CUBE-AI/App/network.o
 .rodata.__compound_literal.50
                0x08014c4c        0x2 ./X-CUBE-AI/App/network.o
 *fill*         0x08014c4e        0x2 
 .rodata.__compound_literal.51
                0x08014c50       0x10 ./X-CUBE-AI/App/network.o
 .rodata.__compound_literal.52
                0x08014c60        0x4 ./X-CUBE-AI/App/network.o
 .rodata.__compound_literal.53
                0x08014c64        0x2 ./X-CUBE-AI/App/network.o
 *fill*         0x08014c66        0x2 
 .rodata.__compound_literal.54
                0x08014c68       0x10 ./X-CUBE-AI/App/network.o
 .rodata.__compound_literal.55
                0x08014c78        0x4 ./X-CUBE-AI/App/network.o
 .rodata.__compound_literal.56
                0x08014c7c        0x2 ./X-CUBE-AI/App/network.o
 *fill*         0x08014c7e        0x2 
 .rodata.__compound_literal.57
                0x08014c80       0x10 ./X-CUBE-AI/App/network.o
 .rodata.__compound_literal.58
                0x08014c90        0x4 ./X-CUBE-AI/App/network.o
 .rodata.__compound_literal.59
                0x08014c94        0x2 ./X-CUBE-AI/App/network.o
 *fill*         0x08014c96        0x2 
 .rodata.__compound_literal.60
                0x08014c98       0x14 ./X-CUBE-AI/App/network.o
 .rodata.__compound_literal.61
                0x08014cac        0x4 ./X-CUBE-AI/App/network.o
 .rodata.__compound_literal.62
                0x08014cb0        0x2 ./X-CUBE-AI/App/network.o
 *fill*         0x08014cb2        0x2 
 .rodata.__compound_literal.63
                0x08014cb4       0x10 ./X-CUBE-AI/App/network.o
 .rodata.__compound_literal.64
                0x08014cc4        0x4 ./X-CUBE-AI/App/network.o
 .rodata.__compound_literal.65
                0x08014cc8        0x2 ./X-CUBE-AI/App/network.o
 *fill*         0x08014cca        0x2 
 .rodata.__compound_literal.66
                0x08014ccc       0x10 ./X-CUBE-AI/App/network.o
 .rodata.__compound_literal.67
                0x08014cdc        0x4 ./X-CUBE-AI/App/network.o
 .rodata.__compound_literal.68
                0x08014ce0        0x2 ./X-CUBE-AI/App/network.o
 *fill*         0x08014ce2        0x2 
 .rodata.__compound_literal.69
                0x08014ce4       0x10 ./X-CUBE-AI/App/network.o
 .rodata.__compound_literal.70
                0x08014cf4        0x4 ./X-CUBE-AI/App/network.o
 .rodata.__compound_literal.71
                0x08014cf8        0x2 ./X-CUBE-AI/App/network.o
 *fill*         0x08014cfa        0x2 
 .rodata.__compound_literal.72
                0x08014cfc       0x10 ./X-CUBE-AI/App/network.o
 .rodata.__compound_literal.73
                0x08014d0c        0x4 ./X-CUBE-AI/App/network.o
 .rodata.__compound_literal.74
                0x08014d10        0x2 ./X-CUBE-AI/App/network.o
 *fill*         0x08014d12        0x2 
 .rodata.__compound_literal.75
                0x08014d14       0x10 ./X-CUBE-AI/App/network.o
 .rodata.__compound_literal.76
                0x08014d24        0x4 ./X-CUBE-AI/App/network.o
 .rodata.__compound_literal.77
                0x08014d28        0x2 ./X-CUBE-AI/App/network.o
 *fill*         0x08014d2a        0x2 
 .rodata.__compound_literal.78
                0x08014d2c       0x10 ./X-CUBE-AI/App/network.o
 .rodata.__compound_literal.79
                0x08014d3c        0x4 ./X-CUBE-AI/App/network.o
 .rodata.__compound_literal.80
                0x08014d40        0x2 ./X-CUBE-AI/App/network.o
 *fill*         0x08014d42        0x2 
 .rodata.__compound_literal.81
                0x08014d44       0x14 ./X-CUBE-AI/App/network.o
 .rodata.__compound_literal.82
                0x08014d58        0x4 ./X-CUBE-AI/App/network.o
 .rodata.__compound_literal.83
                0x08014d5c        0x2 ./X-CUBE-AI/App/network.o
 *fill*         0x08014d5e        0x2 
 .rodata.__compound_literal.84
                0x08014d60       0x10 ./X-CUBE-AI/App/network.o
 .rodata.__compound_literal.85
                0x08014d70        0x4 ./X-CUBE-AI/App/network.o
 .rodata.__compound_literal.86
                0x08014d74        0x2 ./X-CUBE-AI/App/network.o
 *fill*         0x08014d76        0x2 
 .rodata.__compound_literal.87
                0x08014d78       0x10 ./X-CUBE-AI/App/network.o
 .rodata.__compound_literal.88
                0x08014d88        0x4 ./X-CUBE-AI/App/network.o
 .rodata.__compound_literal.89
                0x08014d8c        0x2 ./X-CUBE-AI/App/network.o
 *fill*         0x08014d8e        0x2 
 .rodata.__compound_literal.90
                0x08014d90       0x10 ./X-CUBE-AI/App/network.o
 .rodata.__compound_literal.91
                0x08014da0        0x4 ./X-CUBE-AI/App/network.o
 .rodata.__compound_literal.92
                0x08014da4        0x2 ./X-CUBE-AI/App/network.o
 *fill*         0x08014da6        0x2 
 .rodata.__compound_literal.93
                0x08014da8       0x10 ./X-CUBE-AI/App/network.o
 .rodata.__compound_literal.94
                0x08014db8        0x4 ./X-CUBE-AI/App/network.o
 .rodata.__compound_literal.95
                0x08014dbc        0x2 ./X-CUBE-AI/App/network.o
 *fill*         0x08014dbe        0x2 
 .rodata.__compound_literal.96
                0x08014dc0       0x10 ./X-CUBE-AI/App/network.o
 .rodata.__compound_literal.97
                0x08014dd0        0x4 ./X-CUBE-AI/App/network.o
 .rodata.__compound_literal.98
                0x08014dd4        0x2 ./X-CUBE-AI/App/network.o
 *fill*         0x08014dd6        0x2 
 .rodata.__compound_literal.99
                0x08014dd8       0x10 ./X-CUBE-AI/App/network.o
 .rodata.__compound_literal.100
                0x08014de8        0x4 ./X-CUBE-AI/App/network.o
 .rodata.__compound_literal.101
                0x08014dec        0x2 ./X-CUBE-AI/App/network.o
 *fill*         0x08014dee        0x2 
 .rodata.__compound_literal.102
                0x08014df0        0x8 ./X-CUBE-AI/App/network.o
 .rodata.__compound_literal.103
                0x08014df8        0x4 ./X-CUBE-AI/App/network.o
 .rodata.__compound_literal.104
                0x08014dfc        0x2 ./X-CUBE-AI/App/network.o
 *fill*         0x08014dfe        0x2 
 .rodata.__compound_literal.105
                0x08014e00        0x8 ./X-CUBE-AI/App/network.o
 .rodata.__compound_literal.106
                0x08014e08        0x4 ./X-CUBE-AI/App/network.o
 .rodata.__compound_literal.107
                0x08014e0c        0x2 ./X-CUBE-AI/App/network.o
 *fill*         0x08014e0e        0x2 
 .rodata.__compound_literal.108
                0x08014e10      0x5a0 ./X-CUBE-AI/App/network.o
 .rodata.__compound_literal.109
                0x080153b0        0x4 ./X-CUBE-AI/App/network.o
 .rodata.__compound_literal.110
                0x080153b4        0x4 ./X-CUBE-AI/App/network.o
 .rodata.__compound_literal.111
                0x080153b8        0x4 ./X-CUBE-AI/App/network.o
 .rodata.__compound_literal.112
                0x080153bc        0x4 ./X-CUBE-AI/App/network.o
 .rodata.__compound_literal.113
                0x080153c0        0x4 ./X-CUBE-AI/App/network.o
 .rodata.__compound_literal.114
                0x080153c4        0x4 ./X-CUBE-AI/App/network.o
 .rodata.__compound_literal.115
                0x080153c8        0x4 ./X-CUBE-AI/App/network.o
 .rodata.__compound_literal.116
                0x080153cc        0x4 ./X-CUBE-AI/App/network.o
 .rodata.__compound_literal.117
                0x080153d0        0x4 ./X-CUBE-AI/App/network.o
 .rodata.__compound_literal.118
                0x080153d4        0x4 ./X-CUBE-AI/App/network.o
 .rodata.__compound_literal.119
                0x080153d8        0x4 ./X-CUBE-AI/App/network.o
 .rodata.__compound_literal.120
                0x080153dc        0x4 ./X-CUBE-AI/App/network.o
 .rodata.__compound_literal.121
                0x080153e0        0x4 ./X-CUBE-AI/App/network.o
 .rodata.__compound_literal.122
                0x080153e4        0x4 ./X-CUBE-AI/App/network.o
 .rodata.__compound_literal.123
                0x080153e8        0x4 ./X-CUBE-AI/App/network.o
 .rodata.__compound_literal.124
                0x080153ec        0x4 ./X-CUBE-AI/App/network.o
 .rodata.__compound_literal.125
                0x080153f0        0x8 ./X-CUBE-AI/App/network.o
 .rodata.__compound_literal.126
                0x080153f8        0x4 ./X-CUBE-AI/App/network.o
 .rodata.__compound_literal.127
                0x080153fc        0x4 ./X-CUBE-AI/App/network.o
 .rodata.__compound_literal.128
                0x08015400        0x4 ./X-CUBE-AI/App/network.o
 .rodata.__compound_literal.129
                0x08015404        0x4 ./X-CUBE-AI/App/network.o
 .rodata.__compound_literal.130
                0x08015408        0x4 ./X-CUBE-AI/App/network.o
 .rodata.__compound_literal.131
                0x0801540c        0x4 ./X-CUBE-AI/App/network.o
 .rodata.__compound_literal.132
                0x08015410        0x4 ./X-CUBE-AI/App/network.o
 .rodata.__compound_literal.133
                0x08015414        0x4 ./X-CUBE-AI/App/network.o
 .rodata.__compound_literal.134
                0x08015418        0x4 ./X-CUBE-AI/App/network.o
 .rodata.__compound_literal.135
                0x0801541c        0x4 ./X-CUBE-AI/App/network.o
 .rodata.__compound_literal.136
                0x08015420        0x4 ./X-CUBE-AI/App/network.o
 .rodata.__compound_literal.137
                0x08015424        0x4 ./X-CUBE-AI/App/network.o
 .rodata.__compound_literal.138
                0x08015428        0x4 ./X-CUBE-AI/App/network.o
 .rodata.__compound_literal.139
                0x0801542c        0x8 ./X-CUBE-AI/App/network.o
 .rodata.__compound_literal.140
                0x08015434        0x4 ./X-CUBE-AI/App/network.o
 .rodata.__compound_literal.141
                0x08015438        0x4 ./X-CUBE-AI/App/network.o
 .rodata.__compound_literal.142
                0x0801543c        0x4 ./X-CUBE-AI/App/network.o
 .rodata.__compound_literal.143
                0x08015440        0x4 ./X-CUBE-AI/App/network.o
 .rodata.__compound_literal.144
                0x08015444        0x4 ./X-CUBE-AI/App/network.o
 .rodata.__compound_literal.145
                0x08015448        0x4 ./X-CUBE-AI/App/network.o
 .rodata.__compound_literal.146
                0x0801544c        0x4 ./X-CUBE-AI/App/network.o
 .rodata.__compound_literal.147
                0x08015450        0x4 ./X-CUBE-AI/App/network.o
 .rodata.__compound_literal.148
                0x08015454        0x4 ./X-CUBE-AI/App/network.o
 .rodata.__compound_literal.149
                0x08015458        0x4 ./X-CUBE-AI/App/network.o
 .rodata.__compound_literal.150
                0x0801545c        0x4 ./X-CUBE-AI/App/network.o
 .rodata.__compound_literal.151
                0x08015460        0x4 ./X-CUBE-AI/App/network.o
 .rodata.__compound_literal.152
                0x08015464        0x4 ./X-CUBE-AI/App/network.o
 .rodata.__compound_literal.153
                0x08015468        0x4 ./X-CUBE-AI/App/network.o
 .rodata.__compound_literal.154
                0x0801546c        0x4 ./X-CUBE-AI/App/network.o
 .rodata.__compound_literal.155
                0x08015470        0x8 ./X-CUBE-AI/App/network.o
 .rodata.__compound_literal.156
                0x08015478        0x4 ./X-CUBE-AI/App/network.o
 .rodata.__compound_literal.157
                0x0801547c        0x4 ./X-CUBE-AI/App/network.o
 .rodata.__compound_literal.158
                0x08015480        0x4 ./X-CUBE-AI/App/network.o
 .rodata.__compound_literal.159
                0x08015484        0x4 ./X-CUBE-AI/App/network.o
 .rodata.__compound_literal.160
                0x08015488        0x4 ./X-CUBE-AI/App/network.o
 .rodata.__compound_literal.161
                0x0801548c        0x4 ./X-CUBE-AI/App/network.o
 .rodata.__compound_literal.162
                0x08015490        0x4 ./X-CUBE-AI/App/network.o
 .rodata.__compound_literal.163
                0x08015494        0x4 ./X-CUBE-AI/App/network.o
 .rodata.__compound_literal.164
                0x08015498        0x4 ./X-CUBE-AI/App/network.o
 .rodata.__compound_literal.165
                0x0801549c        0x4 ./X-CUBE-AI/App/network.o
 .rodata.__compound_literal.166
                0x080154a0        0x4 ./X-CUBE-AI/App/network.o
 .rodata.__compound_literal.167
                0x080154a4        0x4 ./X-CUBE-AI/App/network.o
 .rodata.__compound_literal.168
                0x080154a8        0x4 ./X-CUBE-AI/App/network.o
 .rodata.__compound_literal.169
                0x080154ac        0x8 ./X-CUBE-AI/App/network.o
 .rodata.__compound_literal.170
                0x080154b4        0x4 ./X-CUBE-AI/App/network.o
 .rodata.__compound_literal.171
                0x080154b8        0x4 ./X-CUBE-AI/App/network.o
 .rodata.__compound_literal.172
                0x080154bc        0x4 ./X-CUBE-AI/App/network.o
 .rodata.__compound_literal.173
                0x080154c0        0x4 ./X-CUBE-AI/App/network.o
 .rodata.__compound_literal.174
                0x080154c4        0x4 ./X-CUBE-AI/App/network.o
 .rodata.__compound_literal.175
                0x080154c8        0x4 ./X-CUBE-AI/App/network.o
 .rodata.__compound_literal.176
                0x080154cc        0x4 ./X-CUBE-AI/App/network.o
 .rodata.__compound_literal.177
                0x080154d0        0x4 ./X-CUBE-AI/App/network.o
 .rodata.__compound_literal.178
                0x080154d4        0x4 ./X-CUBE-AI/App/network.o
 .rodata.__compound_literal.179
                0x080154d8      0x348 ./X-CUBE-AI/App/network.o
 .rodata.g_network_details
                0x08015820        0xc ./X-CUBE-AI/App/network.o
                0x08015820                g_network_details
 *fill*         0x0801582c        0x4 
 .rodata.g_network_info
                0x08015830       0x50 ./X-CUBE-AI/App/network.o
 .rodata.__compound_literal.221
                0x08015880        0x4 ./X-CUBE-AI/App/network.o
 .rodata.__compound_literal.222
                0x08015884        0x1 ./X-CUBE-AI/App/network.o
 *fill*         0x08015885        0x3 
 .rodata.__compound_literal.223
                0x08015888        0x8 ./X-CUBE-AI/App/network.o
 .rodata.__compound_literal.224
                0x08015890        0x4 ./X-CUBE-AI/App/network.o
 .rodata.__compound_literal.225
                0x08015894        0x1 ./X-CUBE-AI/App/network.o
 *fill*         0x08015895        0x3 
 .rodata.__compound_literal.226
                0x08015898        0x8 ./X-CUBE-AI/App/network.o
 .rodata.__compound_literal.227
                0x080158a0        0x4 ./X-CUBE-AI/App/network.o
 .rodata.__compound_literal.228
                0x080158a4        0x1 ./X-CUBE-AI/App/network.o
 *fill*         0x080158a5        0x3 
 .rodata.__compound_literal.229
                0x080158a8        0x8 ./X-CUBE-AI/App/network.o
 .rodata.__compound_literal.230
                0x080158b0        0x4 ./X-CUBE-AI/App/network.o
 .rodata.__compound_literal.231
                0x080158b4        0x1 ./X-CUBE-AI/App/network.o
 *fill*         0x080158b5        0x3 
 .rodata.__compound_literal.232
                0x080158b8        0x8 ./X-CUBE-AI/App/network.o
 .rodata.__compound_literal.233
                0x080158c0        0x4 ./X-CUBE-AI/App/network.o
 .rodata.__compound_literal.234
                0x080158c4        0x1 ./X-CUBE-AI/App/network.o
 *fill*         0x080158c5        0x3 
 .rodata.__compound_literal.235
                0x080158c8        0x8 ./X-CUBE-AI/App/network.o
 .rodata.__compound_literal.236
                0x080158d0        0x4 ./X-CUBE-AI/App/network.o
 .rodata.__compound_literal.237
                0x080158d4        0x1 ./X-CUBE-AI/App/network.o
 *fill*         0x080158d5        0x3 
 .rodata.__compound_literal.238
                0x080158d8        0x8 ./X-CUBE-AI/App/network.o
 .rodata.__compound_literal.239
                0x080158e0        0x4 ./X-CUBE-AI/App/network.o
 .rodata.__compound_literal.240
                0x080158e4        0x1 ./X-CUBE-AI/App/network.o
 *fill*         0x080158e5        0x3 
 .rodata.__compound_literal.241
                0x080158e8        0x8 ./X-CUBE-AI/App/network.o
 .rodata.__compound_literal.242
                0x080158f0        0x4 ./X-CUBE-AI/App/network.o
 .rodata.__compound_literal.243
                0x080158f4        0x1 ./X-CUBE-AI/App/network.o
 *fill*         0x080158f5        0x3 
 .rodata.__compound_literal.244
                0x080158f8        0x8 ./X-CUBE-AI/App/network.o
 .rodata.__compound_literal.245
                0x08015900        0x4 ./X-CUBE-AI/App/network.o
 .rodata.__compound_literal.246
                0x08015904        0x1 ./X-CUBE-AI/App/network.o
 *fill*         0x08015905        0x3 
 .rodata.__compound_literal.247
                0x08015908        0x8 ./X-CUBE-AI/App/network.o
 .rodata.__compound_literal.248
                0x08015910        0x4 ./X-CUBE-AI/App/network.o
 .rodata.__compound_literal.249
                0x08015914        0x1 ./X-CUBE-AI/App/network.o
 *fill*         0x08015915        0x3 
 .rodata.__compound_literal.250
                0x08015918        0x8 ./X-CUBE-AI/App/network.o
 .rodata.__compound_literal.251
                0x08015920        0x4 ./X-CUBE-AI/App/network.o
 .rodata.__compound_literal.252
                0x08015924        0x1 ./X-CUBE-AI/App/network.o
 *fill*         0x08015925        0x3 
 .rodata.__compound_literal.253
                0x08015928        0x8 ./X-CUBE-AI/App/network.o
 .rodata.__compound_literal.254
                0x08015930        0x4 ./X-CUBE-AI/App/network.o
 .rodata.__compound_literal.255
                0x08015934        0x1 ./X-CUBE-AI/App/network.o
 *fill*         0x08015935        0x3 
 .rodata.__compound_literal.256
                0x08015938        0x8 ./X-CUBE-AI/App/network.o
 .rodata.__compound_literal.257
                0x08015940        0x4 ./X-CUBE-AI/App/network.o
 .rodata.__compound_literal.258
                0x08015944        0x1 ./X-CUBE-AI/App/network.o
 *fill*         0x08015945        0x3 
 .rodata.__compound_literal.259
                0x08015948        0x8 ./X-CUBE-AI/App/network.o
 .rodata.__compound_literal.260
                0x08015950        0x4 ./X-CUBE-AI/App/network.o
 .rodata.__compound_literal.261
                0x08015954        0x1 ./X-CUBE-AI/App/network.o