../X-CUBE-AI/App/network.c:456:6:_stai_network_check	24	static
../X-CUBE-AI/App/network.c:488:18:stai_network_init	24	static
../X-CUBE-AI/App/network.c:530:18:stai_network_deinit	24	static
../X-CUBE-AI/App/network.c:1028:6:forward_lite_conv2d_0	48	static
../X-CUBE-AI/App/network.c:1046:6:forward_lite_concat_5	56	static
../X-CUBE-AI/App/network.c:1058:6:forward_lite_concat_9	56	static
../X-CUBE-AI/App/network.c:1070:6:forward_lite_concat_14	56	static
../X-CUBE-AI/App/network.c:1082:6:forward_lite_concat_18	56	static
../X-CUBE-AI/App/network.c:1094:6:forward_lite_pool_20	48	static
../X-CUBE-AI/App/network.c:1319:18:stai_network_run	984	static
../X-CUBE-AI/App/network.c:1624:11:stai_network_get_context_size	4	static
../X-CUBE-AI/App/network.c:1631:18:stai_network_get_info	24	static
../X-CUBE-AI/App/network.c:1647:18:stai_network_get_activations	32	static
../X-CUBE-AI/App/network.c:1662:18:stai_network_get_weights	32	static
../X-CUBE-AI/App/network.c:1676:18:stai_network_get_inputs	32	static
../X-CUBE-AI/App/network.c:1690:18:stai_network_get_outputs	32	static
../X-CUBE-AI/App/network.c:1704:18:stai_network_get_error	24	static
../X-CUBE-AI/App/network.c:1715:18:stai_network_get_states	32	static
../X-CUBE-AI/App/network.c:1732:18:stai_network_set_activations	40	static
../X-CUBE-AI/App/network.c:1762:18:stai_network_set_weights	144	static
../X-CUBE-AI/App/network.c:1786:18:stai_network_set_inputs	40	static
../X-CUBE-AI/App/network.c:1813:18:stai_network_set_outputs	40	static
../X-CUBE-AI/App/network.c:1840:18:stai_network_set_states	32	static
../X-CUBE-AI/App/network.c:1854:18:stai_network_set_callback	32	static
